[CALLER: utils.js:501:59 | MS: 1613693881550 | DATE: 2/19/2021, 12:18:01 AM]
-------------------------------------------------------
TypeError: Cannot read property 'channels' of undefined
EXTRA INFO:
Promise {
  <rejected> TypeError: Cannot read property 'channels' of undefined
      at Object.getStatusPlaceholders (/home/container/modules/utils.js:501:59)
      at /home/container/modules/database.js:985:52
      at new Promise (<anonymous>)
      at Object.setStatus (/home/container/modules/database.js:982:24)
      at Timeout._onTimeout (/home/container/events/ready.js:34:36)
}
-------------------------------------------------------
[CALLER: utils.js:501:59 | MS: 1613693886549 | DATE: 2/19/2021, 12:18:06 AM]
-------------------------------------------------------
TypeError: Cannot read property 'channels' of undefined
EXTRA INFO:
Promise {
  <rejected> TypeError: Cannot read property 'channels' of undefined
      at Object.getStatusPlaceholders (/home/container/modules/utils.js:501:59)
      at /home/container/modules/database.js:985:52
      at new Promise (<anonymous>)
      at Object.setStatus (/home/container/modules/database.js:982:24)
      at Timeout._onTimeout (/home/container/events/ready.js:34:36)
}
-------------------------------------------------------
[CALLER: utils.js:501:59 | MS: 1613693891549 | DATE: 2/19/2021, 12:18:11 AM]
-------------------------------------------------------
TypeError: Cannot read property 'channels' of undefined
EXTRA INFO:
Promise {
  <rejected> TypeError: Cannot read property 'channels' of undefined
      at Object.getStatusPlaceholders (/home/container/modules/utils.js:501:59)
      at /home/container/modules/database.js:985:52
      at new Promise (<anonymous>)
      at Object.setStatus (/home/container/modules/database.js:982:24)
      at Timeout._onTimeout (/home/container/events/ready.js:34:36)
}
-------------------------------------------------------
[CALLER: utils.js:501:59 | MS: 1613693896554 | DATE: 2/19/2021, 12:18:16 AM]
-------------------------------------------------------
TypeError: Cannot read property 'channels' of undefined
EXTRA INFO:
Promise {
  <rejected> TypeError: Cannot read property 'channels' of undefined
      at Object.getStatusPlaceholders (/home/container/modules/utils.js:501:59)
      at /home/container/modules/database.js:985:52
      at new Promise (<anonymous>)
      at Object.setStatus (/home/container/modules/database.js:982:24)
      at Timeout._onTimeout (/home/container/events/ready.js:34:36)
}
-------------------------------------------------------
[CALLER: utils.js:501:59 | MS: 1613693901559 | DATE: 2/19/2021, 12:18:21 AM]
-------------------------------------------------------
TypeError: Cannot read property 'channels' of undefined
EXTRA INFO:
Promise {
  <rejected> TypeError: Cannot read property 'channels' of undefined
      at Object.getStatusPlaceholders (/home/container/modules/utils.js:501:59)
      at /home/container/modules/database.js:985:52
      at new Promise (<anonymous>)
      at Object.setStatus (/home/container/modules/database.js:982:24)
      at Timeout._onTimeout (/home/container/events/ready.js:34:36)
}
-------------------------------------------------------
[CALLER: utils.js:501:59 | MS: 1613693906562 | DATE: 2/19/2021, 12:18:26 AM]
-------------------------------------------------------
TypeError: Cannot read property 'channels' of undefined
EXTRA INFO:
Promise {
  <rejected> TypeError: Cannot read property 'channels' of undefined
      at Object.getStatusPlaceholders (/home/container/modules/utils.js:501:59)
      at /home/container/modules/database.js:985:52
      at new Promise (<anonymous>)
      at Object.setStatus (/home/container/modules/database.js:982:24)
      at Timeout._onTimeout (/home/container/events/ready.js:34:36)
}
-------------------------------------------------------
[CALLER: utils.js:501:59 | MS: 1613693911566 | DATE: 2/19/2021, 12:18:31 AM]
-------------------------------------------------------
TypeError: Cannot read property 'channels' of undefined
EXTRA INFO:
Promise {
  <rejected> TypeError: Cannot read property 'channels' of undefined
      at Object.getStatusPlaceholders (/home/container/modules/utils.js:501:59)
      at /home/container/modules/database.js:985:52
      at new Promise (<anonymous>)
      at Object.setStatus (/home/container/modules/database.js:982:24)
      at Timeout._onTimeout (/home/container/events/ready.js:34:36)
}
-------------------------------------------------------
[CALLER: utils.js:501:59 | MS: 1613693916570 | DATE: 2/19/2021, 12:18:36 AM]
-------------------------------------------------------
TypeError: Cannot read property 'channels' of undefined
EXTRA INFO:
Promise {
  <rejected> TypeError: Cannot read property 'channels' of undefined
      at Object.getStatusPlaceholders (/home/container/modules/utils.js:501:59)
      at /home/container/modules/database.js:985:52
      at new Promise (<anonymous>)
      at Object.setStatus (/home/container/modules/database.js:982:24)
      at Timeout._onTimeout (/home/container/events/ready.js:34:36)
}
-------------------------------------------------------
[CALLER: utils.js:501:59 | MS: 1613693921574 | DATE: 2/19/2021, 12:18:41 AM]
-------------------------------------------------------
TypeError: Cannot read property 'channels' of undefined
EXTRA INFO:
Promise {
  <rejected> TypeError: Cannot read property 'channels' of undefined
      at Object.getStatusPlaceholders (/home/container/modules/utils.js:501:59)
      at /home/container/modules/database.js:985:52
      at new Promise (<anonymous>)
      at Object.setStatus (/home/container/modules/database.js:982:24)
      at Timeout._onTimeout (/home/container/events/ready.js:34:36)
}
-------------------------------------------------------
[CALLER: utils.js:501:59 | MS: 1613693926579 | DATE: 2/19/2021, 12:18:46 AM]
-------------------------------------------------------
TypeError: Cannot read property 'channels' of undefined
EXTRA INFO:
Promise {
  <rejected> TypeError: Cannot read property 'channels' of undefined
      at Object.getStatusPlaceholders (/home/container/modules/utils.js:501:59)
      at /home/container/modules/database.js:985:52
      at new Promise (<anonymous>)
      at Object.setStatus (/home/container/modules/database.js:982:24)
      at Timeout._onTimeout (/home/container/events/ready.js:34:36)
}
-------------------------------------------------------
[CALLER: utils.js:501:59 | MS: 1613693931584 | DATE: 2/19/2021, 12:18:51 AM]
-------------------------------------------------------
TypeError: Cannot read property 'channels' of undefined
EXTRA INFO:
Promise {
  <rejected> TypeError: Cannot read property 'channels' of undefined
      at Object.getStatusPlaceholders (/home/container/modules/utils.js:501:59)
      at /home/container/modules/database.js:985:52
      at new Promise (<anonymous>)
      at Object.setStatus (/home/container/modules/database.js:982:24)
      at Timeout._onTimeout (/home/container/events/ready.js:34:36)
}
-------------------------------------------------------
[CALLER: utils.js:501:59 | MS: 1613693936577 | DATE: 2/19/2021, 12:18:56 AM]
-------------------------------------------------------
TypeError: Cannot read property 'channels' of undefined
EXTRA INFO:
Promise {
  <rejected> TypeError: Cannot read property 'channels' of undefined
      at Object.getStatusPlaceholders (/home/container/modules/utils.js:501:59)
      at Timeout._onTimeout (/home/container/modules/handlers/StatusHandler.js:104:47)
}
-------------------------------------------------------
[CALLER: utils.js:501:59 | MS: 1613693936584 | DATE: 2/19/2021, 12:18:56 AM]
-------------------------------------------------------
TypeError: Cannot read property 'channels' of undefined
EXTRA INFO:
Promise {
  <rejected> TypeError: Cannot read property 'channels' of undefined
      at Object.getStatusPlaceholders (/home/container/modules/utils.js:501:59)
      at /home/container/modules/database.js:985:52
      at new Promise (<anonymous>)
      at Object.setStatus (/home/container/modules/database.js:982:24)
      at Timeout._onTimeout (/home/container/events/ready.js:34:36)
}
-------------------------------------------------------
[CALLER: utils.js:501:59 | MS: 1613693941586 | DATE: 2/19/2021, 12:19:01 AM]
-------------------------------------------------------
TypeError: Cannot read property 'channels' of undefined
EXTRA INFO:
Promise {
  <rejected> TypeError: Cannot read property 'channels' of undefined
      at Object.getStatusPlaceholders (/home/container/modules/utils.js:501:59)
      at /home/container/modules/database.js:985:52
      at new Promise (<anonymous>)
      at Object.setStatus (/home/container/modules/database.js:982:24)
      at Timeout._onTimeout (/home/container/events/ready.js:34:36)
}
-------------------------------------------------------
[CALLER: utils.js:501:59 | MS: 1613693946590 | DATE: 2/19/2021, 12:19:06 AM]
-------------------------------------------------------
TypeError: Cannot read property 'channels' of undefined
EXTRA INFO:
Promise {
  <rejected> TypeError: Cannot read property 'channels' of undefined
      at Object.getStatusPlaceholders (/home/container/modules/utils.js:501:59)
      at /home/container/modules/database.js:985:52
      at new Promise (<anonymous>)
      at Object.setStatus (/home/container/modules/database.js:982:24)
      at Timeout._onTimeout (/home/container/events/ready.js:34:36)
}
-------------------------------------------------------
[CALLER: utils.js:501:59 | MS: 1613693951595 | DATE: 2/19/2021, 12:19:11 AM]
-------------------------------------------------------
TypeError: Cannot read property 'channels' of undefined
EXTRA INFO:
Promise {
  <rejected> TypeError: Cannot read property 'channels' of undefined
      at Object.getStatusPlaceholders (/home/container/modules/utils.js:501:59)
      at /home/container/modules/database.js:985:52
      at new Promise (<anonymous>)
      at Object.setStatus (/home/container/modules/database.js:982:24)
      at Timeout._onTimeout (/home/container/events/ready.js:34:36)
}
-------------------------------------------------------
[CALLER: utils.js:501:59 | MS: 1613693956600 | DATE: 2/19/2021, 12:19:16 AM]
-------------------------------------------------------
TypeError: Cannot read property 'channels' of undefined
EXTRA INFO:
Promise {
  <rejected> TypeError: Cannot read property 'channels' of undefined
      at Object.getStatusPlaceholders (/home/container/modules/utils.js:501:59)
      at /home/container/modules/database.js:985:52
      at new Promise (<anonymous>)
      at Object.setStatus (/home/container/modules/database.js:982:24)
      at Timeout._onTimeout (/home/container/events/ready.js:34:36)
}
-------------------------------------------------------
[CALLER: utils.js:501:59 | MS: 1613693961603 | DATE: 2/19/2021, 12:19:21 AM]
-------------------------------------------------------
TypeError: Cannot read property 'channels' of undefined
EXTRA INFO:
Promise {
  <rejected> TypeError: Cannot read property 'channels' of undefined
      at Object.getStatusPlaceholders (/home/container/modules/utils.js:501:59)
      at /home/container/modules/database.js:985:52
      at new Promise (<anonymous>)
      at Object.setStatus (/home/container/modules/database.js:982:24)
      at Timeout._onTimeout (/home/container/events/ready.js:34:36)
}
-------------------------------------------------------
[CALLER: utils.js:501:59 | MS: 1613693966608 | DATE: 2/19/2021, 12:19:26 AM]
-------------------------------------------------------
TypeError: Cannot read property 'channels' of undefined
EXTRA INFO:
Promise {
  <rejected> TypeError: Cannot read property 'channels' of undefined
      at Object.getStatusPlaceholders (/home/container/modules/utils.js:501:59)
      at /home/container/modules/database.js:985:52
      at new Promise (<anonymous>)
      at Object.setStatus (/home/container/modules/database.js:982:24)
      at Timeout._onTimeout (/home/container/events/ready.js:34:36)
}
-------------------------------------------------------
[CALLER: utils.js:501:59 | MS: 1613693971610 | DATE: 2/19/2021, 12:19:31 AM]
-------------------------------------------------------
TypeError: Cannot read property 'channels' of undefined
EXTRA INFO:
Promise {
  <rejected> TypeError: Cannot read property 'channels' of undefined
      at Object.getStatusPlaceholders (/home/container/modules/utils.js:501:59)
      at /home/container/modules/database.js:985:52
      at new Promise (<anonymous>)
      at Object.setStatus (/home/container/modules/database.js:982:24)
      at Timeout._onTimeout (/home/container/events/ready.js:34:36)
}
-------------------------------------------------------
[CALLER: utils.js:501:59 | MS: 1613693976615 | DATE: 2/19/2021, 12:19:36 AM]
-------------------------------------------------------
TypeError: Cannot read property 'channels' of undefined
EXTRA INFO:
Promise {
  <rejected> TypeError: Cannot read property 'channels' of undefined
      at Object.getStatusPlaceholders (/home/container/modules/utils.js:501:59)
      at /home/container/modules/database.js:985:52
      at new Promise (<anonymous>)
      at Object.setStatus (/home/container/modules/database.js:982:24)
      at Timeout._onTimeout (/home/container/events/ready.js:34:36)
}
-------------------------------------------------------
[CALLER: utils.js:501:59 | MS: 1613693981620 | DATE: 2/19/2021, 12:19:41 AM]
-------------------------------------------------------
TypeError: Cannot read property 'channels' of undefined
EXTRA INFO:
Promise {
  <rejected> TypeError: Cannot read property 'channels' of undefined
      at Object.getStatusPlaceholders (/home/container/modules/utils.js:501:59)
      at /home/container/modules/database.js:985:52
      at new Promise (<anonymous>)
      at Object.setStatus (/home/container/modules/database.js:982:24)
      at Timeout._onTimeout (/home/container/events/ready.js:34:36)
}
-------------------------------------------------------
[CALLER: utils.js:501:59 | MS: 1613693986621 | DATE: 2/19/2021, 12:19:46 AM]
-------------------------------------------------------
TypeError: Cannot read property 'channels' of undefined
EXTRA INFO:
Promise {
  <rejected> TypeError: Cannot read property 'channels' of undefined
      at Object.getStatusPlaceholders (/home/container/modules/utils.js:501:59)
      at /home/container/modules/database.js:985:52
      at new Promise (<anonymous>)
      at Object.setStatus (/home/container/modules/database.js:982:24)
      at Timeout._onTimeout (/home/container/events/ready.js:34:36)
}
-------------------------------------------------------
[CALLER: utils.js:501:59 | MS: 1613693991626 | DATE: 2/19/2021, 12:19:51 AM]
-------------------------------------------------------
TypeError: Cannot read property 'channels' of undefined
EXTRA INFO:
Promise {
  <rejected> TypeError: Cannot read property 'channels' of undefined
      at Object.getStatusPlaceholders (/home/container/modules/utils.js:501:59)
      at /home/container/modules/database.js:985:52
      at new Promise (<anonymous>)
      at Object.setStatus (/home/container/modules/database.js:982:24)
      at Timeout._onTimeout (/home/container/events/ready.js:34:36)
}
-------------------------------------------------------
[CALLER: utils.js:501:59 | MS: 1613693996577 | DATE: 2/19/2021, 12:19:56 AM]
-------------------------------------------------------
TypeError: Cannot read property 'channels' of undefined
EXTRA INFO:
Promise {
  <rejected> TypeError: Cannot read property 'channels' of undefined
      at Object.getStatusPlaceholders (/home/container/modules/utils.js:501:59)
      at Timeout._onTimeout (/home/container/modules/handlers/StatusHandler.js:104:47)
}
-------------------------------------------------------
[CALLER: utils.js:501:59 | MS: 1613693996626 | DATE: 2/19/2021, 12:19:56 AM]
-------------------------------------------------------
TypeError: Cannot read property 'channels' of undefined
EXTRA INFO:
Promise {
  <rejected> TypeError: Cannot read property 'channels' of undefined
      at Object.getStatusPlaceholders (/home/container/modules/utils.js:501:59)
      at /home/container/modules/database.js:985:52
      at new Promise (<anonymous>)
      at Object.setStatus (/home/container/modules/database.js:982:24)
      at Timeout._onTimeout (/home/container/events/ready.js:34:36)
}
-------------------------------------------------------
[CALLER: utils.js:501:59 | MS: 1613694001628 | DATE: 2/19/2021, 12:20:01 AM]
-------------------------------------------------------
TypeError: Cannot read property 'channels' of undefined
EXTRA INFO:
Promise {
  <rejected> TypeError: Cannot read property 'channels' of undefined
      at Object.getStatusPlaceholders (/home/container/modules/utils.js:501:59)
      at /home/container/modules/database.js:985:52
      at new Promise (<anonymous>)
      at Object.setStatus (/home/container/modules/database.js:982:24)
      at Timeout._onTimeout (/home/container/events/ready.js:34:36)
}
-------------------------------------------------------
[CALLER: utils.js:501:59 | MS: 1613694006630 | DATE: 2/19/2021, 12:20:06 AM]
-------------------------------------------------------
TypeError: Cannot read property 'channels' of undefined
EXTRA INFO:
Promise {
  <rejected> TypeError: Cannot read property 'channels' of undefined
      at Object.getStatusPlaceholders (/home/container/modules/utils.js:501:59)
      at /home/container/modules/database.js:985:52
      at new Promise (<anonymous>)
      at Object.setStatus (/home/container/modules/database.js:982:24)
      at Timeout._onTimeout (/home/container/events/ready.js:34:36)
}
-------------------------------------------------------
[CALLER: utils.js:501:59 | MS: 1613694011633 | DATE: 2/19/2021, 12:20:11 AM]
-------------------------------------------------------
TypeError: Cannot read property 'channels' of undefined
EXTRA INFO:
Promise {
  <rejected> TypeError: Cannot read property 'channels' of undefined
      at Object.getStatusPlaceholders (/home/container/modules/utils.js:501:59)
      at /home/container/modules/database.js:985:52
      at new Promise (<anonymous>)
      at Object.setStatus (/home/container/modules/database.js:982:24)
      at Timeout._onTimeout (/home/container/events/ready.js:34:36)
}
-------------------------------------------------------
[CALLER: utils.js:501:59 | MS: 1613694016636 | DATE: 2/19/2021, 12:20:16 AM]
-------------------------------------------------------
TypeError: Cannot read property 'channels' of undefined
EXTRA INFO:
Promise {
  <rejected> TypeError: Cannot read property 'channels' of undefined
      at Object.getStatusPlaceholders (/home/container/modules/utils.js:501:59)
      at /home/container/modules/database.js:985:52
      at new Promise (<anonymous>)
      at Object.setStatus (/home/container/modules/database.js:982:24)
      at Timeout._onTimeout (/home/container/events/ready.js:34:36)
}
-------------------------------------------------------
[CALLER: utils.js:501:59 | MS: 1613694021638 | DATE: 2/19/2021, 12:20:21 AM]
-------------------------------------------------------
TypeError: Cannot read property 'channels' of undefined
EXTRA INFO:
Promise {
  <rejected> TypeError: Cannot read property 'channels' of undefined
      at Object.getStatusPlaceholders (/home/container/modules/utils.js:501:59)
      at /home/container/modules/database.js:985:52
      at new Promise (<anonymous>)
      at Object.setStatus (/home/container/modules/database.js:982:24)
      at Timeout._onTimeout (/home/container/events/ready.js:34:36)
}
-------------------------------------------------------
[CALLER: utils.js:501:59 | MS: 1613694026642 | DATE: 2/19/2021, 12:20:26 AM]
-------------------------------------------------------
TypeError: Cannot read property 'channels' of undefined
EXTRA INFO:
Promise {
  <rejected> TypeError: Cannot read property 'channels' of undefined
      at Object.getStatusPlaceholders (/home/container/modules/utils.js:501:59)
      at /home/container/modules/database.js:985:52
      at new Promise (<anonymous>)
      at Object.setStatus (/home/container/modules/database.js:982:24)
      at Timeout._onTimeout (/home/container/events/ready.js:34:36)
}
-------------------------------------------------------
[CALLER: utils.js:501:59 | MS: 1613694031648 | DATE: 2/19/2021, 12:20:31 AM]
-------------------------------------------------------
TypeError: Cannot read property 'channels' of undefined
EXTRA INFO:
Promise {
  <rejected> TypeError: Cannot read property 'channels' of undefined
      at Object.getStatusPlaceholders (/home/container/modules/utils.js:501:59)
      at /home/container/modules/database.js:985:52
      at new Promise (<anonymous>)
      at Object.setStatus (/home/container/modules/database.js:982:24)
      at Timeout._onTimeout (/home/container/events/ready.js:34:36)
}
-------------------------------------------------------
[CALLER: utils.js:501:59 | MS: 1613694036654 | DATE: 2/19/2021, 12:20:36 AM]
-------------------------------------------------------
TypeError: Cannot read property 'channels' of undefined
EXTRA INFO:
Promise {
  <rejected> TypeError: Cannot read property 'channels' of undefined
      at Object.getStatusPlaceholders (/home/container/modules/utils.js:501:59)
      at /home/container/modules/database.js:985:52
      at new Promise (<anonymous>)
      at Object.setStatus (/home/container/modules/database.js:982:24)
      at Timeout._onTimeout (/home/container/events/ready.js:34:36)
}
-------------------------------------------------------
[CALLER: utils.js:501:59 | MS: 1613694041655 | DATE: 2/19/2021, 12:20:41 AM]
-------------------------------------------------------
TypeError: Cannot read property 'channels' of undefined
EXTRA INFO:
Promise {
  <rejected> TypeError: Cannot read property 'channels' of undefined
      at Object.getStatusPlaceholders (/home/container/modules/utils.js:501:59)
      at /home/container/modules/database.js:985:52
      at new Promise (<anonymous>)
      at Object.setStatus (/home/container/modules/database.js:982:24)
      at Timeout._onTimeout (/home/container/events/ready.js:34:36)
}
-------------------------------------------------------
[CALLER: utils.js:501:59 | MS: 1613694046660 | DATE: 2/19/2021, 12:20:46 AM]
-------------------------------------------------------
TypeError: Cannot read property 'channels' of undefined
EXTRA INFO:
Promise {
  <rejected> TypeError: Cannot read property 'channels' of undefined
      at Object.getStatusPlaceholders (/home/container/modules/utils.js:501:59)
      at /home/container/modules/database.js:985:52
      at new Promise (<anonymous>)
      at Object.setStatus (/home/container/modules/database.js:982:24)
      at Timeout._onTimeout (/home/container/events/ready.js:34:36)
}
-------------------------------------------------------
[CALLER: utils.js:501:59 | MS: 1613694051667 | DATE: 2/19/2021, 12:20:51 AM]
-------------------------------------------------------
TypeError: Cannot read property 'channels' of undefined
EXTRA INFO:
Promise {
  <rejected> TypeError: Cannot read property 'channels' of undefined
      at Object.getStatusPlaceholders (/home/container/modules/utils.js:501:59)
      at /home/container/modules/database.js:985:52
      at new Promise (<anonymous>)
      at Object.setStatus (/home/container/modules/database.js:982:24)
      at Timeout._onTimeout (/home/container/events/ready.js:34:36)
}
-------------------------------------------------------
[CALLER: utils.js:501:59 | MS: 1613694056577 | DATE: 2/19/2021, 12:20:56 AM]
-------------------------------------------------------
TypeError: Cannot read property 'channels' of undefined
EXTRA INFO:
Promise {
  <rejected> TypeError: Cannot read property 'channels' of undefined
      at Object.getStatusPlaceholders (/home/container/modules/utils.js:501:59)
      at Timeout._onTimeout (/home/container/modules/handlers/StatusHandler.js:104:47)
}
-------------------------------------------------------
[CALLER: utils.js:501:59 | MS: 1613694056665 | DATE: 2/19/2021, 12:20:56 AM]
-------------------------------------------------------
TypeError: Cannot read property 'channels' of undefined
EXTRA INFO:
Promise {
  <rejected> TypeError: Cannot read property 'channels' of undefined
      at Object.getStatusPlaceholders (/home/container/modules/utils.js:501:59)
      at /home/container/modules/database.js:985:52
      at new Promise (<anonymous>)
      at Object.setStatus (/home/container/modules/database.js:982:24)
      at Timeout._onTimeout (/home/container/events/ready.js:34:36)
}
-------------------------------------------------------
[CALLER: utils.js:501:59 | MS: 1613694061670 | DATE: 2/19/2021, 12:21:01 AM]
-------------------------------------------------------
TypeError: Cannot read property 'channels' of undefined
EXTRA INFO:
Promise {
  <rejected> TypeError: Cannot read property 'channels' of undefined
      at Object.getStatusPlaceholders (/home/container/modules/utils.js:501:59)
      at /home/container/modules/database.js:985:52
      at new Promise (<anonymous>)
      at Object.setStatus (/home/container/modules/database.js:982:24)
      at Timeout._onTimeout (/home/container/events/ready.js:34:36)
}
-------------------------------------------------------
[CALLER: utils.js:501:59 | MS: 1613694066675 | DATE: 2/19/2021, 12:21:06 AM]
-------------------------------------------------------
TypeError: Cannot read property 'channels' of undefined
EXTRA INFO:
Promise {
  <rejected> TypeError: Cannot read property 'channels' of undefined
      at Object.getStatusPlaceholders (/home/container/modules/utils.js:501:59)
      at /home/container/modules/database.js:985:52
      at new Promise (<anonymous>)
      at Object.setStatus (/home/container/modules/database.js:982:24)
      at Timeout._onTimeout (/home/container/events/ready.js:34:36)
}
-------------------------------------------------------
[CALLER: utils.js:501:59 | MS: 1613694071681 | DATE: 2/19/2021, 12:21:11 AM]
-------------------------------------------------------
TypeError: Cannot read property 'channels' of undefined
EXTRA INFO:
Promise {
  <rejected> TypeError: Cannot read property 'channels' of undefined
      at Object.getStatusPlaceholders (/home/container/modules/utils.js:501:59)
      at /home/container/modules/database.js:985:52
      at new Promise (<anonymous>)
      at Object.setStatus (/home/container/modules/database.js:982:24)
      at Timeout._onTimeout (/home/container/events/ready.js:34:36)
}
-------------------------------------------------------
[CALLER: utils.js:501:59 | MS: 1613694076685 | DATE: 2/19/2021, 12:21:16 AM]
-------------------------------------------------------
TypeError: Cannot read property 'channels' of undefined
EXTRA INFO:
Promise {
  <rejected> TypeError: Cannot read property 'channels' of undefined
      at Object.getStatusPlaceholders (/home/container/modules/utils.js:501:59)
      at /home/container/modules/database.js:985:52
      at new Promise (<anonymous>)
      at Object.setStatus (/home/container/modules/database.js:982:24)
      at Timeout._onTimeout (/home/container/events/ready.js:34:36)
}
-------------------------------------------------------
[CALLER: utils.js:501:59 | MS: 1613694081690 | DATE: 2/19/2021, 12:21:21 AM]
-------------------------------------------------------
TypeError: Cannot read property 'channels' of undefined
EXTRA INFO:
Promise {
  <rejected> TypeError: Cannot read property 'channels' of undefined
      at Object.getStatusPlaceholders (/home/container/modules/utils.js:501:59)
      at /home/container/modules/database.js:985:52
      at new Promise (<anonymous>)
      at Object.setStatus (/home/container/modules/database.js:982:24)
      at Timeout._onTimeout (/home/container/events/ready.js:34:36)
}
-------------------------------------------------------
[CALLER: utils.js:501:59 | MS: 1613694086694 | DATE: 2/19/2021, 12:21:26 AM]
-------------------------------------------------------
TypeError: Cannot read property 'channels' of undefined
EXTRA INFO:
Promise {
  <rejected> TypeError: Cannot read property 'channels' of undefined
      at Object.getStatusPlaceholders (/home/container/modules/utils.js:501:59)
      at /home/container/modules/database.js:985:52
      at new Promise (<anonymous>)
      at Object.setStatus (/home/container/modules/database.js:982:24)
      at Timeout._onTimeout (/home/container/events/ready.js:34:36)
}
-------------------------------------------------------
[CALLER: utils.js:501:59 | MS: 1613694091700 | DATE: 2/19/2021, 12:21:31 AM]
-------------------------------------------------------
TypeError: Cannot read property 'channels' of undefined
EXTRA INFO:
Promise {
  <rejected> TypeError: Cannot read property 'channels' of undefined
      at Object.getStatusPlaceholders (/home/container/modules/utils.js:501:59)
      at /home/container/modules/database.js:985:52
      at new Promise (<anonymous>)
      at Object.setStatus (/home/container/modules/database.js:982:24)
      at Timeout._onTimeout (/home/container/events/ready.js:34:36)
}
-------------------------------------------------------
[CALLER: utils.js:501:59 | MS: 1613694096706 | DATE: 2/19/2021, 12:21:36 AM]
-------------------------------------------------------
TypeError: Cannot read property 'channels' of undefined
EXTRA INFO:
Promise {
  <rejected> TypeError: Cannot read property 'channels' of undefined
      at Object.getStatusPlaceholders (/home/container/modules/utils.js:501:59)
      at /home/container/modules/database.js:985:52
      at new Promise (<anonymous>)
      at Object.setStatus (/home/container/modules/database.js:982:24)
      at Timeout._onTimeout (/home/container/events/ready.js:34:36)
}
-------------------------------------------------------
[CALLER: utils.js:501:59 | MS: 1613694101705 | DATE: 2/19/2021, 12:21:41 AM]
-------------------------------------------------------
TypeError: Cannot read property 'channels' of undefined
EXTRA INFO:
Promise {
  <rejected> TypeError: Cannot read property 'channels' of undefined
      at Object.getStatusPlaceholders (/home/container/modules/utils.js:501:59)
      at /home/container/modules/database.js:985:52
      at new Promise (<anonymous>)
      at Object.setStatus (/home/container/modules/database.js:982:24)
      at Timeout._onTimeout (/home/container/events/ready.js:34:36)
}
-------------------------------------------------------
[CALLER: utils.js:501:59 | MS: 1613694106711 | DATE: 2/19/2021, 12:21:46 AM]
-------------------------------------------------------
TypeError: Cannot read property 'channels' of undefined
EXTRA INFO:
Promise {
  <rejected> TypeError: Cannot read property 'channels' of undefined
      at Object.getStatusPlaceholders (/home/container/modules/utils.js:501:59)
      at /home/container/modules/database.js:985:52
      at new Promise (<anonymous>)
      at Object.setStatus (/home/container/modules/database.js:982:24)
      at Timeout._onTimeout (/home/container/events/ready.js:34:36)
}
-------------------------------------------------------
[CALLER: utils.js:501:59 | MS: 1613694111715 | DATE: 2/19/2021, 12:21:51 AM]
-------------------------------------------------------
TypeError: Cannot read property 'channels' of undefined
EXTRA INFO:
Promise {
  <rejected> TypeError: Cannot read property 'channels' of undefined
      at Object.getStatusPlaceholders (/home/container/modules/utils.js:501:59)
      at /home/container/modules/database.js:985:52
      at new Promise (<anonymous>)
      at Object.setStatus (/home/container/modules/database.js:982:24)
      at Timeout._onTimeout (/home/container/events/ready.js:34:36)
}
-------------------------------------------------------
[CALLER: utils.js:501:59 | MS: 1613694116577 | DATE: 2/19/2021, 12:21:56 AM]
-------------------------------------------------------
TypeError: Cannot read property 'channels' of undefined
EXTRA INFO:
Promise {
  <rejected> TypeError: Cannot read property 'channels' of undefined
      at Object.getStatusPlaceholders (/home/container/modules/utils.js:501:59)
      at Timeout._onTimeout (/home/container/modules/handlers/StatusHandler.js:104:47)
}
-------------------------------------------------------
[CALLER: utils.js:501:59 | MS: 1613694116715 | DATE: 2/19/2021, 12:21:56 AM]
-------------------------------------------------------
TypeError: Cannot read property 'channels' of undefined
EXTRA INFO:
Promise {
  <rejected> TypeError: Cannot read property 'channels' of undefined
      at Object.getStatusPlaceholders (/home/container/modules/utils.js:501:59)
      at /home/container/modules/database.js:985:52
      at new Promise (<anonymous>)
      at Object.setStatus (/home/container/modules/database.js:982:24)
      at Timeout._onTimeout (/home/container/events/ready.js:34:36)
}
-------------------------------------------------------
[CALLER: utils.js:501:59 | MS: 1613694121721 | DATE: 2/19/2021, 12:22:01 AM]
-------------------------------------------------------
TypeError: Cannot read property 'channels' of undefined
EXTRA INFO:
Promise {
  <rejected> TypeError: Cannot read property 'channels' of undefined
      at Object.getStatusPlaceholders (/home/container/modules/utils.js:501:59)
      at /home/container/modules/database.js:985:52
      at new Promise (<anonymous>)
      at Object.setStatus (/home/container/modules/database.js:982:24)
      at Timeout._onTimeout (/home/container/events/ready.js:34:36)
}
-------------------------------------------------------
[CALLER: utils.js:501:59 | MS: 1613694126722 | DATE: 2/19/2021, 12:22:06 AM]
-------------------------------------------------------
TypeError: Cannot read property 'channels' of undefined
EXTRA INFO:
Promise {
  <rejected> TypeError: Cannot read property 'channels' of undefined
      at Object.getStatusPlaceholders (/home/container/modules/utils.js:501:59)
      at /home/container/modules/database.js:985:52
      at new Promise (<anonymous>)
      at Object.setStatus (/home/container/modules/database.js:982:24)
      at Timeout._onTimeout (/home/container/events/ready.js:34:36)
}
-------------------------------------------------------
[CALLER: utils.js:501:59 | MS: 1613694131726 | DATE: 2/19/2021, 12:22:11 AM]
-------------------------------------------------------
TypeError: Cannot read property 'channels' of undefined
EXTRA INFO:
Promise {
  <rejected> TypeError: Cannot read property 'channels' of undefined
      at Object.getStatusPlaceholders (/home/container/modules/utils.js:501:59)
      at /home/container/modules/database.js:985:52
      at new Promise (<anonymous>)
      at Object.setStatus (/home/container/modules/database.js:982:24)
      at Timeout._onTimeout (/home/container/events/ready.js:34:36)
}
-------------------------------------------------------
[CALLER: utils.js:501:59 | MS: 1613694136731 | DATE: 2/19/2021, 12:22:16 AM]
-------------------------------------------------------
TypeError: Cannot read property 'channels' of undefined
EXTRA INFO:
Promise {
  <rejected> TypeError: Cannot read property 'channels' of undefined
      at Object.getStatusPlaceholders (/home/container/modules/utils.js:501:59)
      at /home/container/modules/database.js:985:52
      at new Promise (<anonymous>)
      at Object.setStatus (/home/container/modules/database.js:982:24)
      at Timeout._onTimeout (/home/container/events/ready.js:34:36)
}
-------------------------------------------------------
[CALLER: utils.js:501:59 | MS: 1613694141736 | DATE: 2/19/2021, 12:22:21 AM]
-------------------------------------------------------
TypeError: Cannot read property 'channels' of undefined
EXTRA INFO:
Promise {
  <rejected> TypeError: Cannot read property 'channels' of undefined
      at Object.getStatusPlaceholders (/home/container/modules/utils.js:501:59)
      at /home/container/modules/database.js:985:52
      at new Promise (<anonymous>)
      at Object.setStatus (/home/container/modules/database.js:982:24)
      at Timeout._onTimeout (/home/container/events/ready.js:34:36)
}
-------------------------------------------------------
[CALLER: utils.js:501:59 | MS: 1613694146741 | DATE: 2/19/2021, 12:22:26 AM]
-------------------------------------------------------
TypeError: Cannot read property 'channels' of undefined
EXTRA INFO:
Promise {
  <rejected> TypeError: Cannot read property 'channels' of undefined
      at Object.getStatusPlaceholders (/home/container/modules/utils.js:501:59)
      at /home/container/modules/database.js:985:52
      at new Promise (<anonymous>)
      at Object.setStatus (/home/container/modules/database.js:982:24)
      at Timeout._onTimeout (/home/container/events/ready.js:34:36)
}
-------------------------------------------------------
[CALLER: utils.js:501:59 | MS: 1613694151747 | DATE: 2/19/2021, 12:22:31 AM]
-------------------------------------------------------
TypeError: Cannot read property 'channels' of undefined
EXTRA INFO:
Promise {
  <rejected> TypeError: Cannot read property 'channels' of undefined
      at Object.getStatusPlaceholders (/home/container/modules/utils.js:501:59)
      at /home/container/modules/database.js:985:52
      at new Promise (<anonymous>)
      at Object.setStatus (/home/container/modules/database.js:982:24)
      at Timeout._onTimeout (/home/container/events/ready.js:34:36)
}
-------------------------------------------------------
[CALLER: utils.js:501:59 | MS: 1613694156750 | DATE: 2/19/2021, 12:22:36 AM]
-------------------------------------------------------
TypeError: Cannot read property 'channels' of undefined
EXTRA INFO:
Promise {
  <rejected> TypeError: Cannot read property 'channels' of undefined
      at Object.getStatusPlaceholders (/home/container/modules/utils.js:501:59)
      at /home/container/modules/database.js:985:52
      at new Promise (<anonymous>)
      at Object.setStatus (/home/container/modules/database.js:982:24)
      at Timeout._onTimeout (/home/container/events/ready.js:34:36)
}
-------------------------------------------------------
[CALLER: Promise {
  <rejected> Error [GUILD_MEMBERS_TIMEOUT]: Members didn't arrive in time.
      at /home/container/node_modules/discord.js/src/managers/GuildMemberManager.js:317:16
      at Timeout._onTimeout (/home/container/node_modules/discord.js/src/client/BaseClient.js:83:7)
      at listOnTimeout (internal/timers.js:554:17)
      at processTimers (internal/timers.js:497:7) {
    [Symbol(code)]: 'GUILD_MEMBERS_TIMEOUT'
  }
} | MS: 1613695743449 | DATE: 2/19/2021, 12:49:03 AM]
-------------------------------------------------------------
Error [GUILD_MEMBERS_TIMEOUT]: Members didn't arrive in time.
EXTRA INFO:
Unknown
-------------------------------------------------------------
[CALLER: Promise {
  <rejected> Error [GUILD_MEMBERS_TIMEOUT]: Members didn't arrive in time.
      at /home/container/node_modules/discord.js/src/managers/GuildMemberManager.js:317:16
      at Timeout._onTimeout (/home/container/node_modules/discord.js/src/client/BaseClient.js:83:7)
      at listOnTimeout (internal/timers.js:554:17)
      at processTimers (internal/timers.js:497:7) {
    [Symbol(code)]: 'GUILD_MEMBERS_TIMEOUT'
  }
} | MS: 1613695922304 | DATE: 2/19/2021, 12:52:02 AM]
-------------------------------------------------------------
Error [GUILD_MEMBERS_TIMEOUT]: Members didn't arrive in time.
EXTRA INFO:
Unknown
-------------------------------------------------------------
[CALLER: Promise {
  <rejected> Error [GUILD_MEMBERS_TIMEOUT]: Members didn't arrive in time.
      at /home/container/node_modules/discord.js/src/managers/GuildMemberManager.js:317:16
      at Timeout._onTimeout (/home/container/node_modules/discord.js/src/client/BaseClient.js:83:7)
      at listOnTimeout (internal/timers.js:554:17)
      at processTimers (internal/timers.js:497:7) {
    [Symbol(code)]: 'GUILD_MEMBERS_TIMEOUT'
  }
} | MS: 1613695982300 | DATE: 2/19/2021, 12:53:02 AM]
-------------------------------------------------------------
Error [GUILD_MEMBERS_TIMEOUT]: Members didn't arrive in time.
EXTRA INFO:
Unknown
-------------------------------------------------------------
[CALLER: generateReport.js:18 | MS: 1613696027163 | DATE: 2/19/2021, 12:53:47 AM]
----------------------------------------------------------------------------------------------------------------------------------------------------------------------------------------------------------------------------------------------------------------------------------------------------------------------------------------------------------------------------------------------------------------------------------------------------------------------------------------------------------------------------------------------------------------------------------------------------------------------------------------------------------------------------------------------------------------------------------------------------------------------------------------------------------------------------------------------------------------------------------------------------------------------------------------------------------------------------------------------------------------------------------------------------------------------------------------------------------------------------------------------------------------------------------------------------------------------------------------------------------------------------------------------------------------------------------------------------------------------------------------------------------------------------------------------------------------------------------------------------------------------------------------------------------------------------------------------
404 - "<br />\n<b>Notice</b>:  Undefined index: HTTP_USER_AGENT in <b>/home/pastebin/public_html/index.php</b> on line <b>19</b><br />\n<!DOCTYPE html PUBLIC \"-//W3C//DTD XHTML 1.0 Strict//EN\"\n\t\"http://www.w3.org/TR/xhtml1/DTD/xhtml1-strict.dtd\">\n\n<html xmlns=\"http://www.w3.org/1999/xhtml\" xml:lang=\"en\" lang=\"en\">\n\n\t<head>\n\t\t<meta http-equiv=\"Content-type\" content=\"text/html; charset=utf-8\" />\n\t\t<title>Pastebin.pl</title>\n\t\t\t\t<link rel=\"stylesheet\" href=\"https://pastebin.pl/themes/default/css/reset.css\" type=\"text/css\" />\n\t\t<link rel=\"stylesheet\" href=\"https://pastebin.pl/themes/default/css/fonts.css\" type=\"text/css\" />\n\t\t<link rel=\"stylesheet\" href=\"https://pastebin.pl/themes/default/css/main.css\" type=\"text/css\" media=\"screen\" title=\"main\" charset=\"utf-8\" />\n\t</head>\n\n\t<body>\n\t\t<div id=\"container\">\n\t\t\t<div class=\"container\">\n\t\t\t\t<div class=\"header\">\n\t\t\t\t\t<h1><a href=\"https://pastebin.pl/\" class=\"title\">Pastebin</a></h1>\n\t\t\t\t</div>\n\t\t\t\t\n\t\t\t\t<div class=\"page\">\n\t\t\t\t\t<div class=\"content\">\n\t\t\t\t\t\t<div class=\"container\">\n\t\t\t\t\t\t\t<h1>404 Page Not Found</h1>\n\t\t\t\t\t\t\t<div class=\"about\">\n\t\t\t\t\t\t\t\t<p>The page you requested was not found.</p>\t\t\t\t\t\t\t\t<p>Woops! We can't find that page, <a href=\"https://pastebin.pl/\">Go Home</a></p>\n\t\t\t\t\t\t\t</div>\n\t\t\t\t\t\t</div>\n\t\t\t\t\t</div>\n\t\t\t\t</div>\n\t\t\t\n\t\t\t</div>\n\t\t</div>\n\t</body>\n</html>\n"
EXTRA INFO:
StatusCodeError: 404 - "<br />\n<b>Notice</b>:  Undefined index: HTTP_USER_AGENT in <b>/home/pastebin/public_html/index.php</b> on line <b>19</b><br />\n<!DOCTYPE html PUBLIC \"-//W3C//DTD XHTML 1.0 Strict//EN\"\n\t\"http://www.w3.org/TR/xhtml1/DTD/xhtml1-strict.dtd\">\n\n<html xmlns=\"http://www.w3.org/1999/xhtml\" xml:lang=\"en\" lang=\"en\">\n\n\t<head>\n\t\t<meta http-equiv=\"Content-type\" content=\"text/html; charset=utf-8\" />\n\t\t<title>Pastebin.pl</title>\n\t\t\t\t<link rel=\"stylesheet\" href=\"https://pastebin.pl/themes/default/css/reset.css\" type=\"text/css\" />\n\t\t<link rel=\"stylesheet\" href=\"https://pastebin.pl/themes/default/css/fonts.css\" type=\"text/css\" />\n\t\t<link rel=\"stylesheet\" href=\"https://pastebin.pl/themes/default/css/main.css\" type=\"text/css\" media=\"screen\" title=\"main\" charset=\"utf-8\" />\n\t</head>\n\n\t<body>\n\t\t<div id=\"container\">\n\t\t\t<div class=\"container\">\n\t\t\t\t<div class=\"header\">\n\t\t\t\t\t<h1><a href=\"https://pastebin.pl/\" class=\"title\">Pastebin</a></h1>\n\t\t\t\t</div>\n\t\t\t\t\n\t\t\t\t<div class=\"page\">\n\t\t\t\t\t<div class=\"content\">\n\t\t\t\t\t\t<div class=\"container\">\n\t\t\t\t\t\t\t<h1>404 Page Not Found</h1>\n\t\t\t\t\t\t\t<div class=\"about\">\n\t\t\t\t\t\t\t\t<p>The page you requested was not found.</p>\t\t\t\t\t\t\t\t<p>Woops! We can't find that page, <a href=\"https://pastebin.pl/\">Go Home</a></p>\n\t\t\t\t\t\t\t</div>\n\t\t\t\t\t\t</div>\n\t\t\t\t\t</div>\n\t\t\t\t</div>\n\t\t\t\n\t\t\t</div>\n\t\t</div>\n\t</body>\n</html>\n"
    at new StatusCodeError (/home/container/node_modules/request-promise-core/lib/errors.js:32:15)
    at Request.plumbing.callback (/home/container/node_modules/request-promise-core/lib/plumbing.js:104:33)
    at Request.RP$callback [as _callback] (/home/container/node_modules/request-promise-core/lib/plumbing.js:46:31)
    at Request.self.callback (/home/container/node_modules/request/request.js:185:22)
    at Request.emit (events.js:314:20)
    at Request.<anonymous> (/home/container/node_modules/request/request.js:1154:10)
    at Request.emit (events.js:314:20)
    at IncomingMessage.<anonymous> (/home/container/node_modules/request/request.js:1076:12)
    at Object.onceWrapper (events.js:420:28)
    at IncomingMessage.emit (events.js:326:22)
    at endReadableNT (_stream_readable.js:1223:12)
    at processTicksAndRejections (internal/process/task_queues.js:84:21)
----------------------------------------------------------------------------------------------------------------------------------------------------------------------------------------------------------------------------------------------------------------------------------------------------------------------------------------------------------------------------------------------------------------------------------------------------------------------------------------------------------------------------------------------------------------------------------------------------------------------------------------------------------------------------------------------------------------------------------------------------------------------------------------------------------------------------------------------------------------------------------------------------------------------------------------------------------------------------------------------------------------------------------------------------------------------------------------------------------------------------------------------------------------------------------------------------------------------------------------------------------------------------------------------------------------------------------------------------------------------------------------------------------------------------------------------------------------------------------------------------------------------------------------------------------------------------------------------
[CALLER: generateReport.js:18 | MS: 1613696109380 | DATE: 2/19/2021, 12:55:09 AM]
--------------------------------------------------------------------------------------------------------------------------------------------------------------------------------------------------------------------------------------------------------------------------------------------------------------------------------------------------------------------------------------------------------------------------------------------------------------------------------------------------------------------------------------------------------------------------------------------------------------------------------------------------------------------------------------------------------------------------------------------------------------------------------------------------------------------------------------------------------------------------------------------------------------------------------------------------------------------------------------------------------------------------------------------------------------------------------------------------------------------------------------------------------------------------------------------------------------------------------------------------------------------------------------------------------------------------------------------------------------------------------------------------------------------------------------------------------------------------------------------------------------------------------------------------------------------------------------------------------------------------------------------------------------------------------------------------------------------------------------------------------------------------------------------------------------------------------------------------------------------------------------------------------------------------------------------------------------------------------------------------------------------------------------------------------------------------------------------------------------------------------------------------------------------------------------------------------------------------------------------------------------------------------------------------------------------------------------------------------------------------------------------------------------------------------------------------------------------------------------------------------------------------------------------------------------------------------------------------------------------------------------------------------------------------------------------------------------------------------------------------------------------------------------------------------------------------------------------------------------------------------------------------------------------------------------------------------------------------------------------------------------------------------------------------------------------------------------------------------------------------------------------------------------------------------------------------------------------------------------------------------------------------------------------------------------------------------------------------------------------------------------------------------------------------------------------------------------------------------------------------------------------------------------------------------------------------------------------------------------------------------------------------------------------------------------------------------------------------------------------------------------------------------------------------------------------------------------------------------------------------------------------------------------------------------------------------------------------------------------------------------------------------------------------------------------------------------------------------------------------------------------------------------------------------------------------------------------------------------------------------------------------------------------------------------------------------------------------------------------------------------------------------------------------------------------------------------------------------------------------------------------------------------------------------------------------------------------------------------------------------------------------------------------------------------------------------------------------------------------------------------------------------------------------------------------------------------------------------------------------------------------------------------------------------------------------------------------------------------------------------------------------------------------------------------------------------------------------------------------------------------------------------------------------------------------------------------------------------------------------------------------------------------------------------------------------------------------------------------------------------------------------------------------------------------------------------------------------------------------------------------------------------------------------------------------------------------------------------------------------------------------------------------------------------------------------------------------------------------------------------------------------------------------------------------------------------------------------------------------------------------------------------------------------------------------------------------------------------------------------------------------------------------------------------------------------------------------------------------------------------------------------------------------------------------------------------------------------------------------------------------------------------------------------------------------------------------------------------------------------------------------------------------------------------------------------------------------------------------------------------------------------------------------------------------------------------------------------------------------------------------------------------------------------------------------------------------------------------------------------------------------------------------------------------------------------------------------------------------------------------------------------------------------------------------------------------------------------------------------------------------------------------------------------------------------------------------------------------------------------------------------------------------------------------------------------------------------------------------------------------------------------------------------------------------------------------------------------------------------------------------------------------------------------------------------------------------------------------------------------------------------------------------------------------------------------------------------------------------------------------------------------------------------------------------------------------------------------------------------------------------------------------------------------------------------------------------------------------------------------------------------------------------------------------------------------------------------------------------------------------------------------------------------------------------------------------------------------------------------------------------------------------------------------------------------------------------------------------------------------------------------------------------------------------------------------------------------------------------------------------------------------------------------------------------------------------------------------------------------------------------------------------------------------------------------------------------------------------------------------------------------------------------------------------------------------------------------------------------------------------------------------------------
404 - "<!DOCTYPE html>\n<html lang=\"en\">\n\n<head>\n  <meta charset=\"utf-8\">\n  <title>0bin - encrypted pastebin</title>\n  <meta name=\"viewport\" content=\"width=device-width, initial-scale=1, minimum-scale=1, maximum-scale=1\">\n  <meta name=\"description\" content=\"0bin is a client-side-encrypted alternative pastebin. You can store code/text/images online for a set period of time and share with the world. Featuring burn after reading, history, clipboard.\">\n\n  <link rel=\"icon\" href=\"/static/img/favicon.ico\" />\n  <link rel=\"apple-touch-icon\" href=\"/static/img/apple-touch-icon.png\" />\n\n  <link href=\"/static/css/style.min.css?1.0.5\" rel=\"stylesheet\" />\n\n</head>\n\n<body>\n\n  <div id=\"app\" :class=\"{ 'reader-mode-bg': readerMode}\">\n\n    <div :class=\"{'topnav': true, 'reader-mode': readerMode}\" @mouseleave=\"openPreviousPastesMenu =false\">\n      <a class=\"brand\" href=\"/\"><span>ø</span>bin<em>.net</em></a>\n      <span class=\"tagline\">\"A client side encrypted PasteBin\"<br><span>All pastes are AES256 encrypted, we cannot know\n          what you paste...</span>\n      </span>\n\n      <nav>\n        <ul>\n          <li class=\"reader-tools min\" v-if=\"readerMode\">\n            <a href=\"#\" @click.prevent=\"decreaseFontSize()\">\n              <svg height=\"30\" width=\"30\">\n                <text x=\"10\" y=\"20\" fill=\"#eee\">A</text>\n              </svg>\n            </a>\n          </li>\n          <li class=\"reader-tools max\" v-if=\"readerMode\">\n            <a href=\"#\" @click.prevent=\"increaseFontSize()\">\n              <svg height=\"30\" width=\"30\">\n                <text x=\"10\" y=\"20\" fill=\"#eee\">A</text>\n              </svg>\n            </a>\n          </li>\n          <li>\n            <a class=\"reader-book\" href=\"#\" v-if=\"currentPaste.type === 'text'\" @click.prevent=\"toggleReaderMode()\">\n              <svg width=\"1em\" height=\"1em\" viewBox=\"0 0 16 16\" class=\"bi bi-book\" fill=\"currentColor\"\n                xmlns=\"http://www.w3.org/2000/svg\">\n                <path fill-rule=\"evenodd\"\n                  d=\"M3.214 1.072C4.813.752 6.916.71 8.354 2.146A.5.5 0 0 1 8.5 2.5v11a.5.5 0 0 1-.854.354c-.843-.844-2.115-1.059-3.47-.92-1.344.14-2.66.617-3.452 1.013A.5.5 0 0 1 0 13.5v-11a.5.5 0 0 1 .276-.447L.5 2.5l-.224-.447.002-.001.004-.002.013-.006a5.017 5.017 0 0 1 .22-.103 12.958 12.958 0 0 1 2.7-.869zM1 2.82v9.908c.846-.343 1.944-.672 3.074-.788 1.143-.118 2.387-.023 3.426.56V2.718c-1.063-.929-2.631-.956-4.09-.664A11.958 11.958 0 0 0 1 2.82z\" />\n                <path fill-rule=\"evenodd\"\n                  d=\"M12.786 1.072C11.188.752 9.084.71 7.646 2.146A.5.5 0 0 0 7.5 2.5v11a.5.5 0 0 0 .854.354c.843-.844 2.115-1.059 3.47-.92 1.344.14 2.66.617 3.452 1.013A.5.5 0 0 0 16 13.5v-11a.5.5 0 0 0-.276-.447L15.5 2.5l.224-.447-.002-.001-.004-.002-.013-.006-.047-.023a12.582 12.582 0 0 0-.799-.34 12.96 12.96 0 0 0-2.073-.609zM15 2.82v9.908c-.846-.343-1.944-.672-3.074-.788-1.143-.118-2.387-.023-3.426.56V2.718c1.063-.929 2.631-.956 4.09-.664A11.956 11.956 0 0 1 15 2.82z\" />\n              </svg>\n            </a>\n          </li>\n          <li class=\"submenu\"><a href=\"#\" @click.prevent=\"openPreviousPastesMenu = !openPreviousPastesMenu\">Previous\n              pastes <span class=\"caret\"></span></a>\n\n            <ul class=\"previous-pastes\" id=\"topmenu\" v-if=\"openPreviousPastesMenu\">\n              <li class=\"item\" v-if=\"previousPastes.length === 0\">\n                <a href=\"#\">No paste yet</a>\n              </li>\n              <li :class=\"{item: true, active: paste.isCurrent}\" v-for=\"paste in previousPastes\">\n                <a :href=\"paste.link\" @click=\"forceLoad(paste.link)\">{% paste.displayDate %}</a>\n              </li>\n            </ul>\n          </li>\n        </ul>\n      </nav>\n\n    </div>\n\n    <noscript class=\"container noscript\">\n      <p>This pastebin uses client-side encryption. Therefore, it needs JavaScript enabled.</p>\n      <p>It seems like your browser doesn't have JavaScript enable.</p>\n      <p>Please enable JavaScript for this website or use a JavaScript-capable web browser.</p>\n    </noscript>\n\n    <div class=\"container-md\" id=\"wrap-content\">\n\n\n\n      <p :class=\"'alert alert-' + msg.type\" v-for=\"msg in messages\">\n        <a class=\"close\" data-dismiss=\"alert\" href=\"#\" @click.prevent=\"$event.target.parentNode.remove()\">×</a>\n        <strong class=\"title\" v-if=\"msg.title\" v-html=\"msg.title\"></strong>\n        <span class=\"message\" v-html=\"msg.content\"></span>\n        <a v-if=\"msg.action.message\" href=\"#\"\n          @click.once.prevent=\"msg.action.callback($event)\">{% msg.action.message %}</a>\n      </p>\n\n      <div id='main'><p class=\"alert alert-warning alert-dismissible\" :dummy=\"currentPaste.type = 'not_found'\">\n  <a class=\"close\" data-dismiss=\"alert\" href=\"#\" @click.prevent=\"$event.target.parentNode.remove()\">×</a>\n  <strong class=\"title\">404 Error!</strong>\n  <span class=\"message\">\n    Either this paste has expired or this page never existed.\n  </span>\n</p>\n\n<form class=\"well\" method=\"post\" action=\"/paste/create\" @submit.prevent=\"encryptAndSendPaste()\">\n  <div class=\"d-flex justify-content-between\">\n\n    <div>\n      <div class=\"file-upload\" v-if=\"support.fileUpload\">\n        <input type=\"button\" class=\"btn btn-primary\" :value=\"isUploading ? 'Uploading...': 'Upload file'\"\n          :disabled=\"isUploading\">\n        <input type=\"file\" class=\"hide-upload\" id=\"file-upload\" @change=\"handleUpload($event.target.files)\">\n      </div>\n    </div>\n\n    <div class=\"form-group select-date paste-option\">\n      <div class=\"input-group\">\n        <select id=\"expiration\" name=\"expiration\" class=\"custom-select\" v-model=\"newPaste.expiration\">\n          <option value=\"burn_after_reading\">Burn after reading</option>\n          <option selected value=\"1_day\">Expire in 1 day</option>\n          <option value=\"1_month\">Expire in 1 month</option>\n          <option value=\"never\">Never expire</option>\n        </select>\n        <div class=\"input-group-append\">\n          <button type=\"submit\" class=\"btn btn-primary\">Submit</button>\n        </div>\n      </div>\n    </div>\n\n  </div>\n\n  <div  class=\"pre-wrapper\">\n    <div class=\"progress\" v-show=\"isLoading\">\n      <div class=\"progress-bar progress-bar-striped\" role=\"progressbar\"></div>\n    </div>\n    <textarea rows=\"10\" style=\"width:100%;\" class=\"form-control\" id=\"content\" name=\"content\" autofocus\n      @keydown.ctrl.enter=\"encryptAndSendPaste()\"></textarea>\n  </div>\n\n  <div class=\"form-group select-date paste-option down\" v-if=\"displayBottomToolBar\">\n    <div class=\"input-group\">\n      <select id=\"expiration\" name=\"expiration\" class=\"custom-select\" v-model=\"newPaste.expiration\">\n        <option value=\"burn_after_reading\">Burn after reading</option>\n        <option selected value=\"1_day\">Expire in 1 day</option>\n        <option value=\"1_month\">Expire in 1 month</option>\n        <option value=\"never\">Never expire</option>\n      </select>\n      <div class=\"input-group-append\">\n        <button type=\"submit\" class=\"btn btn-primary\">Submit</button>\n      </div>\n    </div>\n  </div>\n\n</form>\n\n\n\n\n</div>\n    </div>\n\n    <footer class=\"footer\">\n      <ul>\n        <li>\n          <a href=\"https://github.com/Tygs/0bin\">Github</a>\n        </li>\n        <li>\n          <a href=\"/faq/\">Faq</a>\n        </li>\n        <li>\n          <span :title='formatEmail(`contact__AT__0bin.net`)' class=\"email-link\">\n            Contact\n          </span>\n        </li>\n        <li>\n          <a href=\"https://www.0bin.net/\">Zerobin Pastebin</a>\n        </li>\n        <li>\n          <a href=\"/buy_bitcoin\">How to buy Bitcoin?</a>\n        </li>\n      </ul>\n\n      <strong>628,397</strong> pastes øbinned\n    </footer>\n\n  </div>\n\n  <script src=\"/static/js/main.min.js?1.0.5\"></script>\n\n  <script type=\"text/javascript\">\n    zerobin.max_size = 1024000;\n  </script>\n\n  <p id=\"alert-template\" class=\"alert-primary\">\n    <a class=\"close\" data-dismiss=\"alert\" href=\"#\">×</a>\n    <strong class=\"title\"></strong>\n    <span class=\"message\"></span>\n  </p>\n\n\n</body>\n\n</html>\n"
EXTRA INFO:
StatusCodeError: 404 - "<!DOCTYPE html>\n<html lang=\"en\">\n\n<head>\n  <meta charset=\"utf-8\">\n  <title>0bin - encrypted pastebin</title>\n  <meta name=\"viewport\" content=\"width=device-width, initial-scale=1, minimum-scale=1, maximum-scale=1\">\n  <meta name=\"description\" content=\"0bin is a client-side-encrypted alternative pastebin. You can store code/text/images online for a set period of time and share with the world. Featuring burn after reading, history, clipboard.\">\n\n  <link rel=\"icon\" href=\"/static/img/favicon.ico\" />\n  <link rel=\"apple-touch-icon\" href=\"/static/img/apple-touch-icon.png\" />\n\n  <link href=\"/static/css/style.min.css?1.0.5\" rel=\"stylesheet\" />\n\n</head>\n\n<body>\n\n  <div id=\"app\" :class=\"{ 'reader-mode-bg': readerMode}\">\n\n    <div :class=\"{'topnav': true, 'reader-mode': readerMode}\" @mouseleave=\"openPreviousPastesMenu =false\">\n      <a class=\"brand\" href=\"/\"><span>ø</span>bin<em>.net</em></a>\n      <span class=\"tagline\">\"A client side encrypted PasteBin\"<br><span>All pastes are AES256 encrypted, we cannot know\n          what you paste...</span>\n      </span>\n\n      <nav>\n        <ul>\n          <li class=\"reader-tools min\" v-if=\"readerMode\">\n            <a href=\"#\" @click.prevent=\"decreaseFontSize()\">\n              <svg height=\"30\" width=\"30\">\n                <text x=\"10\" y=\"20\" fill=\"#eee\">A</text>\n              </svg>\n            </a>\n          </li>\n          <li class=\"reader-tools max\" v-if=\"readerMode\">\n            <a href=\"#\" @click.prevent=\"increaseFontSize()\">\n              <svg height=\"30\" width=\"30\">\n                <text x=\"10\" y=\"20\" fill=\"#eee\">A</text>\n              </svg>\n            </a>\n          </li>\n          <li>\n            <a class=\"reader-book\" href=\"#\" v-if=\"currentPaste.type === 'text'\" @click.prevent=\"toggleReaderMode()\">\n              <svg width=\"1em\" height=\"1em\" viewBox=\"0 0 16 16\" class=\"bi bi-book\" fill=\"currentColor\"\n                xmlns=\"http://www.w3.org/2000/svg\">\n                <path fill-rule=\"evenodd\"\n                  d=\"M3.214 1.072C4.813.752 6.916.71 8.354 2.146A.5.5 0 0 1 8.5 2.5v11a.5.5 0 0 1-.854.354c-.843-.844-2.115-1.059-3.47-.92-1.344.14-2.66.617-3.452 1.013A.5.5 0 0 1 0 13.5v-11a.5.5 0 0 1 .276-.447L.5 2.5l-.224-.447.002-.001.004-.002.013-.006a5.017 5.017 0 0 1 .22-.103 12.958 12.958 0 0 1 2.7-.869zM1 2.82v9.908c.846-.343 1.944-.672 3.074-.788 1.143-.118 2.387-.023 3.426.56V2.718c-1.063-.929-2.631-.956-4.09-.664A11.958 11.958 0 0 0 1 2.82z\" />\n                <path fill-rule=\"evenodd\"\n                  d=\"M12.786 1.072C11.188.752 9.084.71 7.646 2.146A.5.5 0 0 0 7.5 2.5v11a.5.5 0 0 0 .854.354c.843-.844 2.115-1.059 3.47-.92 1.344.14 2.66.617 3.452 1.013A.5.5 0 0 0 16 13.5v-11a.5.5 0 0 0-.276-.447L15.5 2.5l.224-.447-.002-.001-.004-.002-.013-.006-.047-.023a12.582 12.582 0 0 0-.799-.34 12.96 12.96 0 0 0-2.073-.609zM15 2.82v9.908c-.846-.343-1.944-.672-3.074-.788-1.143-.118-2.387-.023-3.426.56V2.718c1.063-.929 2.631-.956 4.09-.664A11.956 11.956 0 0 1 15 2.82z\" />\n              </svg>\n            </a>\n          </li>\n          <li class=\"submenu\"><a href=\"#\" @click.prevent=\"openPreviousPastesMenu = !openPreviousPastesMenu\">Previous\n              pastes <span class=\"caret\"></span></a>\n\n            <ul class=\"previous-pastes\" id=\"topmenu\" v-if=\"openPreviousPastesMenu\">\n              <li class=\"item\" v-if=\"previousPastes.length === 0\">\n                <a href=\"#\">No paste yet</a>\n              </li>\n              <li :class=\"{item: true, active: paste.isCurrent}\" v-for=\"paste in previousPastes\">\n                <a :href=\"paste.link\" @click=\"forceLoad(paste.link)\">{% paste.displayDate %}</a>\n              </li>\n            </ul>\n          </li>\n        </ul>\n      </nav>\n\n    </div>\n\n    <noscript class=\"container noscript\">\n      <p>This pastebin uses client-side encryption. Therefore, it needs JavaScript enabled.</p>\n      <p>It seems like your browser doesn't have JavaScript enable.</p>\n      <p>Please enable JavaScript for this website or use a JavaScript-capable web browser.</p>\n    </noscript>\n\n    <div class=\"container-md\" id=\"wrap-content\">\n\n\n\n      <p :class=\"'alert alert-' + msg.type\" v-for=\"msg in messages\">\n        <a class=\"close\" data-dismiss=\"alert\" href=\"#\" @click.prevent=\"$event.target.parentNode.remove()\">×</a>\n        <strong class=\"title\" v-if=\"msg.title\" v-html=\"msg.title\"></strong>\n        <span class=\"message\" v-html=\"msg.content\"></span>\n        <a v-if=\"msg.action.message\" href=\"#\"\n          @click.once.prevent=\"msg.action.callback($event)\">{% msg.action.message %}</a>\n      </p>\n\n      <div id='main'><p class=\"alert alert-warning alert-dismissible\" :dummy=\"currentPaste.type = 'not_found'\">\n  <a class=\"close\" data-dismiss=\"alert\" href=\"#\" @click.prevent=\"$event.target.parentNode.remove()\">×</a>\n  <strong class=\"title\">404 Error!</strong>\n  <span class=\"message\">\n    Either this paste has expired or this page never existed.\n  </span>\n</p>\n\n<form class=\"well\" method=\"post\" action=\"/paste/create\" @submit.prevent=\"encryptAndSendPaste()\">\n  <div class=\"d-flex justify-content-between\">\n\n    <div>\n      <div class=\"file-upload\" v-if=\"support.fileUpload\">\n        <input type=\"button\" class=\"btn btn-primary\" :value=\"isUploading ? 'Uploading...': 'Upload file'\"\n          :disabled=\"isUploading\">\n        <input type=\"file\" class=\"hide-upload\" id=\"file-upload\" @change=\"handleUpload($event.target.files)\">\n      </div>\n    </div>\n\n    <div class=\"form-group select-date paste-option\">\n      <div class=\"input-group\">\n        <select id=\"expiration\" name=\"expiration\" class=\"custom-select\" v-model=\"newPaste.expiration\">\n          <option value=\"burn_after_reading\">Burn after reading</option>\n          <option selected value=\"1_day\">Expire in 1 day</option>\n          <option value=\"1_month\">Expire in 1 month</option>\n          <option value=\"never\">Never expire</option>\n        </select>\n        <div class=\"input-group-append\">\n          <button type=\"submit\" class=\"btn btn-primary\">Submit</button>\n        </div>\n      </div>\n    </div>\n\n  </div>\n\n  <div  class=\"pre-wrapper\">\n    <div class=\"progress\" v-show=\"isLoading\">\n      <div class=\"progress-bar progress-bar-striped\" role=\"progressbar\"></div>\n    </div>\n    <textarea rows=\"10\" style=\"width:100%;\" class=\"form-control\" id=\"content\" name=\"content\" autofocus\n      @keydown.ctrl.enter=\"encryptAndSendPaste()\"></textarea>\n  </div>\n\n  <div class=\"form-group select-date paste-option down\" v-if=\"displayBottomToolBar\">\n    <div class=\"input-group\">\n      <select id=\"expiration\" name=\"expiration\" class=\"custom-select\" v-model=\"newPaste.expiration\">\n        <option value=\"burn_after_reading\">Burn after reading</option>\n        <option selected value=\"1_day\">Expire in 1 day</option>\n        <option value=\"1_month\">Expire in 1 month</option>\n        <option value=\"never\">Never expire</option>\n      </select>\n      <div class=\"input-group-append\">\n        <button type=\"submit\" class=\"btn btn-primary\">Submit</button>\n      </div>\n    </div>\n  </div>\n\n</form>\n\n\n\n\n</div>\n    </div>\n\n    <footer class=\"footer\">\n      <ul>\n        <li>\n          <a href=\"https://github.com/Tygs/0bin\">Github</a>\n        </li>\n        <li>\n          <a href=\"/faq/\">Faq</a>\n        </li>\n        <li>\n          <span :title='formatEmail(`contact__AT__0bin.net`)' class=\"email-link\">\n            Contact\n          </span>\n        </li>\n        <li>\n          <a href=\"https://www.0bin.net/\">Zerobin Pastebin</a>\n        </li>\n        <li>\n          <a href=\"/buy_bitcoin\">How to buy Bitcoin?</a>\n        </li>\n      </ul>\n\n      <strong>628,397</strong> pastes øbinned\n    </footer>\n\n  </div>\n\n  <script src=\"/static/js/main.min.js?1.0.5\"></script>\n\n  <script type=\"text/javascript\">\n    zerobin.max_size = 1024000;\n  </script>\n\n  <p id=\"alert-template\" class=\"alert-primary\">\n    <a class=\"close\" data-dismiss=\"alert\" href=\"#\">×</a>\n    <strong class=\"title\"></strong>\n    <span class=\"message\"></span>\n  </p>\n\n\n</body>\n\n</html>\n"
    at new StatusCodeError (/home/container/node_modules/request-promise-core/lib/errors.js:32:15)
    at Request.plumbing.callback (/home/container/node_modules/request-promise-core/lib/plumbing.js:104:33)
    at Request.RP$callback [as _callback] (/home/container/node_modules/request-promise-core/lib/plumbing.js:46:31)
    at Request.self.callback (/home/container/node_modules/request/request.js:185:22)
    at Request.emit (events.js:314:20)
    at Request.<anonymous> (/home/container/node_modules/request/request.js:1154:10)
    at Request.emit (events.js:314:20)
    at IncomingMessage.<anonymous> (/home/container/node_modules/request/request.js:1076:12)
    at Object.onceWrapper (events.js:420:28)
    at IncomingMessage.emit (events.js:326:22)
    at endReadableNT (_stream_readable.js:1223:12)
    at processTicksAndRejections (internal/process/task_queues.js:84:21)
--------------------------------------------------------------------------------------------------------------------------------------------------------------------------------------------------------------------------------------------------------------------------------------------------------------------------------------------------------------------------------------------------------------------------------------------------------------------------------------------------------------------------------------------------------------------------------------------------------------------------------------------------------------------------------------------------------------------------------------------------------------------------------------------------------------------------------------------------------------------------------------------------------------------------------------------------------------------------------------------------------------------------------------------------------------------------------------------------------------------------------------------------------------------------------------------------------------------------------------------------------------------------------------------------------------------------------------------------------------------------------------------------------------------------------------------------------------------------------------------------------------------------------------------------------------------------------------------------------------------------------------------------------------------------------------------------------------------------------------------------------------------------------------------------------------------------------------------------------------------------------------------------------------------------------------------------------------------------------------------------------------------------------------------------------------------------------------------------------------------------------------------------------------------------------------------------------------------------------------------------------------------------------------------------------------------------------------------------------------------------------------------------------------------------------------------------------------------------------------------------------------------------------------------------------------------------------------------------------------------------------------------------------------------------------------------------------------------------------------------------------------------------------------------------------------------------------------------------------------------------------------------------------------------------------------------------------------------------------------------------------------------------------------------------------------------------------------------------------------------------------------------------------------------------------------------------------------------------------------------------------------------------------------------------------------------------------------------------------------------------------------------------------------------------------------------------------------------------------------------------------------------------------------------------------------------------------------------------------------------------------------------------------------------------------------------------------------------------------------------------------------------------------------------------------------------------------------------------------------------------------------------------------------------------------------------------------------------------------------------------------------------------------------------------------------------------------------------------------------------------------------------------------------------------------------------------------------------------------------------------------------------------------------------------------------------------------------------------------------------------------------------------------------------------------------------------------------------------------------------------------------------------------------------------------------------------------------------------------------------------------------------------------------------------------------------------------------------------------------------------------------------------------------------------------------------------------------------------------------------------------------------------------------------------------------------------------------------------------------------------------------------------------------------------------------------------------------------------------------------------------------------------------------------------------------------------------------------------------------------------------------------------------------------------------------------------------------------------------------------------------------------------------------------------------------------------------------------------------------------------------------------------------------------------------------------------------------------------------------------------------------------------------------------------------------------------------------------------------------------------------------------------------------------------------------------------------------------------------------------------------------------------------------------------------------------------------------------------------------------------------------------------------------------------------------------------------------------------------------------------------------------------------------------------------------------------------------------------------------------------------------------------------------------------------------------------------------------------------------------------------------------------------------------------------------------------------------------------------------------------------------------------------------------------------------------------------------------------------------------------------------------------------------------------------------------------------------------------------------------------------------------------------------------------------------------------------------------------------------------------------------------------------------------------------------------------------------------------------------------------------------------------------------------------------------------------------------------------------------------------------------------------------------------------------------------------------------------------------------------------------------------------------------------------------------------------------------------------------------------------------------------------------------------------------------------------------------------------------------------------------------------------------------------------------------------------------------------------------------------------------------------------------------------------------------------------------------------------------------------------------------------------------------------------------------------------------------------------------------------------------------------------------------------------------------------------------------------------------------------------------------------------------------------------------------------------------------------------------------------------------------------------------------------------------------------------------------------------------------------------------------------------------------------------------------------------------------------------------------------------------------------------------------------------------------------------------------------------------------------------------------------------------------------------------------------------------------------------------------------------------------------------------------------------------------------------------------------------------------------------------------------------------
[CALLER: Promise {
  <rejected> Error [GUILD_MEMBERS_TIMEOUT]: Members didn't arrive in time.
      at /home/container/node_modules/discord.js/src/managers/GuildMemberManager.js:317:16
      at Timeout._onTimeout (/home/container/node_modules/discord.js/src/client/BaseClient.js:83:7)
      at listOnTimeout (internal/timers.js:554:17)
      at processTimers (internal/timers.js:497:7) {
    [Symbol(code)]: 'GUILD_MEMBERS_TIMEOUT'
  }
} | MS: 1613696308723 | DATE: 2/19/2021, 12:58:28 AM]
-------------------------------------------------------------
Error [GUILD_MEMBERS_TIMEOUT]: Members didn't arrive in time.
EXTRA INFO:
Unknown
-------------------------------------------------------------
[CALLER: Promise {
  <rejected> Error [GUILD_MEMBERS_TIMEOUT]: Members didn't arrive in time.
      at /home/container/node_modules/discord.js/src/managers/GuildMemberManager.js:317:16
      at Timeout._onTimeout (/home/container/node_modules/discord.js/src/client/BaseClient.js:83:7)
      at listOnTimeout (internal/timers.js:554:17)
      at processTimers (internal/timers.js:497:7) {
    [Symbol(code)]: 'GUILD_MEMBERS_TIMEOUT'
  }
} | MS: 1613696368720 | DATE: 2/19/2021, 12:59:28 AM]
-------------------------------------------------------------
Error [GUILD_MEMBERS_TIMEOUT]: Members didn't arrive in time.
EXTRA INFO:
Unknown
-------------------------------------------------------------
[CALLER: Promise {
  <rejected> Error [GUILD_MEMBERS_TIMEOUT]: Members didn't arrive in time.
      at /home/container/node_modules/discord.js/src/managers/GuildMemberManager.js:317:16
      at Timeout._onTimeout (/home/container/node_modules/discord.js/src/client/BaseClient.js:83:7)
      at listOnTimeout (internal/timers.js:554:17)
      at processTimers (internal/timers.js:497:7) {
    [Symbol(code)]: 'GUILD_MEMBERS_TIMEOUT'
  }
} | MS: 1613696428726 | DATE: 2/19/2021, 1:00:28 AM]
-------------------------------------------------------------
Error [GUILD_MEMBERS_TIMEOUT]: Members didn't arrive in time.
EXTRA INFO:
Unknown
-------------------------------------------------------------
[CALLER: Promise {
  <rejected> Error [GUILD_MEMBERS_TIMEOUT]: Members didn't arrive in time.
      at /home/container/node_modules/discord.js/src/managers/GuildMemberManager.js:317:16
      at Timeout._onTimeout (/home/container/node_modules/discord.js/src/client/BaseClient.js:83:7)
      at listOnTimeout (internal/timers.js:554:17)
      at processTimers (internal/timers.js:497:7) {
    [Symbol(code)]: 'GUILD_MEMBERS_TIMEOUT'
  }
} | MS: 1613696488727 | DATE: 2/19/2021, 1:01:28 AM]
-------------------------------------------------------------
Error [GUILD_MEMBERS_TIMEOUT]: Members didn't arrive in time.
EXTRA INFO:
Unknown
-------------------------------------------------------------
[CALLER: Promise {
  <rejected> Error [GUILD_MEMBERS_TIMEOUT]: Members didn't arrive in time.
      at /home/container/node_modules/discord.js/src/managers/GuildMemberManager.js:317:16
      at Timeout._onTimeout (/home/container/node_modules/discord.js/src/client/BaseClient.js:83:7)
      at listOnTimeout (internal/timers.js:554:17)
      at processTimers (internal/timers.js:497:7) {
    [Symbol(code)]: 'GUILD_MEMBERS_TIMEOUT'
  }
} | MS: 1613696548729 | DATE: 2/19/2021, 1:02:28 AM]
-------------------------------------------------------------
Error [GUILD_MEMBERS_TIMEOUT]: Members didn't arrive in time.
EXTRA INFO:
Unknown
-------------------------------------------------------------
[CALLER: Promise {
  <rejected> Error [GUILD_MEMBERS_TIMEOUT]: Members didn't arrive in time.
      at /home/container/node_modules/discord.js/src/managers/GuildMemberManager.js:317:16
      at Timeout._onTimeout (/home/container/node_modules/discord.js/src/client/BaseClient.js:83:7)
      at listOnTimeout (internal/timers.js:554:17)
      at processTimers (internal/timers.js:497:7) {
    [Symbol(code)]: 'GUILD_MEMBERS_TIMEOUT'
  }
} | MS: 1613696608731 | DATE: 2/19/2021, 1:03:28 AM]
-------------------------------------------------------------
Error [GUILD_MEMBERS_TIMEOUT]: Members didn't arrive in time.
EXTRA INFO:
Unknown
-------------------------------------------------------------
[CALLER: Promise {
  <rejected> Error [GUILD_MEMBERS_TIMEOUT]: Members didn't arrive in time.
      at /home/container/node_modules/discord.js/src/managers/GuildMemberManager.js:317:16
      at Timeout._onTimeout (/home/container/node_modules/discord.js/src/client/BaseClient.js:83:7)
      at listOnTimeout (internal/timers.js:554:17)
      at processTimers (internal/timers.js:497:7) {
    [Symbol(code)]: 'GUILD_MEMBERS_TIMEOUT'
  }
} | MS: 1613696668732 | DATE: 2/19/2021, 1:04:28 AM]
-------------------------------------------------------------
Error [GUILD_MEMBERS_TIMEOUT]: Members didn't arrive in time.
EXTRA INFO:
Unknown
-------------------------------------------------------------
[CALLER: Promise {
  <rejected> Error [GUILD_MEMBERS_TIMEOUT]: Members didn't arrive in time.
      at /home/container/node_modules/discord.js/src/managers/GuildMemberManager.js:317:16
      at Timeout._onTimeout (/home/container/node_modules/discord.js/src/client/BaseClient.js:83:7)
      at listOnTimeout (internal/timers.js:554:17)
      at processTimers (internal/timers.js:497:7) {
    [Symbol(code)]: 'GUILD_MEMBERS_TIMEOUT'
  }
} | MS: 1613696728734 | DATE: 2/19/2021, 1:05:28 AM]
-------------------------------------------------------------
Error [GUILD_MEMBERS_TIMEOUT]: Members didn't arrive in time.
EXTRA INFO:
Unknown
-------------------------------------------------------------
[CALLER: Promise {
  <rejected> Error [GUILD_MEMBERS_TIMEOUT]: Members didn't arrive in time.
      at /home/container/node_modules/discord.js/src/managers/GuildMemberManager.js:317:16
      at Timeout._onTimeout (/home/container/node_modules/discord.js/src/client/BaseClient.js:83:7)
      at listOnTimeout (internal/timers.js:554:17)
      at processTimers (internal/timers.js:497:7) {
    [Symbol(code)]: 'GUILD_MEMBERS_TIMEOUT'
  }
} | MS: 1613696788735 | DATE: 2/19/2021, 1:06:28 AM]
-------------------------------------------------------------
Error [GUILD_MEMBERS_TIMEOUT]: Members didn't arrive in time.
EXTRA INFO:
Unknown
-------------------------------------------------------------
[CALLER: AddonHandler.js:123:44 | MS: 1613696814758 | DATE: 2/19/2021, 1:06:54 AM]
----------------------------------------------------
Cannot find module '../59Utils.js'
Require stack:
- /home/container/addons/AdvancedInvites.js
- /home/container/modules/handlers/AddonHandler.js
- /home/container/commands/management/addon.js
- /home/container/modules/handlers/CommandHandler.js
- /home/container/index.js
EXTRA INFO:
Error: Cannot find module '../59Utils.js'
Require stack:
- /home/container/addons/AdvancedInvites.js
- /home/container/modules/handlers/AddonHandler.js
- /home/container/commands/management/addon.js
- /home/container/modules/handlers/CommandHandler.js
- /home/container/index.js
    at Function.Module._resolveFilename (internal/modules/cjs/loader.js:831:15)
    at Function.Module._load (internal/modules/cjs/loader.js:687:27)
    at Module.require (internal/modules/cjs/loader.js:903:19)
    at require (internal/modules/cjs/helpers.js:74:18)
    at Object.<anonymous> (/home/container/addons/AdvancedInvites.js:7:19)
    at Module._compile (internal/modules/cjs/loader.js:1015:30)
    at Object.Module._extensions..js (internal/modules/cjs/loader.js:1035:10)
    at Module.load (internal/modules/cjs/loader.js:879:32)
    at Function.Module._load (internal/modules/cjs/loader.js:724:14)
    at Module.require (internal/modules/cjs/loader.js:903:19)
    at require (internal/modules/cjs/helpers.js:74:18)
    at /home/container/modules/handlers/AddonHandler.js:112:35
    at Array.forEach (<anonymous>)
    at /home/container/modules/handlers/AddonHandler.js:110:18
    at FSReqCallback.oncomplete (fs.js:156:23)
----------------------------------------------------
[CALLER: Promise {
  <rejected> Error [GUILD_MEMBERS_TIMEOUT]: Members didn't arrive in time.
      at /home/container/node_modules/discord.js/src/managers/GuildMemberManager.js:317:16
      at Timeout._onTimeout (/home/container/node_modules/discord.js/src/client/BaseClient.js:83:7)
      at listOnTimeout (internal/timers.js:554:17)
      at processTimers (internal/timers.js:497:7) {
    [Symbol(code)]: 'GUILD_MEMBERS_TIMEOUT'
  }
} | MS: 1613696848738 | DATE: 2/19/2021, 1:07:28 AM]
-------------------------------------------------------------
Error [GUILD_MEMBERS_TIMEOUT]: Members didn't arrive in time.
EXTRA INFO:
Unknown
-------------------------------------------------------------
[CALLER: AddonHandler.js:123:44 | MS: 1613696901072 | DATE: 2/19/2021, 1:08:21 AM]
----------------------------------------------------
Cannot find module '../59Utils.js'
Require stack:
- /home/container/addons/AdvancedInvites.js
- /home/container/modules/handlers/AddonHandler.js
- /home/container/commands/management/addon.js
- /home/container/modules/handlers/CommandHandler.js
- /home/container/index.js
EXTRA INFO:
Error: Cannot find module '../59Utils.js'
Require stack:
- /home/container/addons/AdvancedInvites.js
- /home/container/modules/handlers/AddonHandler.js
- /home/container/commands/management/addon.js
- /home/container/modules/handlers/CommandHandler.js
- /home/container/index.js
    at Function.Module._resolveFilename (internal/modules/cjs/loader.js:831:15)
    at Function.Module._load (internal/modules/cjs/loader.js:687:27)
    at Module.require (internal/modules/cjs/loader.js:903:19)
    at require (internal/modules/cjs/helpers.js:74:18)
    at Object.<anonymous> (/home/container/addons/AdvancedInvites.js:7:19)
    at Module._compile (internal/modules/cjs/loader.js:1015:30)
    at Object.Module._extensions..js (internal/modules/cjs/loader.js:1035:10)
    at Module.load (internal/modules/cjs/loader.js:879:32)
    at Function.Module._load (internal/modules/cjs/loader.js:724:14)
    at Module.require (internal/modules/cjs/loader.js:903:19)
    at require (internal/modules/cjs/helpers.js:74:18)
    at /home/container/modules/handlers/AddonHandler.js:112:35
    at Array.forEach (<anonymous>)
    at /home/container/modules/handlers/AddonHandler.js:110:18
    at FSReqCallback.oncomplete (fs.js:156:23)
----------------------------------------------------
[CALLER: AddonHandler.js:123:44 | MS: 1613696917469 | DATE: 2/19/2021, 1:08:37 AM]
----------------------------------------------------
Cannot find module '../59Utils.js'
Require stack:
- /home/container/addons/AdvancedInvites.js
- /home/container/modules/handlers/AddonHandler.js
- /home/container/commands/management/addon.js
- /home/container/modules/handlers/CommandHandler.js
- /home/container/index.js
EXTRA INFO:
Error: Cannot find module '../59Utils.js'
Require stack:
- /home/container/addons/AdvancedInvites.js
- /home/container/modules/handlers/AddonHandler.js
- /home/container/commands/management/addon.js
- /home/container/modules/handlers/CommandHandler.js
- /home/container/index.js
    at Function.Module._resolveFilename (internal/modules/cjs/loader.js:831:15)
    at Function.Module._load (internal/modules/cjs/loader.js:687:27)
    at Module.require (internal/modules/cjs/loader.js:903:19)
    at require (internal/modules/cjs/helpers.js:74:18)
    at Object.<anonymous> (/home/container/addons/AdvancedInvites.js:7:19)
    at Module._compile (internal/modules/cjs/loader.js:1015:30)
    at Object.Module._extensions..js (internal/modules/cjs/loader.js:1035:10)
    at Module.load (internal/modules/cjs/loader.js:879:32)
    at Function.Module._load (internal/modules/cjs/loader.js:724:14)
    at Module.require (internal/modules/cjs/loader.js:903:19)
    at require (internal/modules/cjs/helpers.js:74:18)
    at /home/container/modules/handlers/AddonHandler.js:112:35
    at Array.forEach (<anonymous>)
    at /home/container/modules/handlers/AddonHandler.js:110:18
    at FSReqCallback.oncomplete (fs.js:156:23)
----------------------------------------------------
[CALLER: RequestHandler.js:154:13 | MS: 1613777458977 | DATE: 2/19/2021, 11:30:58 PM]
------------------------------------
DiscordAPIError: Missing Permissions
EXTRA INFO:
Promise {
  <rejected> DiscordAPIError: Missing Permissions
      at RequestHandler.execute (/home/container/node_modules/discord.js/src/rest/RequestHandler.js:154:13)
      at processTicksAndRejections (internal/process/task_queues.js:97:5)
      at async RequestHandler.push (/home/container/node_modules/discord.js/src/rest/RequestHandler.js:39:14)
      at async GuildMember.edit (/home/container/node_modules/discord.js/src/structures/GuildMember.js:312:5) {
    method: 'patch',
    path: '/guilds/812116674584117248/members/763129092513726486',
    code: 50013,
    httpStatus: 403
  }
}
------------------------------------
[CALLER: RequestHandler.js:154:13 | MS: 1613778159927 | DATE: 2/19/2021, 11:42:39 PM]
--------------------------------
DiscordAPIError: Unknown Message
EXTRA INFO:
Promise {
  <rejected> DiscordAPIError: Unknown Message
      at RequestHandler.execute (/home/container/node_modules/discord.js/src/rest/RequestHandler.js:154:13)
      at processTicksAndRejections (internal/process/task_queues.js:97:5)
      at async RequestHandler.push (/home/container/node_modules/discord.js/src/rest/RequestHandler.js:39:14)
      at async /home/container/addons/ultimatetickets.js:1084:25 {
    method: 'put',
    path: '/channels/812116674941550644/messages/812469224005435433/reactions/%E2%9D%8C/@me',
    code: 10008,
    httpStatus: 404
  }
}
--------------------------------
[CALLER: GuildChannel.js:231:44 | MS: 1613778187813 | DATE: 2/19/2021, 11:43:07 PM]
----------------------------------------------------------------------
TypeError [INVALID_TYPE]: Supplied parameter is not a User nor a Role.
EXTRA INFO:
Promise {
  <rejected> TypeError [INVALID_TYPE]: Supplied parameter is not a User nor a Role.
      at TextChannel.updateOverwrite (/home/container/node_modules/discord.js/src/structures/GuildChannel.js:231:44)
      at /home/container/addons/ultimatetickets.js:659:43
      at processTicksAndRejections (internal/process/task_queues.js:97:5) {
    [Symbol(code)]: 'INVALID_TYPE'
  }
}
----------------------------------------------------------------------
[CALLER: GuildChannel.js:231:44 | MS: 1613778255414 | DATE: 2/19/2021, 11:44:15 PM]
----------------------------------------------------------------------
TypeError [INVALID_TYPE]: Supplied parameter is not a User nor a Role.
EXTRA INFO:
Promise {
  <rejected> TypeError [INVALID_TYPE]: Supplied parameter is not a User nor a Role.
      at TextChannel.updateOverwrite (/home/container/node_modules/discord.js/src/structures/GuildChannel.js:231:44)
      at /home/container/addons/ultimatetickets.js:659:43
      at processTicksAndRejections (internal/process/task_queues.js:97:5) {
    [Symbol(code)]: 'INVALID_TYPE'
  }
}
----------------------------------------------------------------------
[CALLER: GuildChannel.js:231:44 | MS: 1613778312905 | DATE: 2/19/2021, 11:45:12 PM]
----------------------------------------------------------------------
TypeError [INVALID_TYPE]: Supplied parameter is not a User nor a Role.
EXTRA INFO:
Promise {
  <rejected> TypeError [INVALID_TYPE]: Supplied parameter is not a User nor a Role.
      at TextChannel.updateOverwrite (/home/container/node_modules/discord.js/src/structures/GuildChannel.js:231:44)
      at /home/container/addons/ultimatetickets.js:659:43
      at processTicksAndRejections (internal/process/task_queues.js:97:5) {
    [Symbol(code)]: 'INVALID_TYPE'
  }
}
----------------------------------------------------------------------
[CALLER: RequestHandler.js:154:13 | MS: 1613786425245 | DATE: 2/20/2021, 2:00:25 AM]
------------------------------------
DiscordAPIError: Missing Permissions
EXTRA INFO:
Promise {
  <rejected> DiscordAPIError: Missing Permissions
      at RequestHandler.execute (/home/container/node_modules/discord.js/src/rest/RequestHandler.js:154:13)
      at processTicksAndRejections (internal/process/task_queues.js:97:5)
      at async RequestHandler.push (/home/container/node_modules/discord.js/src/rest/RequestHandler.js:39:14) {
    method: 'get',
    path: '/guilds/766263039556976640/invites',
    code: 50013,
    httpStatus: 403
  }
}
------------------------------------
[CALLER: RequestHandler.js:154:13 | MS: 1613786425289 | DATE: 2/20/2021, 2:00:25 AM]
------------------------------------
DiscordAPIError: Missing Permissions
EXTRA INFO:
Promise {
  <rejected> DiscordAPIError: Missing Permissions
      at RequestHandler.execute (/home/container/node_modules/discord.js/src/rest/RequestHandler.js:154:13)
      at processTicksAndRejections (internal/process/task_queues.js:97:5)
      at async RequestHandler.push (/home/container/node_modules/discord.js/src/rest/RequestHandler.js:39:14) {
    method: 'put',
    path: '/channels/766263039556976641/permissions/790641203322028054',
    code: 50013,
    httpStatus: 403
  }
}
------------------------------------
[CALLER: RequestHandler.js:154:13 | MS: 1613786425320 | DATE: 2/20/2021, 2:00:25 AM]
------------------------------------
DiscordAPIError: Missing Permissions
EXTRA INFO:
Promise {
  <rejected> DiscordAPIError: Missing Permissions
      at RequestHandler.execute (/home/container/node_modules/discord.js/src/rest/RequestHandler.js:154:13)
      at processTicksAndRejections (internal/process/task_queues.js:97:5)
      at async RequestHandler.push (/home/container/node_modules/discord.js/src/rest/RequestHandler.js:39:14) {
    method: 'put',
    path: '/channels/766263039556976644/permissions/790641203322028054',
    code: 50013,
    httpStatus: 403
  }
}
------------------------------------
[CALLER: RequestHandler.js:154:13 | MS: 1613786425326 | DATE: 2/20/2021, 2:00:25 AM]
------------------------------------
DiscordAPIError: Missing Permissions
EXTRA INFO:
Promise {
  <rejected> DiscordAPIError: Missing Permissions
      at RequestHandler.execute (/home/container/node_modules/discord.js/src/rest/RequestHandler.js:154:13)
      at processTicksAndRejections (internal/process/task_queues.js:97:5)
      at async RequestHandler.push (/home/container/node_modules/discord.js/src/rest/RequestHandler.js:39:14) {
    method: 'put',
    path: '/channels/766263039556976642/permissions/790641203322028054',
    code: 50013,
    httpStatus: 403
  }
}
------------------------------------
[CALLER: RequestHandler.js:154:13 | MS: 1613786425360 | DATE: 2/20/2021, 2:00:25 AM]
-------------------------------
DiscordAPIError: Missing Access
EXTRA INFO:
Promise {
  <rejected> DiscordAPIError: Missing Access
      at RequestHandler.execute (/home/container/node_modules/discord.js/src/rest/RequestHandler.js:154:13)
      at processTicksAndRejections (internal/process/task_queues.js:97:5)
      at async RequestHandler.push (/home/container/node_modules/discord.js/src/rest/RequestHandler.js:39:14) {
    method: 'put',
    path: '/channels/810962028843499610/permissions/790641203322028054',
    code: 50001,
    httpStatus: 403
  }
}
-------------------------------
[CALLER: RequestHandler.js:154:13 | MS: 1613786425363 | DATE: 2/20/2021, 2:00:25 AM]
------------------------------------
DiscordAPIError: Missing Permissions
EXTRA INFO:
Promise {
  <rejected> DiscordAPIError: Missing Permissions
      at RequestHandler.execute (/home/container/node_modules/discord.js/src/rest/RequestHandler.js:154:13)
      at processTicksAndRejections (internal/process/task_queues.js:97:5)
      at async RequestHandler.push (/home/container/node_modules/discord.js/src/rest/RequestHandler.js:39:14) {
    method: 'put',
    path: '/channels/811992534435758120/permissions/790641203322028054',
    code: 50013,
    httpStatus: 403
  }
}
------------------------------------
[CALLER: RequestHandler.js:154:13 | MS: 1613786425400 | DATE: 2/20/2021, 2:00:25 AM]
------------------------------------
DiscordAPIError: Missing Permissions
EXTRA INFO:
Promise {
  <rejected> DiscordAPIError: Missing Permissions
      at RequestHandler.execute (/home/container/node_modules/discord.js/src/rest/RequestHandler.js:154:13)
      at processTicksAndRejections (internal/process/task_queues.js:97:5)
      at async RequestHandler.push (/home/container/node_modules/discord.js/src/rest/RequestHandler.js:39:14)
      at async GuildChannelManager.create (/home/container/node_modules/discord.js/src/managers/GuildChannelManager.js:112:18) {
    method: 'post',
    path: '/guilds/766263039556976640/channels',
    code: 50013,
    httpStatus: 403
  }
}
------------------------------------
[CALLER: RequestHandler.js:154:13 | MS: 1613786425419 | DATE: 2/20/2021, 2:00:25 AM]
------------------------------------
DiscordAPIError: Missing Permissions
EXTRA INFO:
Promise {
  <rejected> DiscordAPIError: Missing Permissions
      at RequestHandler.execute (/home/container/node_modules/discord.js/src/rest/RequestHandler.js:154:13)
      at processTicksAndRejections (internal/process/task_queues.js:97:5)
      at async RequestHandler.push (/home/container/node_modules/discord.js/src/rest/RequestHandler.js:39:14) {
    method: 'put',
    path: '/channels/809158045539368961/permissions/790641203322028054',
    code: 50013,
    httpStatus: 403
  }
}
------------------------------------
[CALLER: RequestHandler.js:154:13 | MS: 1613787664228 | DATE: 2/20/2021, 2:21:04 AM]
------------------------------------
DiscordAPIError: Missing Permissions
EXTRA INFO:
Promise {
  <rejected> DiscordAPIError: Missing Permissions
      at RequestHandler.execute (/home/container/node_modules/discord.js/src/rest/RequestHandler.js:154:13)
      at processTicksAndRejections (internal/process/task_queues.js:97:5)
      at async RequestHandler.push (/home/container/node_modules/discord.js/src/rest/RequestHandler.js:39:14) {
    method: 'get',
    path: '/guilds/766263039556976640/invites',
    code: 50013,
    httpStatus: 403
  }
}
------------------------------------
[CALLER: RequestHandler.js:154:13 | MS: 1613787664282 | DATE: 2/20/2021, 2:21:04 AM]
------------------------------------
DiscordAPIError: Missing Permissions
EXTRA INFO:
Promise {
  <rejected> DiscordAPIError: Missing Permissions
      at RequestHandler.execute (/home/container/node_modules/discord.js/src/rest/RequestHandler.js:154:13)
      at processTicksAndRejections (internal/process/task_queues.js:97:5)
      at async RequestHandler.push (/home/container/node_modules/discord.js/src/rest/RequestHandler.js:39:14) {
    method: 'put',
    path: '/channels/766263039556976641/permissions/790641203322028054',
    code: 50013,
    httpStatus: 403
  }
}
------------------------------------
[CALLER: RequestHandler.js:154:13 | MS: 1613787664305 | DATE: 2/20/2021, 2:21:04 AM]
------------------------------------
DiscordAPIError: Missing Permissions
EXTRA INFO:
Promise {
  <rejected> DiscordAPIError: Missing Permissions
      at RequestHandler.execute (/home/container/node_modules/discord.js/src/rest/RequestHandler.js:154:13)
      at processTicksAndRejections (internal/process/task_queues.js:97:5)
      at async RequestHandler.push (/home/container/node_modules/discord.js/src/rest/RequestHandler.js:39:14) {
    method: 'put',
    path: '/channels/766263039556976642/permissions/790641203322028054',
    code: 50013,
    httpStatus: 403
  }
}
------------------------------------
[CALLER: RequestHandler.js:154:13 | MS: 1613787664316 | DATE: 2/20/2021, 2:21:04 AM]
------------------------------------
DiscordAPIError: Missing Permissions
EXTRA INFO:
Promise {
  <rejected> DiscordAPIError: Missing Permissions
      at RequestHandler.execute (/home/container/node_modules/discord.js/src/rest/RequestHandler.js:154:13)
      at processTicksAndRejections (internal/process/task_queues.js:97:5)
      at async RequestHandler.push (/home/container/node_modules/discord.js/src/rest/RequestHandler.js:39:14) {
    method: 'put',
    path: '/channels/766263039556976644/permissions/790641203322028054',
    code: 50013,
    httpStatus: 403
  }
}
------------------------------------
[CALLER: RequestHandler.js:154:13 | MS: 1613787664340 | DATE: 2/20/2021, 2:21:04 AM]
------------------------------------
DiscordAPIError: Missing Permissions
EXTRA INFO:
Promise {
  <rejected> DiscordAPIError: Missing Permissions
      at RequestHandler.execute (/home/container/node_modules/discord.js/src/rest/RequestHandler.js:154:13)
      at processTicksAndRejections (internal/process/task_queues.js:97:5)
      at async RequestHandler.push (/home/container/node_modules/discord.js/src/rest/RequestHandler.js:39:14) {
    method: 'put',
    path: '/channels/809158045539368961/permissions/790641203322028054',
    code: 50013,
    httpStatus: 403
  }
}
------------------------------------
[CALLER: RequestHandler.js:154:13 | MS: 1613787664364 | DATE: 2/20/2021, 2:21:04 AM]
------------------------------------
DiscordAPIError: Missing Permissions
EXTRA INFO:
Promise {
  <rejected> DiscordAPIError: Missing Permissions
      at RequestHandler.execute (/home/container/node_modules/discord.js/src/rest/RequestHandler.js:154:13)
      at processTicksAndRejections (internal/process/task_queues.js:97:5)
      at async RequestHandler.push (/home/container/node_modules/discord.js/src/rest/RequestHandler.js:39:14) {
    method: 'put',
    path: '/channels/811992534435758120/permissions/790641203322028054',
    code: 50013,
    httpStatus: 403
  }
}
------------------------------------
[CALLER: RequestHandler.js:154:13 | MS: 1613787664392 | DATE: 2/20/2021, 2:21:04 AM]
------------------------------------
DiscordAPIError: Missing Permissions
EXTRA INFO:
Promise {
  <rejected> DiscordAPIError: Missing Permissions
      at RequestHandler.execute (/home/container/node_modules/discord.js/src/rest/RequestHandler.js:154:13)
      at processTicksAndRejections (internal/process/task_queues.js:97:5)
      at async RequestHandler.push (/home/container/node_modules/discord.js/src/rest/RequestHandler.js:39:14)
      at async GuildChannelManager.create (/home/container/node_modules/discord.js/src/managers/GuildChannelManager.js:112:18) {
    method: 'post',
    path: '/guilds/766263039556976640/channels',
    code: 50013,
    httpStatus: 403
  }
}
------------------------------------
[CALLER: RequestHandler.js:154:13 | MS: 1613787664402 | DATE: 2/20/2021, 2:21:04 AM]
-------------------------------
DiscordAPIError: Missing Access
EXTRA INFO:
Promise {
  <rejected> DiscordAPIError: Missing Access
      at RequestHandler.execute (/home/container/node_modules/discord.js/src/rest/RequestHandler.js:154:13)
      at processTicksAndRejections (internal/process/task_queues.js:97:5)
      at async RequestHandler.push (/home/container/node_modules/discord.js/src/rest/RequestHandler.js:39:14) {
    method: 'put',
    path: '/channels/810962028843499610/permissions/790641203322028054',
    code: 50001,
    httpStatus: 403
  }
}
-------------------------------
[CALLER: RequestHandler.js:154:13 | MS: 1613787932640 | DATE: 2/20/2021, 2:25:32 AM]
------------------------------------
DiscordAPIError: Missing Permissions
EXTRA INFO:
Promise {
  <rejected> DiscordAPIError: Missing Permissions
      at RequestHandler.execute (/home/container/node_modules/discord.js/src/rest/RequestHandler.js:154:13)
      at processTicksAndRejections (internal/process/task_queues.js:97:5)
      at async RequestHandler.push (/home/container/node_modules/discord.js/src/rest/RequestHandler.js:39:14) {
    method: 'get',
    path: '/guilds/766263039556976640/invites',
    code: 50013,
    httpStatus: 403
  }
}
------------------------------------
[CALLER: RequestHandler.js:154:13 | MS: 1613787932700 | DATE: 2/20/2021, 2:25:32 AM]
------------------------------------
DiscordAPIError: Missing Permissions
EXTRA INFO:
Promise {
  <rejected> DiscordAPIError: Missing Permissions
      at RequestHandler.execute (/home/container/node_modules/discord.js/src/rest/RequestHandler.js:154:13)
      at processTicksAndRejections (internal/process/task_queues.js:97:5)
      at async RequestHandler.push (/home/container/node_modules/discord.js/src/rest/RequestHandler.js:39:14) {
    method: 'put',
    path: '/channels/766263039556976641/permissions/790641203322028054',
    code: 50013,
    httpStatus: 403
  }
}
------------------------------------
[CALLER: RequestHandler.js:154:13 | MS: 1613787932719 | DATE: 2/20/2021, 2:25:32 AM]
------------------------------------
DiscordAPIError: Missing Permissions
EXTRA INFO:
Promise {
  <rejected> DiscordAPIError: Missing Permissions
      at RequestHandler.execute (/home/container/node_modules/discord.js/src/rest/RequestHandler.js:154:13)
      at processTicksAndRejections (internal/process/task_queues.js:97:5)
      at async RequestHandler.push (/home/container/node_modules/discord.js/src/rest/RequestHandler.js:39:14) {
    method: 'put',
    path: '/channels/766263039556976644/permissions/790641203322028054',
    code: 50013,
    httpStatus: 403
  }
}
------------------------------------
[CALLER: RequestHandler.js:154:13 | MS: 1613787932732 | DATE: 2/20/2021, 2:25:32 AM]
------------------------------------
DiscordAPIError: Missing Permissions
EXTRA INFO:
Promise {
  <rejected> DiscordAPIError: Missing Permissions
      at RequestHandler.execute (/home/container/node_modules/discord.js/src/rest/RequestHandler.js:154:13)
      at processTicksAndRejections (internal/process/task_queues.js:97:5)
      at async RequestHandler.push (/home/container/node_modules/discord.js/src/rest/RequestHandler.js:39:14) {
    method: 'put',
    path: '/channels/766263039556976642/permissions/790641203322028054',
    code: 50013,
    httpStatus: 403
  }
}
------------------------------------
[CALLER: RequestHandler.js:154:13 | MS: 1613787932742 | DATE: 2/20/2021, 2:25:32 AM]
------------------------------------
DiscordAPIError: Missing Permissions
EXTRA INFO:
Promise {
  <rejected> DiscordAPIError: Missing Permissions
      at RequestHandler.execute (/home/container/node_modules/discord.js/src/rest/RequestHandler.js:154:13)
      at processTicksAndRejections (internal/process/task_queues.js:97:5)
      at async RequestHandler.push (/home/container/node_modules/discord.js/src/rest/RequestHandler.js:39:14) {
    method: 'put',
    path: '/channels/809158045539368961/permissions/790641203322028054',
    code: 50013,
    httpStatus: 403
  }
}
------------------------------------
[CALLER: RequestHandler.js:154:13 | MS: 1613787932746 | DATE: 2/20/2021, 2:25:32 AM]
-------------------------------
DiscordAPIError: Missing Access
EXTRA INFO:
Promise {
  <rejected> DiscordAPIError: Missing Access
      at RequestHandler.execute (/home/container/node_modules/discord.js/src/rest/RequestHandler.js:154:13)
      at processTicksAndRejections (internal/process/task_queues.js:97:5)
      at async RequestHandler.push (/home/container/node_modules/discord.js/src/rest/RequestHandler.js:39:14) {
    method: 'put',
    path: '/channels/810962028843499610/permissions/790641203322028054',
    code: 50001,
    httpStatus: 403
  }
}
-------------------------------
[CALLER: RequestHandler.js:154:13 | MS: 1613787932751 | DATE: 2/20/2021, 2:25:32 AM]
------------------------------------
DiscordAPIError: Missing Permissions
EXTRA INFO:
Promise {
  <rejected> DiscordAPIError: Missing Permissions
      at RequestHandler.execute (/home/container/node_modules/discord.js/src/rest/RequestHandler.js:154:13)
      at processTicksAndRejections (internal/process/task_queues.js:97:5)
      at async RequestHandler.push (/home/container/node_modules/discord.js/src/rest/RequestHandler.js:39:14) {
    method: 'put',
    path: '/channels/811992534435758120/permissions/790641203322028054',
    code: 50013,
    httpStatus: 403
  }
}
------------------------------------
[CALLER: RequestHandler.js:154:13 | MS: 1613787932768 | DATE: 2/20/2021, 2:25:32 AM]
------------------------------------
DiscordAPIError: Missing Permissions
EXTRA INFO:
Promise {
  <rejected> DiscordAPIError: Missing Permissions
      at RequestHandler.execute (/home/container/node_modules/discord.js/src/rest/RequestHandler.js:154:13)
      at processTicksAndRejections (internal/process/task_queues.js:97:5)
      at async RequestHandler.push (/home/container/node_modules/discord.js/src/rest/RequestHandler.js:39:14)
      at async GuildChannelManager.create (/home/container/node_modules/discord.js/src/managers/GuildChannelManager.js:112:18) {
    method: 'post',
    path: '/guilds/766263039556976640/channels',
    code: 50013,
    httpStatus: 403
  }
}
------------------------------------
[CALLER: RequestHandler.js:154:13 | MS: 1613787962664 | DATE: 2/20/2021, 2:26:02 AM]
------------------------------------
DiscordAPIError: Missing Permissions
EXTRA INFO:
Promise {
  <rejected> DiscordAPIError: Missing Permissions
      at RequestHandler.execute (/home/container/node_modules/discord.js/src/rest/RequestHandler.js:154:13)
      at processTicksAndRejections (internal/process/task_queues.js:97:5)
      at async RequestHandler.push (/home/container/node_modules/discord.js/src/rest/RequestHandler.js:39:14)
      at async GuildChannelManager.create (/home/container/node_modules/discord.js/src/managers/GuildChannelManager.js:112:18) {
    method: 'post',
    path: '/guilds/766263039556976640/channels',
    code: 50013,
    httpStatus: 403
  }
}
------------------------------------
[CALLER: RequestHandler.js:154:13 | MS: 1613787989052 | DATE: 2/20/2021, 2:26:29 AM]
------------------------------------
DiscordAPIError: Missing Permissions
EXTRA INFO:
Promise {
  <rejected> DiscordAPIError: Missing Permissions
      at RequestHandler.execute (/home/container/node_modules/discord.js/src/rest/RequestHandler.js:154:13)
      at processTicksAndRejections (internal/process/task_queues.js:97:5)
      at async RequestHandler.push (/home/container/node_modules/discord.js/src/rest/RequestHandler.js:39:14) {
    method: 'get',
    path: '/guilds/766263039556976640/invites',
    code: 50013,
    httpStatus: 403
  }
}
------------------------------------
[CALLER: RequestHandler.js:154:13 | MS: 1613787989117 | DATE: 2/20/2021, 2:26:29 AM]
------------------------------------
DiscordAPIError: Missing Permissions
EXTRA INFO:
Promise {
  <rejected> DiscordAPIError: Missing Permissions
      at RequestHandler.execute (/home/container/node_modules/discord.js/src/rest/RequestHandler.js:154:13)
      at processTicksAndRejections (internal/process/task_queues.js:97:5)
      at async RequestHandler.push (/home/container/node_modules/discord.js/src/rest/RequestHandler.js:39:14) {
    method: 'put',
    path: '/channels/766263039556976641/permissions/790641203322028054',
    code: 50013,
    httpStatus: 403
  }
}
------------------------------------
[CALLER: RequestHandler.js:154:13 | MS: 1613787989135 | DATE: 2/20/2021, 2:26:29 AM]
------------------------------------
DiscordAPIError: Missing Permissions
EXTRA INFO:
Promise {
  <rejected> DiscordAPIError: Missing Permissions
      at RequestHandler.execute (/home/container/node_modules/discord.js/src/rest/RequestHandler.js:154:13)
      at processTicksAndRejections (internal/process/task_queues.js:97:5)
      at async RequestHandler.push (/home/container/node_modules/discord.js/src/rest/RequestHandler.js:39:14) {
    method: 'put',
    path: '/channels/766263039556976644/permissions/790641203322028054',
    code: 50013,
    httpStatus: 403
  }
}
------------------------------------
[CALLER: RequestHandler.js:154:13 | MS: 1613787989166 | DATE: 2/20/2021, 2:26:29 AM]
------------------------------------
DiscordAPIError: Missing Permissions
EXTRA INFO:
Promise {
  <rejected> DiscordAPIError: Missing Permissions
      at RequestHandler.execute (/home/container/node_modules/discord.js/src/rest/RequestHandler.js:154:13)
      at processTicksAndRejections (internal/process/task_queues.js:97:5)
      at async RequestHandler.push (/home/container/node_modules/discord.js/src/rest/RequestHandler.js:39:14) {
    method: 'put',
    path: '/channels/766263039556976642/permissions/790641203322028054',
    code: 50013,
    httpStatus: 403
  }
}
------------------------------------
[CALLER: RequestHandler.js:154:13 | MS: 1613787989175 | DATE: 2/20/2021, 2:26:29 AM]
------------------------------------
DiscordAPIError: Missing Permissions
EXTRA INFO:
Promise {
  <rejected> DiscordAPIError: Missing Permissions
      at RequestHandler.execute (/home/container/node_modules/discord.js/src/rest/RequestHandler.js:154:13)
      at processTicksAndRejections (internal/process/task_queues.js:97:5)
      at async RequestHandler.push (/home/container/node_modules/discord.js/src/rest/RequestHandler.js:39:14) {
    method: 'put',
    path: '/channels/809158045539368961/permissions/790641203322028054',
    code: 50013,
    httpStatus: 403
  }
}
------------------------------------
[CALLER: RequestHandler.js:154:13 | MS: 1613787989205 | DATE: 2/20/2021, 2:26:29 AM]
-------------------------------
DiscordAPIError: Missing Access
EXTRA INFO:
Promise {
  <rejected> DiscordAPIError: Missing Access
      at RequestHandler.execute (/home/container/node_modules/discord.js/src/rest/RequestHandler.js:154:13)
      at processTicksAndRejections (internal/process/task_queues.js:97:5)
      at async RequestHandler.push (/home/container/node_modules/discord.js/src/rest/RequestHandler.js:39:14) {
    method: 'put',
    path: '/channels/810962028843499610/permissions/790641203322028054',
    code: 50001,
    httpStatus: 403
  }
}
-------------------------------
[CALLER: RequestHandler.js:154:13 | MS: 1613787989220 | DATE: 2/20/2021, 2:26:29 AM]
------------------------------------
DiscordAPIError: Missing Permissions
EXTRA INFO:
Promise {
  <rejected> DiscordAPIError: Missing Permissions
      at RequestHandler.execute (/home/container/node_modules/discord.js/src/rest/RequestHandler.js:154:13)
      at processTicksAndRejections (internal/process/task_queues.js:97:5)
      at async RequestHandler.push (/home/container/node_modules/discord.js/src/rest/RequestHandler.js:39:14) {
    method: 'put',
    path: '/channels/811992534435758120/permissions/790641203322028054',
    code: 50013,
    httpStatus: 403
  }
}
------------------------------------
[CALLER: RequestHandler.js:154:13 | MS: 1613787989267 | DATE: 2/20/2021, 2:26:29 AM]
------------------------------------
DiscordAPIError: Missing Permissions
EXTRA INFO:
Promise {
  <rejected> DiscordAPIError: Missing Permissions
      at RequestHandler.execute (/home/container/node_modules/discord.js/src/rest/RequestHandler.js:154:13)
      at processTicksAndRejections (internal/process/task_queues.js:97:5)
      at async RequestHandler.push (/home/container/node_modules/discord.js/src/rest/RequestHandler.js:39:14)
      at async GuildChannelManager.create (/home/container/node_modules/discord.js/src/managers/GuildChannelManager.js:112:18) {
    method: 'post',
    path: '/guilds/766263039556976640/channels',
    code: 50013,
    httpStatus: 403
  }
}
------------------------------------
[CALLER: RequestHandler.js:154:13 | MS: 1613788019080 | DATE: 2/20/2021, 2:26:59 AM]
------------------------------------
DiscordAPIError: Missing Permissions
EXTRA INFO:
Promise {
  <rejected> DiscordAPIError: Missing Permissions
      at RequestHandler.execute (/home/container/node_modules/discord.js/src/rest/RequestHandler.js:154:13)
      at processTicksAndRejections (internal/process/task_queues.js:97:5)
      at async RequestHandler.push (/home/container/node_modules/discord.js/src/rest/RequestHandler.js:39:14)
      at async GuildChannelManager.create (/home/container/node_modules/discord.js/src/managers/GuildChannelManager.js:112:18) {
    method: 'post',
    path: '/guilds/766263039556976640/channels',
    code: 50013,
    httpStatus: 403
  }
}
------------------------------------
[CALLER: RequestHandler.js:154:13 | MS: 1613788049105 | DATE: 2/20/2021, 2:27:29 AM]
------------------------------------
DiscordAPIError: Missing Permissions
EXTRA INFO:
Promise {
  <rejected> DiscordAPIError: Missing Permissions
      at RequestHandler.execute (/home/container/node_modules/discord.js/src/rest/RequestHandler.js:154:13)
      at processTicksAndRejections (internal/process/task_queues.js:97:5)
      at async RequestHandler.push (/home/container/node_modules/discord.js/src/rest/RequestHandler.js:39:14)
      at async GuildChannelManager.create (/home/container/node_modules/discord.js/src/managers/GuildChannelManager.js:112:18) {
    method: 'post',
    path: '/guilds/766263039556976640/channels',
    code: 50013,
    httpStatus: 403
  }
}
------------------------------------
[CALLER: RequestHandler.js:154:13 | MS: 1613788079093 | DATE: 2/20/2021, 2:27:59 AM]
------------------------------------
DiscordAPIError: Missing Permissions
EXTRA INFO:
Promise {
  <rejected> DiscordAPIError: Missing Permissions
      at RequestHandler.execute (/home/container/node_modules/discord.js/src/rest/RequestHandler.js:154:13)
      at processTicksAndRejections (internal/process/task_queues.js:97:5)
      at async RequestHandler.push (/home/container/node_modules/discord.js/src/rest/RequestHandler.js:39:14)
      at async GuildChannelManager.create (/home/container/node_modules/discord.js/src/managers/GuildChannelManager.js:112:18) {
    method: 'post',
    path: '/guilds/766263039556976640/channels',
    code: 50013,
    httpStatus: 403
  }
}
------------------------------------
[CALLER: RequestHandler.js:154:13 | MS: 1613788109079 | DATE: 2/20/2021, 2:28:29 AM]
------------------------------------
DiscordAPIError: Missing Permissions
EXTRA INFO:
Promise {
  <rejected> DiscordAPIError: Missing Permissions
      at RequestHandler.execute (/home/container/node_modules/discord.js/src/rest/RequestHandler.js:154:13)
      at processTicksAndRejections (internal/process/task_queues.js:97:5)
      at async RequestHandler.push (/home/container/node_modules/discord.js/src/rest/RequestHandler.js:39:14)
      at async GuildChannelManager.create (/home/container/node_modules/discord.js/src/managers/GuildChannelManager.js:112:18) {
    method: 'post',
    path: '/guilds/766263039556976640/channels',
    code: 50013,
    httpStatus: 403
  }
}
------------------------------------
[CALLER: RequestHandler.js:154:13 | MS: 1613788139062 | DATE: 2/20/2021, 2:28:59 AM]
------------------------------------
DiscordAPIError: Missing Permissions
EXTRA INFO:
Promise {
  <rejected> DiscordAPIError: Missing Permissions
      at RequestHandler.execute (/home/container/node_modules/discord.js/src/rest/RequestHandler.js:154:13)
      at processTicksAndRejections (internal/process/task_queues.js:97:5)
      at async RequestHandler.push (/home/container/node_modules/discord.js/src/rest/RequestHandler.js:39:14)
      at async GuildChannelManager.create (/home/container/node_modules/discord.js/src/managers/GuildChannelManager.js:112:18) {
    method: 'post',
    path: '/guilds/766263039556976640/channels',
    code: 50013,
    httpStatus: 403
  }
}
------------------------------------
[CALLER: RequestHandler.js:154:13 | MS: 1613788169075 | DATE: 2/20/2021, 2:29:29 AM]
------------------------------------
DiscordAPIError: Missing Permissions
EXTRA INFO:
Promise {
  <rejected> DiscordAPIError: Missing Permissions
      at RequestHandler.execute (/home/container/node_modules/discord.js/src/rest/RequestHandler.js:154:13)
      at processTicksAndRejections (internal/process/task_queues.js:97:5)
      at async RequestHandler.push (/home/container/node_modules/discord.js/src/rest/RequestHandler.js:39:14)
      at async GuildChannelManager.create (/home/container/node_modules/discord.js/src/managers/GuildChannelManager.js:112:18) {
    method: 'post',
    path: '/guilds/766263039556976640/channels',
    code: 50013,
    httpStatus: 403
  }
}
------------------------------------
[CALLER: RequestHandler.js:154:13 | MS: 1613788199090 | DATE: 2/20/2021, 2:29:59 AM]
------------------------------------
DiscordAPIError: Missing Permissions
EXTRA INFO:
Promise {
  <rejected> DiscordAPIError: Missing Permissions
      at RequestHandler.execute (/home/container/node_modules/discord.js/src/rest/RequestHandler.js:154:13)
      at processTicksAndRejections (internal/process/task_queues.js:97:5)
      at async RequestHandler.push (/home/container/node_modules/discord.js/src/rest/RequestHandler.js:39:14)
      at async GuildChannelManager.create (/home/container/node_modules/discord.js/src/managers/GuildChannelManager.js:112:18) {
    method: 'post',
    path: '/guilds/766263039556976640/channels',
    code: 50013,
    httpStatus: 403
  }
}
------------------------------------
[CALLER: RequestHandler.js:154:13 | MS: 1613788229083 | DATE: 2/20/2021, 2:30:29 AM]
------------------------------------
DiscordAPIError: Missing Permissions
EXTRA INFO:
Promise {
  <rejected> DiscordAPIError: Missing Permissions
      at RequestHandler.execute (/home/container/node_modules/discord.js/src/rest/RequestHandler.js:154:13)
      at processTicksAndRejections (internal/process/task_queues.js:97:5)
      at async RequestHandler.push (/home/container/node_modules/discord.js/src/rest/RequestHandler.js:39:14)
      at async GuildChannelManager.create (/home/container/node_modules/discord.js/src/managers/GuildChannelManager.js:112:18) {
    method: 'post',
    path: '/guilds/766263039556976640/channels',
    code: 50013,
    httpStatus: 403
  }
}
------------------------------------
[CALLER: RequestHandler.js:154:13 | MS: 1613788259091 | DATE: 2/20/2021, 2:30:59 AM]
------------------------------------
DiscordAPIError: Missing Permissions
EXTRA INFO:
Promise {
  <rejected> DiscordAPIError: Missing Permissions
      at RequestHandler.execute (/home/container/node_modules/discord.js/src/rest/RequestHandler.js:154:13)
      at processTicksAndRejections (internal/process/task_queues.js:97:5)
      at async RequestHandler.push (/home/container/node_modules/discord.js/src/rest/RequestHandler.js:39:14)
      at async GuildChannelManager.create (/home/container/node_modules/discord.js/src/managers/GuildChannelManager.js:112:18) {
    method: 'post',
    path: '/guilds/766263039556976640/channels',
    code: 50013,
    httpStatus: 403
  }
}
------------------------------------
[CALLER: RequestHandler.js:154:13 | MS: 1613788289204 | DATE: 2/20/2021, 2:31:29 AM]
------------------------------------
DiscordAPIError: Missing Permissions
EXTRA INFO:
Promise {
  <rejected> DiscordAPIError: Missing Permissions
      at RequestHandler.execute (/home/container/node_modules/discord.js/src/rest/RequestHandler.js:154:13)
      at processTicksAndRejections (internal/process/task_queues.js:97:5)
      at async RequestHandler.push (/home/container/node_modules/discord.js/src/rest/RequestHandler.js:39:14)
      at async GuildChannelManager.create (/home/container/node_modules/discord.js/src/managers/GuildChannelManager.js:112:18) {
    method: 'post',
    path: '/guilds/766263039556976640/channels',
    code: 50013,
    httpStatus: 403
  }
}
------------------------------------
[CALLER: RequestHandler.js:154:13 | MS: 1613788324397 | DATE: 2/20/2021, 2:32:04 AM]
------------------------------------
DiscordAPIError: Missing Permissions
EXTRA INFO:
Promise {
  <rejected> DiscordAPIError: Missing Permissions
      at RequestHandler.execute (/home/container/node_modules/discord.js/src/rest/RequestHandler.js:154:13)
      at processTicksAndRejections (internal/process/task_queues.js:97:5)
      at async RequestHandler.push (/home/container/node_modules/discord.js/src/rest/RequestHandler.js:39:14) {
    method: 'get',
    path: '/guilds/766263039556976640/invites',
    code: 50013,
    httpStatus: 403
  }
}
------------------------------------
[CALLER: RequestHandler.js:154:13 | MS: 1613788324480 | DATE: 2/20/2021, 2:32:04 AM]
------------------------------------
DiscordAPIError: Missing Permissions
EXTRA INFO:
Promise {
  <rejected> DiscordAPIError: Missing Permissions
      at RequestHandler.execute (/home/container/node_modules/discord.js/src/rest/RequestHandler.js:154:13)
      at processTicksAndRejections (internal/process/task_queues.js:97:5)
      at async RequestHandler.push (/home/container/node_modules/discord.js/src/rest/RequestHandler.js:39:14) {
    method: 'put',
    path: '/channels/766263039556976641/permissions/790641203322028054',
    code: 50013,
    httpStatus: 403
  }
}
------------------------------------
[CALLER: RequestHandler.js:154:13 | MS: 1613788324494 | DATE: 2/20/2021, 2:32:04 AM]
------------------------------------
DiscordAPIError: Missing Permissions
EXTRA INFO:
Promise {
  <rejected> DiscordAPIError: Missing Permissions
      at RequestHandler.execute (/home/container/node_modules/discord.js/src/rest/RequestHandler.js:154:13)
      at processTicksAndRejections (internal/process/task_queues.js:97:5)
      at async RequestHandler.push (/home/container/node_modules/discord.js/src/rest/RequestHandler.js:39:14) {
    method: 'put',
    path: '/channels/809158045539368961/permissions/790641203322028054',
    code: 50013,
    httpStatus: 403
  }
}
------------------------------------
[CALLER: RequestHandler.js:154:13 | MS: 1613788324500 | DATE: 2/20/2021, 2:32:04 AM]
------------------------------------
DiscordAPIError: Missing Permissions
EXTRA INFO:
Promise {
  <rejected> DiscordAPIError: Missing Permissions
      at RequestHandler.execute (/home/container/node_modules/discord.js/src/rest/RequestHandler.js:154:13)
      at processTicksAndRejections (internal/process/task_queues.js:97:5)
      at async RequestHandler.push (/home/container/node_modules/discord.js/src/rest/RequestHandler.js:39:14) {
    method: 'put',
    path: '/channels/766263039556976642/permissions/790641203322028054',
    code: 50013,
    httpStatus: 403
  }
}
------------------------------------
[CALLER: RequestHandler.js:154:13 | MS: 1613788324509 | DATE: 2/20/2021, 2:32:04 AM]
-------------------------------
DiscordAPIError: Missing Access
EXTRA INFO:
Promise {
  <rejected> DiscordAPIError: Missing Access
      at RequestHandler.execute (/home/container/node_modules/discord.js/src/rest/RequestHandler.js:154:13)
      at processTicksAndRejections (internal/process/task_queues.js:97:5)
      at async RequestHandler.push (/home/container/node_modules/discord.js/src/rest/RequestHandler.js:39:14) {
    method: 'put',
    path: '/channels/810962028843499610/permissions/790641203322028054',
    code: 50001,
    httpStatus: 403
  }
}
-------------------------------
[CALLER: RequestHandler.js:154:13 | MS: 1613788324516 | DATE: 2/20/2021, 2:32:04 AM]
------------------------------------
DiscordAPIError: Missing Permissions
EXTRA INFO:
Promise {
  <rejected> DiscordAPIError: Missing Permissions
      at RequestHandler.execute (/home/container/node_modules/discord.js/src/rest/RequestHandler.js:154:13)
      at processTicksAndRejections (internal/process/task_queues.js:97:5)
      at async RequestHandler.push (/home/container/node_modules/discord.js/src/rest/RequestHandler.js:39:14) {
    method: 'put',
    path: '/channels/766263039556976644/permissions/790641203322028054',
    code: 50013,
    httpStatus: 403
  }
}
------------------------------------
[CALLER: RequestHandler.js:154:13 | MS: 1613788324567 | DATE: 2/20/2021, 2:32:04 AM]
------------------------------------
DiscordAPIError: Missing Permissions
EXTRA INFO:
Promise {
  <rejected> DiscordAPIError: Missing Permissions
      at RequestHandler.execute (/home/container/node_modules/discord.js/src/rest/RequestHandler.js:154:13)
      at processTicksAndRejections (internal/process/task_queues.js:97:5)
      at async RequestHandler.push (/home/container/node_modules/discord.js/src/rest/RequestHandler.js:39:14) {
    method: 'put',
    path: '/channels/811992534435758120/permissions/790641203322028054',
    code: 50013,
    httpStatus: 403
  }
}
------------------------------------
[CALLER: RequestHandler.js:154:13 | MS: 1613788324613 | DATE: 2/20/2021, 2:32:04 AM]
------------------------------------
DiscordAPIError: Missing Permissions
EXTRA INFO:
Promise {
  <rejected> DiscordAPIError: Missing Permissions
      at RequestHandler.execute (/home/container/node_modules/discord.js/src/rest/RequestHandler.js:154:13)
      at processTicksAndRejections (internal/process/task_queues.js:97:5)
      at async RequestHandler.push (/home/container/node_modules/discord.js/src/rest/RequestHandler.js:39:14)
      at async GuildChannelManager.create (/home/container/node_modules/discord.js/src/managers/GuildChannelManager.js:112:18) {
    method: 'post',
    path: '/guilds/766263039556976640/channels',
    code: 50013,
    httpStatus: 403
  }
}
------------------------------------
[CALLER: RequestHandler.js:154:13 | MS: 1613788347983 | DATE: 2/20/2021, 2:32:27 AM]
------------------------------------
DiscordAPIError: Missing Permissions
EXTRA INFO:
Promise {
  <rejected> DiscordAPIError: Missing Permissions
      at RequestHandler.execute (/home/container/node_modules/discord.js/src/rest/RequestHandler.js:154:13)
      at processTicksAndRejections (internal/process/task_queues.js:97:5)
      at async RequestHandler.push (/home/container/node_modules/discord.js/src/rest/RequestHandler.js:39:14) {
    method: 'get',
    path: '/guilds/766263039556976640/invites',
    code: 50013,
    httpStatus: 403
  }
}
------------------------------------
[CALLER: RequestHandler.js:154:13 | MS: 1613788354412 | DATE: 2/20/2021, 2:32:34 AM]
------------------------------------
DiscordAPIError: Missing Permissions
EXTRA INFO:
Promise {
  <rejected> DiscordAPIError: Missing Permissions
      at RequestHandler.execute (/home/container/node_modules/discord.js/src/rest/RequestHandler.js:154:13)
      at processTicksAndRejections (internal/process/task_queues.js:97:5)
      at async RequestHandler.push (/home/container/node_modules/discord.js/src/rest/RequestHandler.js:39:14)
      at async GuildChannelManager.create (/home/container/node_modules/discord.js/src/managers/GuildChannelManager.js:112:18) {
    method: 'post',
    path: '/guilds/766263039556976640/channels',
    code: 50013,
    httpStatus: 403
  }
}
------------------------------------
[CALLER: RequestHandler.js:154:13 | MS: 1613788380609 | DATE: 2/20/2021, 2:33:00 AM]
------------------------------------
DiscordAPIError: Missing Permissions
EXTRA INFO:
Promise {
  <rejected> DiscordAPIError: Missing Permissions
      at RequestHandler.execute (/home/container/node_modules/discord.js/src/rest/RequestHandler.js:154:13)
      at processTicksAndRejections (internal/process/task_queues.js:97:5)
      at async RequestHandler.push (/home/container/node_modules/discord.js/src/rest/RequestHandler.js:39:14) {
    method: 'get',
    path: '/guilds/766263039556976640/invites',
    code: 50013,
    httpStatus: 403
  }
}
------------------------------------
[CALLER: RequestHandler.js:154:13 | MS: 1613788380702 | DATE: 2/20/2021, 2:33:00 AM]
------------------------------------
DiscordAPIError: Missing Permissions
EXTRA INFO:
Promise {
  <rejected> DiscordAPIError: Missing Permissions
      at RequestHandler.execute (/home/container/node_modules/discord.js/src/rest/RequestHandler.js:154:13)
      at processTicksAndRejections (internal/process/task_queues.js:97:5)
      at async RequestHandler.push (/home/container/node_modules/discord.js/src/rest/RequestHandler.js:39:14) {
    method: 'put',
    path: '/channels/766263039556976641/permissions/790641203322028054',
    code: 50013,
    httpStatus: 403
  }
}
------------------------------------
[CALLER: RequestHandler.js:154:13 | MS: 1613788380730 | DATE: 2/20/2021, 2:33:00 AM]
------------------------------------
DiscordAPIError: Missing Permissions
EXTRA INFO:
Promise {
  <rejected> DiscordAPIError: Missing Permissions
      at RequestHandler.execute (/home/container/node_modules/discord.js/src/rest/RequestHandler.js:154:13)
      at processTicksAndRejections (internal/process/task_queues.js:97:5)
      at async RequestHandler.push (/home/container/node_modules/discord.js/src/rest/RequestHandler.js:39:14) {
    method: 'put',
    path: '/channels/809158045539368961/permissions/790641203322028054',
    code: 50013,
    httpStatus: 403
  }
}
------------------------------------
[CALLER: RequestHandler.js:154:13 | MS: 1613788380735 | DATE: 2/20/2021, 2:33:00 AM]
------------------------------------
DiscordAPIError: Missing Permissions
EXTRA INFO:
Promise {
  <rejected> DiscordAPIError: Missing Permissions
      at RequestHandler.execute (/home/container/node_modules/discord.js/src/rest/RequestHandler.js:154:13)
      at processTicksAndRejections (internal/process/task_queues.js:97:5)
      at async RequestHandler.push (/home/container/node_modules/discord.js/src/rest/RequestHandler.js:39:14) {
    method: 'put',
    path: '/channels/766263039556976644/permissions/790641203322028054',
    code: 50013,
    httpStatus: 403
  }
}
------------------------------------
[CALLER: RequestHandler.js:154:13 | MS: 1613788380771 | DATE: 2/20/2021, 2:33:00 AM]
-------------------------------
DiscordAPIError: Missing Access
EXTRA INFO:
Promise {
  <rejected> DiscordAPIError: Missing Access
      at RequestHandler.execute (/home/container/node_modules/discord.js/src/rest/RequestHandler.js:154:13)
      at processTicksAndRejections (internal/process/task_queues.js:97:5)
      at async RequestHandler.push (/home/container/node_modules/discord.js/src/rest/RequestHandler.js:39:14) {
    method: 'put',
    path: '/channels/810962028843499610/permissions/790641203322028054',
    code: 50001,
    httpStatus: 403
  }
}
-------------------------------
[CALLER: RequestHandler.js:154:13 | MS: 1613788380774 | DATE: 2/20/2021, 2:33:00 AM]
------------------------------------
DiscordAPIError: Missing Permissions
EXTRA INFO:
Promise {
  <rejected> DiscordAPIError: Missing Permissions
      at RequestHandler.execute (/home/container/node_modules/discord.js/src/rest/RequestHandler.js:154:13)
      at processTicksAndRejections (internal/process/task_queues.js:97:5)
      at async RequestHandler.push (/home/container/node_modules/discord.js/src/rest/RequestHandler.js:39:14)
      at async GuildChannelManager.create (/home/container/node_modules/discord.js/src/managers/GuildChannelManager.js:112:18) {
    method: 'post',
    path: '/guilds/766263039556976640/channels',
    code: 50013,
    httpStatus: 403
  }
}
------------------------------------
[CALLER: RequestHandler.js:154:13 | MS: 1613788380788 | DATE: 2/20/2021, 2:33:00 AM]
------------------------------------
DiscordAPIError: Missing Permissions
EXTRA INFO:
Promise {
  <rejected> DiscordAPIError: Missing Permissions
      at RequestHandler.execute (/home/container/node_modules/discord.js/src/rest/RequestHandler.js:154:13)
      at processTicksAndRejections (internal/process/task_queues.js:97:5)
      at async RequestHandler.push (/home/container/node_modules/discord.js/src/rest/RequestHandler.js:39:14) {
    method: 'put',
    path: '/channels/811992534435758120/permissions/790641203322028054',
    code: 50013,
    httpStatus: 403
  }
}
------------------------------------
[CALLER: RequestHandler.js:154:13 | MS: 1613788380810 | DATE: 2/20/2021, 2:33:00 AM]
------------------------------------
DiscordAPIError: Missing Permissions
EXTRA INFO:
Promise {
  <rejected> DiscordAPIError: Missing Permissions
      at RequestHandler.execute (/home/container/node_modules/discord.js/src/rest/RequestHandler.js:154:13)
      at processTicksAndRejections (internal/process/task_queues.js:97:5)
      at async RequestHandler.push (/home/container/node_modules/discord.js/src/rest/RequestHandler.js:39:14) {
    method: 'put',
    path: '/channels/766263039556976642/permissions/790641203322028054',
    code: 50013,
    httpStatus: 403
  }
}
------------------------------------
[CALLER: RequestHandler.js:154:13 | MS: 1613788410678 | DATE: 2/20/2021, 2:33:30 AM]
------------------------------------
DiscordAPIError: Missing Permissions
EXTRA INFO:
Promise {
  <rejected> DiscordAPIError: Missing Permissions
      at RequestHandler.execute (/home/container/node_modules/discord.js/src/rest/RequestHandler.js:154:13)
      at processTicksAndRejections (internal/process/task_queues.js:97:5)
      at async RequestHandler.push (/home/container/node_modules/discord.js/src/rest/RequestHandler.js:39:14)
      at async GuildChannelManager.create (/home/container/node_modules/discord.js/src/managers/GuildChannelManager.js:112:18) {
    method: 'post',
    path: '/guilds/766263039556976640/channels',
    code: 50013,
    httpStatus: 403
  }
}
------------------------------------
[CALLER: RequestHandler.js:154:13 | MS: 1613788418682 | DATE: 2/20/2021, 2:33:38 AM]
------------------------------------
DiscordAPIError: Missing Permissions
EXTRA INFO:
Promise {
  <rejected> DiscordAPIError: Missing Permissions
      at RequestHandler.execute (/home/container/node_modules/discord.js/src/rest/RequestHandler.js:154:13)
      at processTicksAndRejections (internal/process/task_queues.js:97:5)
      at async RequestHandler.push (/home/container/node_modules/discord.js/src/rest/RequestHandler.js:39:14) {
    method: 'get',
    path: '/guilds/766263039556976640/invites',
    code: 50013,
    httpStatus: 403
  }
}
------------------------------------
[CALLER: RequestHandler.js:154:13 | MS: 1613788440642 | DATE: 2/20/2021, 2:34:00 AM]
------------------------------------
DiscordAPIError: Missing Permissions
EXTRA INFO:
Promise {
  <rejected> DiscordAPIError: Missing Permissions
      at RequestHandler.execute (/home/container/node_modules/discord.js/src/rest/RequestHandler.js:154:13)
      at processTicksAndRejections (internal/process/task_queues.js:97:5)
      at async RequestHandler.push (/home/container/node_modules/discord.js/src/rest/RequestHandler.js:39:14)
      at async GuildChannelManager.create (/home/container/node_modules/discord.js/src/managers/GuildChannelManager.js:112:18) {
    method: 'post',
    path: '/guilds/766263039556976640/channels',
    code: 50013,
    httpStatus: 403
  }
}
------------------------------------
[CALLER: RequestHandler.js:154:13 | MS: 1613788470688 | DATE: 2/20/2021, 2:34:30 AM]
------------------------------------
DiscordAPIError: Missing Permissions
EXTRA INFO:
Promise {
  <rejected> DiscordAPIError: Missing Permissions
      at RequestHandler.execute (/home/container/node_modules/discord.js/src/rest/RequestHandler.js:154:13)
      at processTicksAndRejections (internal/process/task_queues.js:97:5)
      at async RequestHandler.push (/home/container/node_modules/discord.js/src/rest/RequestHandler.js:39:14)
      at async GuildChannelManager.create (/home/container/node_modules/discord.js/src/managers/GuildChannelManager.js:112:18) {
    method: 'post',
    path: '/guilds/766263039556976640/channels',
    code: 50013,
    httpStatus: 403
  }
}
------------------------------------
[CALLER: RequestHandler.js:154:13 | MS: 1613788500649 | DATE: 2/20/2021, 2:35:00 AM]
------------------------------------
DiscordAPIError: Missing Permissions
EXTRA INFO:
Promise {
  <rejected> DiscordAPIError: Missing Permissions
      at RequestHandler.execute (/home/container/node_modules/discord.js/src/rest/RequestHandler.js:154:13)
      at processTicksAndRejections (internal/process/task_queues.js:97:5)
      at async RequestHandler.push (/home/container/node_modules/discord.js/src/rest/RequestHandler.js:39:14)
      at async GuildChannelManager.create (/home/container/node_modules/discord.js/src/managers/GuildChannelManager.js:112:18) {
    method: 'post',
    path: '/guilds/766263039556976640/channels',
    code: 50013,
    httpStatus: 403
  }
}
------------------------------------
[CALLER: RequestHandler.js:154:13 | MS: 1613788530629 | DATE: 2/20/2021, 2:35:30 AM]
------------------------------------
DiscordAPIError: Missing Permissions
EXTRA INFO:
Promise {
  <rejected> DiscordAPIError: Missing Permissions
      at RequestHandler.execute (/home/container/node_modules/discord.js/src/rest/RequestHandler.js:154:13)
      at processTicksAndRejections (internal/process/task_queues.js:97:5)
      at async RequestHandler.push (/home/container/node_modules/discord.js/src/rest/RequestHandler.js:39:14)
      at async GuildChannelManager.create (/home/container/node_modules/discord.js/src/managers/GuildChannelManager.js:112:18) {
    method: 'post',
    path: '/guilds/766263039556976640/channels',
    code: 50013,
    httpStatus: 403
  }
}
------------------------------------
[CALLER: RequestHandler.js:154:13 | MS: 1613788560657 | DATE: 2/20/2021, 2:36:00 AM]
------------------------------------
DiscordAPIError: Missing Permissions
EXTRA INFO:
Promise {
  <rejected> DiscordAPIError: Missing Permissions
      at RequestHandler.execute (/home/container/node_modules/discord.js/src/rest/RequestHandler.js:154:13)
      at processTicksAndRejections (internal/process/task_queues.js:97:5)
      at async RequestHandler.push (/home/container/node_modules/discord.js/src/rest/RequestHandler.js:39:14)
      at async GuildChannelManager.create (/home/container/node_modules/discord.js/src/managers/GuildChannelManager.js:112:18) {
    method: 'post',
    path: '/guilds/766263039556976640/channels',
    code: 50013,
    httpStatus: 403
  }
}
------------------------------------
[CALLER: RequestHandler.js:154:13 | MS: 1613788590628 | DATE: 2/20/2021, 2:36:30 AM]
------------------------------------
DiscordAPIError: Missing Permissions
EXTRA INFO:
Promise {
  <rejected> DiscordAPIError: Missing Permissions
      at RequestHandler.execute (/home/container/node_modules/discord.js/src/rest/RequestHandler.js:154:13)
      at processTicksAndRejections (internal/process/task_queues.js:97:5)
      at async RequestHandler.push (/home/container/node_modules/discord.js/src/rest/RequestHandler.js:39:14)
      at async GuildChannelManager.create (/home/container/node_modules/discord.js/src/managers/GuildChannelManager.js:112:18) {
    method: 'post',
    path: '/guilds/766263039556976640/channels',
    code: 50013,
    httpStatus: 403
  }
}
------------------------------------
[CALLER: RequestHandler.js:154:13 | MS: 1613788620653 | DATE: 2/20/2021, 2:37:00 AM]
------------------------------------
DiscordAPIError: Missing Permissions
EXTRA INFO:
Promise {
  <rejected> DiscordAPIError: Missing Permissions
      at RequestHandler.execute (/home/container/node_modules/discord.js/src/rest/RequestHandler.js:154:13)
      at processTicksAndRejections (internal/process/task_queues.js:97:5)
      at async RequestHandler.push (/home/container/node_modules/discord.js/src/rest/RequestHandler.js:39:14)
      at async GuildChannelManager.create (/home/container/node_modules/discord.js/src/managers/GuildChannelManager.js:112:18) {
    method: 'post',
    path: '/guilds/766263039556976640/channels',
    code: 50013,
    httpStatus: 403
  }
}
------------------------------------
[CALLER: RequestHandler.js:154:13 | MS: 1613788650731 | DATE: 2/20/2021, 2:37:30 AM]
------------------------------------
DiscordAPIError: Missing Permissions
EXTRA INFO:
Promise {
  <rejected> DiscordAPIError: Missing Permissions
      at RequestHandler.execute (/home/container/node_modules/discord.js/src/rest/RequestHandler.js:154:13)
      at processTicksAndRejections (internal/process/task_queues.js:97:5)
      at async RequestHandler.push (/home/container/node_modules/discord.js/src/rest/RequestHandler.js:39:14)
      at async GuildChannelManager.create (/home/container/node_modules/discord.js/src/managers/GuildChannelManager.js:112:18) {
    method: 'post',
    path: '/guilds/766263039556976640/channels',
    code: 50013,
    httpStatus: 403
  }
}
------------------------------------
[CALLER: RequestHandler.js:154:13 | MS: 1613788680664 | DATE: 2/20/2021, 2:38:00 AM]
------------------------------------
DiscordAPIError: Missing Permissions
EXTRA INFO:
Promise {
  <rejected> DiscordAPIError: Missing Permissions
      at RequestHandler.execute (/home/container/node_modules/discord.js/src/rest/RequestHandler.js:154:13)
      at processTicksAndRejections (internal/process/task_queues.js:97:5)
      at async RequestHandler.push (/home/container/node_modules/discord.js/src/rest/RequestHandler.js:39:14)
      at async GuildChannelManager.create (/home/container/node_modules/discord.js/src/managers/GuildChannelManager.js:112:18) {
    method: 'post',
    path: '/guilds/766263039556976640/channels',
    code: 50013,
    httpStatus: 403
  }
}
------------------------------------
[CALLER: RequestHandler.js:154:13 | MS: 1613788710669 | DATE: 2/20/2021, 2:38:30 AM]
------------------------------------
DiscordAPIError: Missing Permissions
EXTRA INFO:
Promise {
  <rejected> DiscordAPIError: Missing Permissions
      at RequestHandler.execute (/home/container/node_modules/discord.js/src/rest/RequestHandler.js:154:13)
      at processTicksAndRejections (internal/process/task_queues.js:97:5)
      at async RequestHandler.push (/home/container/node_modules/discord.js/src/rest/RequestHandler.js:39:14)
      at async GuildChannelManager.create (/home/container/node_modules/discord.js/src/managers/GuildChannelManager.js:112:18) {
    method: 'post',
    path: '/guilds/766263039556976640/channels',
    code: 50013,
    httpStatus: 403
  }
}
------------------------------------
[CALLER: RequestHandler.js:154:13 | MS: 1613788740655 | DATE: 2/20/2021, 2:39:00 AM]
------------------------------------
DiscordAPIError: Missing Permissions
EXTRA INFO:
Promise {
  <rejected> DiscordAPIError: Missing Permissions
      at RequestHandler.execute (/home/container/node_modules/discord.js/src/rest/RequestHandler.js:154:13)
      at processTicksAndRejections (internal/process/task_queues.js:97:5)
      at async RequestHandler.push (/home/container/node_modules/discord.js/src/rest/RequestHandler.js:39:14)
      at async GuildChannelManager.create (/home/container/node_modules/discord.js/src/managers/GuildChannelManager.js:112:18) {
    method: 'post',
    path: '/guilds/766263039556976640/channels',
    code: 50013,
    httpStatus: 403
  }
}
------------------------------------
[CALLER: RequestHandler.js:154:13 | MS: 1613788770642 | DATE: 2/20/2021, 2:39:30 AM]
------------------------------------
DiscordAPIError: Missing Permissions
EXTRA INFO:
Promise {
  <rejected> DiscordAPIError: Missing Permissions
      at RequestHandler.execute (/home/container/node_modules/discord.js/src/rest/RequestHandler.js:154:13)
      at processTicksAndRejections (internal/process/task_queues.js:97:5)
      at async RequestHandler.push (/home/container/node_modules/discord.js/src/rest/RequestHandler.js:39:14)
      at async GuildChannelManager.create (/home/container/node_modules/discord.js/src/managers/GuildChannelManager.js:112:18) {
    method: 'post',
    path: '/guilds/766263039556976640/channels',
    code: 50013,
    httpStatus: 403
  }
}
------------------------------------
[CALLER: RequestHandler.js:154:13 | MS: 1613788800646 | DATE: 2/20/2021, 2:40:00 AM]
------------------------------------
DiscordAPIError: Missing Permissions
EXTRA INFO:
Promise {
  <rejected> DiscordAPIError: Missing Permissions
      at RequestHandler.execute (/home/container/node_modules/discord.js/src/rest/RequestHandler.js:154:13)
      at processTicksAndRejections (internal/process/task_queues.js:97:5)
      at async RequestHandler.push (/home/container/node_modules/discord.js/src/rest/RequestHandler.js:39:14)
      at async GuildChannelManager.create (/home/container/node_modules/discord.js/src/managers/GuildChannelManager.js:112:18) {
    method: 'post',
    path: '/guilds/766263039556976640/channels',
    code: 50013,
    httpStatus: 403
  }
}
------------------------------------
[CALLER: RequestHandler.js:154:13 | MS: 1613788830636 | DATE: 2/20/2021, 2:40:30 AM]
------------------------------------
DiscordAPIError: Missing Permissions
EXTRA INFO:
Promise {
  <rejected> DiscordAPIError: Missing Permissions
      at RequestHandler.execute (/home/container/node_modules/discord.js/src/rest/RequestHandler.js:154:13)
      at runMicrotasks (<anonymous>)
      at processTicksAndRejections (internal/process/task_queues.js:97:5)
      at async RequestHandler.push (/home/container/node_modules/discord.js/src/rest/RequestHandler.js:39:14)
      at async GuildChannelManager.create (/home/container/node_modules/discord.js/src/managers/GuildChannelManager.js:112:18) {
    method: 'post',
    path: '/guilds/766263039556976640/channels',
    code: 50013,
    httpStatus: 403
  }
}
------------------------------------
[CALLER: RequestHandler.js:154:13 | MS: 1613788860712 | DATE: 2/20/2021, 2:41:00 AM]
------------------------------------
DiscordAPIError: Missing Permissions
EXTRA INFO:
Promise {
  <rejected> DiscordAPIError: Missing Permissions
      at RequestHandler.execute (/home/container/node_modules/discord.js/src/rest/RequestHandler.js:154:13)
      at runMicrotasks (<anonymous>)
      at processTicksAndRejections (internal/process/task_queues.js:97:5)
      at async RequestHandler.push (/home/container/node_modules/discord.js/src/rest/RequestHandler.js:39:14)
      at async GuildChannelManager.create (/home/container/node_modules/discord.js/src/managers/GuildChannelManager.js:112:18) {
    method: 'post',
    path: '/guilds/766263039556976640/channels',
    code: 50013,
    httpStatus: 403
  }
}
------------------------------------
[CALLER: RequestHandler.js:154:13 | MS: 1613788890644 | DATE: 2/20/2021, 2:41:30 AM]
------------------------------------
DiscordAPIError: Missing Permissions
EXTRA INFO:
Promise {
  <rejected> DiscordAPIError: Missing Permissions
      at RequestHandler.execute (/home/container/node_modules/discord.js/src/rest/RequestHandler.js:154:13)
      at runMicrotasks (<anonymous>)
      at processTicksAndRejections (internal/process/task_queues.js:97:5)
      at async RequestHandler.push (/home/container/node_modules/discord.js/src/rest/RequestHandler.js:39:14)
      at async GuildChannelManager.create (/home/container/node_modules/discord.js/src/managers/GuildChannelManager.js:112:18) {
    method: 'post',
    path: '/guilds/766263039556976640/channels',
    code: 50013,
    httpStatus: 403
  }
}
------------------------------------
[CALLER: RequestHandler.js:154:13 | MS: 1613788920643 | DATE: 2/20/2021, 2:42:00 AM]
------------------------------------
DiscordAPIError: Missing Permissions
EXTRA INFO:
Promise {
  <rejected> DiscordAPIError: Missing Permissions
      at RequestHandler.execute (/home/container/node_modules/discord.js/src/rest/RequestHandler.js:154:13)
      at runMicrotasks (<anonymous>)
      at processTicksAndRejections (internal/process/task_queues.js:97:5)
      at async RequestHandler.push (/home/container/node_modules/discord.js/src/rest/RequestHandler.js:39:14)
      at async GuildChannelManager.create (/home/container/node_modules/discord.js/src/managers/GuildChannelManager.js:112:18) {
    method: 'post',
    path: '/guilds/766263039556976640/channels',
    code: 50013,
    httpStatus: 403
  }
}
------------------------------------
[CALLER: RequestHandler.js:154:13 | MS: 1613788950685 | DATE: 2/20/2021, 2:42:30 AM]
------------------------------------
DiscordAPIError: Missing Permissions
EXTRA INFO:
Promise {
  <rejected> DiscordAPIError: Missing Permissions
      at RequestHandler.execute (/home/container/node_modules/discord.js/src/rest/RequestHandler.js:154:13)
      at runMicrotasks (<anonymous>)
      at processTicksAndRejections (internal/process/task_queues.js:97:5)
      at async RequestHandler.push (/home/container/node_modules/discord.js/src/rest/RequestHandler.js:39:14)
      at async GuildChannelManager.create (/home/container/node_modules/discord.js/src/managers/GuildChannelManager.js:112:18) {
    method: 'post',
    path: '/guilds/766263039556976640/channels',
    code: 50013,
    httpStatus: 403
  }
}
------------------------------------
[CALLER: RequestHandler.js:154:13 | MS: 1613788980632 | DATE: 2/20/2021, 2:43:00 AM]
------------------------------------
DiscordAPIError: Missing Permissions
EXTRA INFO:
Promise {
  <rejected> DiscordAPIError: Missing Permissions
      at RequestHandler.execute (/home/container/node_modules/discord.js/src/rest/RequestHandler.js:154:13)
      at runMicrotasks (<anonymous>)
      at processTicksAndRejections (internal/process/task_queues.js:97:5)
      at async RequestHandler.push (/home/container/node_modules/discord.js/src/rest/RequestHandler.js:39:14)
      at async GuildChannelManager.create (/home/container/node_modules/discord.js/src/managers/GuildChannelManager.js:112:18) {
    method: 'post',
    path: '/guilds/766263039556976640/channels',
    code: 50013,
    httpStatus: 403
  }
}
------------------------------------
[CALLER: RequestHandler.js:154:13 | MS: 1613789010628 | DATE: 2/20/2021, 2:43:30 AM]
------------------------------------
DiscordAPIError: Missing Permissions
EXTRA INFO:
Promise {
  <rejected> DiscordAPIError: Missing Permissions
      at RequestHandler.execute (/home/container/node_modules/discord.js/src/rest/RequestHandler.js:154:13)
      at runMicrotasks (<anonymous>)
      at processTicksAndRejections (internal/process/task_queues.js:97:5)
      at async RequestHandler.push (/home/container/node_modules/discord.js/src/rest/RequestHandler.js:39:14)
      at async GuildChannelManager.create (/home/container/node_modules/discord.js/src/managers/GuildChannelManager.js:112:18) {
    method: 'post',
    path: '/guilds/766263039556976640/channels',
    code: 50013,
    httpStatus: 403
  }
}
------------------------------------
[CALLER: RequestHandler.js:154:13 | MS: 1613789040642 | DATE: 2/20/2021, 2:44:00 AM]
------------------------------------
DiscordAPIError: Missing Permissions
EXTRA INFO:
Promise {
  <rejected> DiscordAPIError: Missing Permissions
      at RequestHandler.execute (/home/container/node_modules/discord.js/src/rest/RequestHandler.js:154:13)
      at runMicrotasks (<anonymous>)
      at processTicksAndRejections (internal/process/task_queues.js:97:5)
      at async RequestHandler.push (/home/container/node_modules/discord.js/src/rest/RequestHandler.js:39:14)
      at async GuildChannelManager.create (/home/container/node_modules/discord.js/src/managers/GuildChannelManager.js:112:18) {
    method: 'post',
    path: '/guilds/766263039556976640/channels',
    code: 50013,
    httpStatus: 403
  }
}
------------------------------------
[CALLER: RequestHandler.js:154:13 | MS: 1613789070663 | DATE: 2/20/2021, 2:44:30 AM]
------------------------------------
DiscordAPIError: Missing Permissions
EXTRA INFO:
Promise {
  <rejected> DiscordAPIError: Missing Permissions
      at RequestHandler.execute (/home/container/node_modules/discord.js/src/rest/RequestHandler.js:154:13)
      at runMicrotasks (<anonymous>)
      at processTicksAndRejections (internal/process/task_queues.js:97:5)
      at async RequestHandler.push (/home/container/node_modules/discord.js/src/rest/RequestHandler.js:39:14)
      at async GuildChannelManager.create (/home/container/node_modules/discord.js/src/managers/GuildChannelManager.js:112:18) {
    method: 'post',
    path: '/guilds/766263039556976640/channels',
    code: 50013,
    httpStatus: 403
  }
}
------------------------------------
[CALLER: RequestHandler.js:154:13 | MS: 1613789100636 | DATE: 2/20/2021, 2:45:00 AM]
------------------------------------
DiscordAPIError: Missing Permissions
EXTRA INFO:
Promise {
  <rejected> DiscordAPIError: Missing Permissions
      at RequestHandler.execute (/home/container/node_modules/discord.js/src/rest/RequestHandler.js:154:13)
      at runMicrotasks (<anonymous>)
      at processTicksAndRejections (internal/process/task_queues.js:97:5)
      at async RequestHandler.push (/home/container/node_modules/discord.js/src/rest/RequestHandler.js:39:14)
      at async GuildChannelManager.create (/home/container/node_modules/discord.js/src/managers/GuildChannelManager.js:112:18) {
    method: 'post',
    path: '/guilds/766263039556976640/channels',
    code: 50013,
    httpStatus: 403
  }
}
------------------------------------
[CALLER: RequestHandler.js:154:13 | MS: 1613789130643 | DATE: 2/20/2021, 2:45:30 AM]
------------------------------------
DiscordAPIError: Missing Permissions
EXTRA INFO:
Promise {
  <rejected> DiscordAPIError: Missing Permissions
      at RequestHandler.execute (/home/container/node_modules/discord.js/src/rest/RequestHandler.js:154:13)
      at runMicrotasks (<anonymous>)
      at processTicksAndRejections (internal/process/task_queues.js:97:5)
      at async RequestHandler.push (/home/container/node_modules/discord.js/src/rest/RequestHandler.js:39:14)
      at async GuildChannelManager.create (/home/container/node_modules/discord.js/src/managers/GuildChannelManager.js:112:18) {
    method: 'post',
    path: '/guilds/766263039556976640/channels',
    code: 50013,
    httpStatus: 403
  }
}
------------------------------------
[CALLER: RequestHandler.js:154:13 | MS: 1613789160659 | DATE: 2/20/2021, 2:46:00 AM]
------------------------------------
DiscordAPIError: Missing Permissions
EXTRA INFO:
Promise {
  <rejected> DiscordAPIError: Missing Permissions
      at RequestHandler.execute (/home/container/node_modules/discord.js/src/rest/RequestHandler.js:154:13)
      at runMicrotasks (<anonymous>)
      at processTicksAndRejections (internal/process/task_queues.js:97:5)
      at async RequestHandler.push (/home/container/node_modules/discord.js/src/rest/RequestHandler.js:39:14)
      at async GuildChannelManager.create (/home/container/node_modules/discord.js/src/managers/GuildChannelManager.js:112:18) {
    method: 'post',
    path: '/guilds/766263039556976640/channels',
    code: 50013,
    httpStatus: 403
  }
}
------------------------------------
[CALLER: RequestHandler.js:154:13 | MS: 1613789190675 | DATE: 2/20/2021, 2:46:30 AM]
------------------------------------
DiscordAPIError: Missing Permissions
EXTRA INFO:
Promise {
  <rejected> DiscordAPIError: Missing Permissions
      at RequestHandler.execute (/home/container/node_modules/discord.js/src/rest/RequestHandler.js:154:13)
      at runMicrotasks (<anonymous>)
      at processTicksAndRejections (internal/process/task_queues.js:97:5)
      at async RequestHandler.push (/home/container/node_modules/discord.js/src/rest/RequestHandler.js:39:14)
      at async GuildChannelManager.create (/home/container/node_modules/discord.js/src/managers/GuildChannelManager.js:112:18) {
    method: 'post',
    path: '/guilds/766263039556976640/channels',
    code: 50013,
    httpStatus: 403
  }
}
------------------------------------
[CALLER: RequestHandler.js:154:13 | MS: 1613789220634 | DATE: 2/20/2021, 2:47:00 AM]
------------------------------------
DiscordAPIError: Missing Permissions
EXTRA INFO:
Promise {
  <rejected> DiscordAPIError: Missing Permissions
      at RequestHandler.execute (/home/container/node_modules/discord.js/src/rest/RequestHandler.js:154:13)
      at runMicrotasks (<anonymous>)
      at processTicksAndRejections (internal/process/task_queues.js:97:5)
      at async RequestHandler.push (/home/container/node_modules/discord.js/src/rest/RequestHandler.js:39:14)
      at async GuildChannelManager.create (/home/container/node_modules/discord.js/src/managers/GuildChannelManager.js:112:18) {
    method: 'post',
    path: '/guilds/766263039556976640/channels',
    code: 50013,
    httpStatus: 403
  }
}
------------------------------------
[CALLER: RequestHandler.js:154:13 | MS: 1613789250651 | DATE: 2/20/2021, 2:47:30 AM]
------------------------------------
DiscordAPIError: Missing Permissions
EXTRA INFO:
Promise {
  <rejected> DiscordAPIError: Missing Permissions
      at RequestHandler.execute (/home/container/node_modules/discord.js/src/rest/RequestHandler.js:154:13)
      at runMicrotasks (<anonymous>)
      at processTicksAndRejections (internal/process/task_queues.js:97:5)
      at async RequestHandler.push (/home/container/node_modules/discord.js/src/rest/RequestHandler.js:39:14)
      at async GuildChannelManager.create (/home/container/node_modules/discord.js/src/managers/GuildChannelManager.js:112:18) {
    method: 'post',
    path: '/guilds/766263039556976640/channels',
    code: 50013,
    httpStatus: 403
  }
}
------------------------------------
[CALLER: RequestHandler.js:154:13 | MS: 1613789280646 | DATE: 2/20/2021, 2:48:00 AM]
------------------------------------
DiscordAPIError: Missing Permissions
EXTRA INFO:
Promise {
  <rejected> DiscordAPIError: Missing Permissions
      at RequestHandler.execute (/home/container/node_modules/discord.js/src/rest/RequestHandler.js:154:13)
      at runMicrotasks (<anonymous>)
      at processTicksAndRejections (internal/process/task_queues.js:97:5)
      at async RequestHandler.push (/home/container/node_modules/discord.js/src/rest/RequestHandler.js:39:14)
      at async GuildChannelManager.create (/home/container/node_modules/discord.js/src/managers/GuildChannelManager.js:112:18) {
    method: 'post',
    path: '/guilds/766263039556976640/channels',
    code: 50013,
    httpStatus: 403
  }
}
------------------------------------
[CALLER: RequestHandler.js:154:13 | MS: 1613789310648 | DATE: 2/20/2021, 2:48:30 AM]
------------------------------------
DiscordAPIError: Missing Permissions
EXTRA INFO:
Promise {
  <rejected> DiscordAPIError: Missing Permissions
      at RequestHandler.execute (/home/container/node_modules/discord.js/src/rest/RequestHandler.js:154:13)
      at runMicrotasks (<anonymous>)
      at processTicksAndRejections (internal/process/task_queues.js:97:5)
      at async RequestHandler.push (/home/container/node_modules/discord.js/src/rest/RequestHandler.js:39:14)
      at async GuildChannelManager.create (/home/container/node_modules/discord.js/src/managers/GuildChannelManager.js:112:18) {
    method: 'post',
    path: '/guilds/766263039556976640/channels',
    code: 50013,
    httpStatus: 403
  }
}
------------------------------------
[CALLER: RequestHandler.js:154:13 | MS: 1613789340671 | DATE: 2/20/2021, 2:49:00 AM]
------------------------------------
DiscordAPIError: Missing Permissions
EXTRA INFO:
Promise {
  <rejected> DiscordAPIError: Missing Permissions
      at RequestHandler.execute (/home/container/node_modules/discord.js/src/rest/RequestHandler.js:154:13)
      at runMicrotasks (<anonymous>)
      at processTicksAndRejections (internal/process/task_queues.js:97:5)
      at async RequestHandler.push (/home/container/node_modules/discord.js/src/rest/RequestHandler.js:39:14)
      at async GuildChannelManager.create (/home/container/node_modules/discord.js/src/managers/GuildChannelManager.js:112:18) {
    method: 'post',
    path: '/guilds/766263039556976640/channels',
    code: 50013,
    httpStatus: 403
  }
}
------------------------------------
[CALLER: RequestHandler.js:154:13 | MS: 1613789370643 | DATE: 2/20/2021, 2:49:30 AM]
------------------------------------
DiscordAPIError: Missing Permissions
EXTRA INFO:
Promise {
  <rejected> DiscordAPIError: Missing Permissions
      at RequestHandler.execute (/home/container/node_modules/discord.js/src/rest/RequestHandler.js:154:13)
      at runMicrotasks (<anonymous>)
      at processTicksAndRejections (internal/process/task_queues.js:97:5)
      at async RequestHandler.push (/home/container/node_modules/discord.js/src/rest/RequestHandler.js:39:14)
      at async GuildChannelManager.create (/home/container/node_modules/discord.js/src/managers/GuildChannelManager.js:112:18) {
    method: 'post',
    path: '/guilds/766263039556976640/channels',
    code: 50013,
    httpStatus: 403
  }
}
------------------------------------
[CALLER: RequestHandler.js:154:13 | MS: 1613789400644 | DATE: 2/20/2021, 2:50:00 AM]
------------------------------------
DiscordAPIError: Missing Permissions
EXTRA INFO:
Promise {
  <rejected> DiscordAPIError: Missing Permissions
      at RequestHandler.execute (/home/container/node_modules/discord.js/src/rest/RequestHandler.js:154:13)
      at runMicrotasks (<anonymous>)
      at processTicksAndRejections (internal/process/task_queues.js:97:5)
      at async RequestHandler.push (/home/container/node_modules/discord.js/src/rest/RequestHandler.js:39:14)
      at async GuildChannelManager.create (/home/container/node_modules/discord.js/src/managers/GuildChannelManager.js:112:18) {
    method: 'post',
    path: '/guilds/766263039556976640/channels',
    code: 50013,
    httpStatus: 403
  }
}
------------------------------------
[CALLER: RequestHandler.js:154:13 | MS: 1613789430690 | DATE: 2/20/2021, 2:50:30 AM]
------------------------------------
DiscordAPIError: Missing Permissions
EXTRA INFO:
Promise {
  <rejected> DiscordAPIError: Missing Permissions
      at RequestHandler.execute (/home/container/node_modules/discord.js/src/rest/RequestHandler.js:154:13)
      at runMicrotasks (<anonymous>)
      at processTicksAndRejections (internal/process/task_queues.js:97:5)
      at async RequestHandler.push (/home/container/node_modules/discord.js/src/rest/RequestHandler.js:39:14)
      at async GuildChannelManager.create (/home/container/node_modules/discord.js/src/managers/GuildChannelManager.js:112:18) {
    method: 'post',
    path: '/guilds/766263039556976640/channels',
    code: 50013,
    httpStatus: 403
  }
}
------------------------------------
[CALLER: RequestHandler.js:154:13 | MS: 1613789460723 | DATE: 2/20/2021, 2:51:00 AM]
------------------------------------
DiscordAPIError: Missing Permissions
EXTRA INFO:
Promise {
  <rejected> DiscordAPIError: Missing Permissions
      at RequestHandler.execute (/home/container/node_modules/discord.js/src/rest/RequestHandler.js:154:13)
      at runMicrotasks (<anonymous>)
      at processTicksAndRejections (internal/process/task_queues.js:97:5)
      at async RequestHandler.push (/home/container/node_modules/discord.js/src/rest/RequestHandler.js:39:14)
      at async GuildChannelManager.create (/home/container/node_modules/discord.js/src/managers/GuildChannelManager.js:112:18) {
    method: 'post',
    path: '/guilds/766263039556976640/channels',
    code: 50013,
    httpStatus: 403
  }
}
------------------------------------
[CALLER: RequestHandler.js:154:13 | MS: 1613789490651 | DATE: 2/20/2021, 2:51:30 AM]
------------------------------------
DiscordAPIError: Missing Permissions
EXTRA INFO:
Promise {
  <rejected> DiscordAPIError: Missing Permissions
      at RequestHandler.execute (/home/container/node_modules/discord.js/src/rest/RequestHandler.js:154:13)
      at runMicrotasks (<anonymous>)
      at processTicksAndRejections (internal/process/task_queues.js:97:5)
      at async RequestHandler.push (/home/container/node_modules/discord.js/src/rest/RequestHandler.js:39:14)
      at async GuildChannelManager.create (/home/container/node_modules/discord.js/src/managers/GuildChannelManager.js:112:18) {
    method: 'post',
    path: '/guilds/766263039556976640/channels',
    code: 50013,
    httpStatus: 403
  }
}
------------------------------------
[CALLER: RequestHandler.js:154:13 | MS: 1613789520693 | DATE: 2/20/2021, 2:52:00 AM]
------------------------------------
DiscordAPIError: Missing Permissions
EXTRA INFO:
Promise {
  <rejected> DiscordAPIError: Missing Permissions
      at RequestHandler.execute (/home/container/node_modules/discord.js/src/rest/RequestHandler.js:154:13)
      at runMicrotasks (<anonymous>)
      at processTicksAndRejections (internal/process/task_queues.js:97:5)
      at async RequestHandler.push (/home/container/node_modules/discord.js/src/rest/RequestHandler.js:39:14)
      at async GuildChannelManager.create (/home/container/node_modules/discord.js/src/managers/GuildChannelManager.js:112:18) {
    method: 'post',
    path: '/guilds/766263039556976640/channels',
    code: 50013,
    httpStatus: 403
  }
}
------------------------------------
[CALLER: RequestHandler.js:154:13 | MS: 1613789550646 | DATE: 2/20/2021, 2:52:30 AM]
------------------------------------
DiscordAPIError: Missing Permissions
EXTRA INFO:
Promise {
  <rejected> DiscordAPIError: Missing Permissions
      at RequestHandler.execute (/home/container/node_modules/discord.js/src/rest/RequestHandler.js:154:13)
      at runMicrotasks (<anonymous>)
      at processTicksAndRejections (internal/process/task_queues.js:97:5)
      at async RequestHandler.push (/home/container/node_modules/discord.js/src/rest/RequestHandler.js:39:14)
      at async GuildChannelManager.create (/home/container/node_modules/discord.js/src/managers/GuildChannelManager.js:112:18) {
    method: 'post',
    path: '/guilds/766263039556976640/channels',
    code: 50013,
    httpStatus: 403
  }
}
------------------------------------
[CALLER: RequestHandler.js:154:13 | MS: 1613789580645 | DATE: 2/20/2021, 2:53:00 AM]
------------------------------------
DiscordAPIError: Missing Permissions
EXTRA INFO:
Promise {
  <rejected> DiscordAPIError: Missing Permissions
      at RequestHandler.execute (/home/container/node_modules/discord.js/src/rest/RequestHandler.js:154:13)
      at runMicrotasks (<anonymous>)
      at processTicksAndRejections (internal/process/task_queues.js:97:5)
      at async RequestHandler.push (/home/container/node_modules/discord.js/src/rest/RequestHandler.js:39:14)
      at async GuildChannelManager.create (/home/container/node_modules/discord.js/src/managers/GuildChannelManager.js:112:18) {
    method: 'post',
    path: '/guilds/766263039556976640/channels',
    code: 50013,
    httpStatus: 403
  }
}
------------------------------------
[CALLER: RequestHandler.js:154:13 | MS: 1613789610657 | DATE: 2/20/2021, 2:53:30 AM]
------------------------------------
DiscordAPIError: Missing Permissions
EXTRA INFO:
Promise {
  <rejected> DiscordAPIError: Missing Permissions
      at RequestHandler.execute (/home/container/node_modules/discord.js/src/rest/RequestHandler.js:154:13)
      at runMicrotasks (<anonymous>)
      at processTicksAndRejections (internal/process/task_queues.js:97:5)
      at async RequestHandler.push (/home/container/node_modules/discord.js/src/rest/RequestHandler.js:39:14)
      at async GuildChannelManager.create (/home/container/node_modules/discord.js/src/managers/GuildChannelManager.js:112:18) {
    method: 'post',
    path: '/guilds/766263039556976640/channels',
    code: 50013,
    httpStatus: 403
  }
}
------------------------------------
[CALLER: RequestHandler.js:154:13 | MS: 1613789640643 | DATE: 2/20/2021, 2:54:00 AM]
------------------------------------
DiscordAPIError: Missing Permissions
EXTRA INFO:
Promise {
  <rejected> DiscordAPIError: Missing Permissions
      at RequestHandler.execute (/home/container/node_modules/discord.js/src/rest/RequestHandler.js:154:13)
      at runMicrotasks (<anonymous>)
      at processTicksAndRejections (internal/process/task_queues.js:97:5)
      at async RequestHandler.push (/home/container/node_modules/discord.js/src/rest/RequestHandler.js:39:14)
      at async GuildChannelManager.create (/home/container/node_modules/discord.js/src/managers/GuildChannelManager.js:112:18) {
    method: 'post',
    path: '/guilds/766263039556976640/channels',
    code: 50013,
    httpStatus: 403
  }
}
------------------------------------
[CALLER: RequestHandler.js:154:13 | MS: 1613789670671 | DATE: 2/20/2021, 2:54:30 AM]
------------------------------------
DiscordAPIError: Missing Permissions
EXTRA INFO:
Promise {
  <rejected> DiscordAPIError: Missing Permissions
      at RequestHandler.execute (/home/container/node_modules/discord.js/src/rest/RequestHandler.js:154:13)
      at runMicrotasks (<anonymous>)
      at processTicksAndRejections (internal/process/task_queues.js:97:5)
      at async RequestHandler.push (/home/container/node_modules/discord.js/src/rest/RequestHandler.js:39:14)
      at async GuildChannelManager.create (/home/container/node_modules/discord.js/src/managers/GuildChannelManager.js:112:18) {
    method: 'post',
    path: '/guilds/766263039556976640/channels',
    code: 50013,
    httpStatus: 403
  }
}
------------------------------------
[CALLER: RequestHandler.js:154:13 | MS: 1613789700651 | DATE: 2/20/2021, 2:55:00 AM]
------------------------------------
DiscordAPIError: Missing Permissions
EXTRA INFO:
Promise {
  <rejected> DiscordAPIError: Missing Permissions
      at RequestHandler.execute (/home/container/node_modules/discord.js/src/rest/RequestHandler.js:154:13)
      at runMicrotasks (<anonymous>)
      at processTicksAndRejections (internal/process/task_queues.js:97:5)
      at async RequestHandler.push (/home/container/node_modules/discord.js/src/rest/RequestHandler.js:39:14)
      at async GuildChannelManager.create (/home/container/node_modules/discord.js/src/managers/GuildChannelManager.js:112:18) {
    method: 'post',
    path: '/guilds/766263039556976640/channels',
    code: 50013,
    httpStatus: 403
  }
}
------------------------------------
[CALLER: RequestHandler.js:154:13 | MS: 1613789730637 | DATE: 2/20/2021, 2:55:30 AM]
------------------------------------
DiscordAPIError: Missing Permissions
EXTRA INFO:
Promise {
  <rejected> DiscordAPIError: Missing Permissions
      at RequestHandler.execute (/home/container/node_modules/discord.js/src/rest/RequestHandler.js:154:13)
      at runMicrotasks (<anonymous>)
      at processTicksAndRejections (internal/process/task_queues.js:97:5)
      at async RequestHandler.push (/home/container/node_modules/discord.js/src/rest/RequestHandler.js:39:14)
      at async GuildChannelManager.create (/home/container/node_modules/discord.js/src/managers/GuildChannelManager.js:112:18) {
    method: 'post',
    path: '/guilds/766263039556976640/channels',
    code: 50013,
    httpStatus: 403
  }
}
------------------------------------
[CALLER: RequestHandler.js:154:13 | MS: 1613789760647 | DATE: 2/20/2021, 2:56:00 AM]
------------------------------------
DiscordAPIError: Missing Permissions
EXTRA INFO:
Promise {
  <rejected> DiscordAPIError: Missing Permissions
      at RequestHandler.execute (/home/container/node_modules/discord.js/src/rest/RequestHandler.js:154:13)
      at runMicrotasks (<anonymous>)
      at processTicksAndRejections (internal/process/task_queues.js:97:5)
      at async RequestHandler.push (/home/container/node_modules/discord.js/src/rest/RequestHandler.js:39:14)
      at async GuildChannelManager.create (/home/container/node_modules/discord.js/src/managers/GuildChannelManager.js:112:18) {
    method: 'post',
    path: '/guilds/766263039556976640/channels',
    code: 50013,
    httpStatus: 403
  }
}
------------------------------------
[CALLER: RequestHandler.js:154:13 | MS: 1613789790646 | DATE: 2/20/2021, 2:56:30 AM]
------------------------------------
DiscordAPIError: Missing Permissions
EXTRA INFO:
Promise {
  <rejected> DiscordAPIError: Missing Permissions
      at RequestHandler.execute (/home/container/node_modules/discord.js/src/rest/RequestHandler.js:154:13)
      at runMicrotasks (<anonymous>)
      at processTicksAndRejections (internal/process/task_queues.js:97:5)
      at async RequestHandler.push (/home/container/node_modules/discord.js/src/rest/RequestHandler.js:39:14)
      at async GuildChannelManager.create (/home/container/node_modules/discord.js/src/managers/GuildChannelManager.js:112:18) {
    method: 'post',
    path: '/guilds/766263039556976640/channels',
    code: 50013,
    httpStatus: 403
  }
}
------------------------------------
[CALLER: RequestHandler.js:154:13 | MS: 1613789820660 | DATE: 2/20/2021, 2:57:00 AM]
------------------------------------
DiscordAPIError: Missing Permissions
EXTRA INFO:
Promise {
  <rejected> DiscordAPIError: Missing Permissions
      at RequestHandler.execute (/home/container/node_modules/discord.js/src/rest/RequestHandler.js:154:13)
      at runMicrotasks (<anonymous>)
      at processTicksAndRejections (internal/process/task_queues.js:97:5)
      at async RequestHandler.push (/home/container/node_modules/discord.js/src/rest/RequestHandler.js:39:14)
      at async GuildChannelManager.create (/home/container/node_modules/discord.js/src/managers/GuildChannelManager.js:112:18) {
    method: 'post',
    path: '/guilds/766263039556976640/channels',
    code: 50013,
    httpStatus: 403
  }
}
------------------------------------
[CALLER: RequestHandler.js:154:13 | MS: 1613789850669 | DATE: 2/20/2021, 2:57:30 AM]
------------------------------------
DiscordAPIError: Missing Permissions
EXTRA INFO:
Promise {
  <rejected> DiscordAPIError: Missing Permissions
      at RequestHandler.execute (/home/container/node_modules/discord.js/src/rest/RequestHandler.js:154:13)
      at runMicrotasks (<anonymous>)
      at processTicksAndRejections (internal/process/task_queues.js:97:5)
      at async RequestHandler.push (/home/container/node_modules/discord.js/src/rest/RequestHandler.js:39:14)
      at async GuildChannelManager.create (/home/container/node_modules/discord.js/src/managers/GuildChannelManager.js:112:18) {
    method: 'post',
    path: '/guilds/766263039556976640/channels',
    code: 50013,
    httpStatus: 403
  }
}
------------------------------------
[CALLER: RequestHandler.js:154:13 | MS: 1613789880675 | DATE: 2/20/2021, 2:58:00 AM]
------------------------------------
DiscordAPIError: Missing Permissions
EXTRA INFO:
Promise {
  <rejected> DiscordAPIError: Missing Permissions
      at RequestHandler.execute (/home/container/node_modules/discord.js/src/rest/RequestHandler.js:154:13)
      at runMicrotasks (<anonymous>)
      at processTicksAndRejections (internal/process/task_queues.js:97:5)
      at async RequestHandler.push (/home/container/node_modules/discord.js/src/rest/RequestHandler.js:39:14)
      at async GuildChannelManager.create (/home/container/node_modules/discord.js/src/managers/GuildChannelManager.js:112:18) {
    method: 'post',
    path: '/guilds/766263039556976640/channels',
    code: 50013,
    httpStatus: 403
  }
}
------------------------------------
[CALLER: RequestHandler.js:154:13 | MS: 1613789910653 | DATE: 2/20/2021, 2:58:30 AM]
------------------------------------
DiscordAPIError: Missing Permissions
EXTRA INFO:
Promise {
  <rejected> DiscordAPIError: Missing Permissions
      at RequestHandler.execute (/home/container/node_modules/discord.js/src/rest/RequestHandler.js:154:13)
      at runMicrotasks (<anonymous>)
      at processTicksAndRejections (internal/process/task_queues.js:97:5)
      at async RequestHandler.push (/home/container/node_modules/discord.js/src/rest/RequestHandler.js:39:14)
      at async GuildChannelManager.create (/home/container/node_modules/discord.js/src/managers/GuildChannelManager.js:112:18) {
    method: 'post',
    path: '/guilds/766263039556976640/channels',
    code: 50013,
    httpStatus: 403
  }
}
------------------------------------
[CALLER: RequestHandler.js:154:13 | MS: 1613789940646 | DATE: 2/20/2021, 2:59:00 AM]
------------------------------------
DiscordAPIError: Missing Permissions
EXTRA INFO:
Promise {
  <rejected> DiscordAPIError: Missing Permissions
      at RequestHandler.execute (/home/container/node_modules/discord.js/src/rest/RequestHandler.js:154:13)
      at runMicrotasks (<anonymous>)
      at processTicksAndRejections (internal/process/task_queues.js:97:5)
      at async RequestHandler.push (/home/container/node_modules/discord.js/src/rest/RequestHandler.js:39:14)
      at async GuildChannelManager.create (/home/container/node_modules/discord.js/src/managers/GuildChannelManager.js:112:18) {
    method: 'post',
    path: '/guilds/766263039556976640/channels',
    code: 50013,
    httpStatus: 403
  }
}
------------------------------------
[CALLER: RequestHandler.js:154:13 | MS: 1613789970648 | DATE: 2/20/2021, 2:59:30 AM]
------------------------------------
DiscordAPIError: Missing Permissions
EXTRA INFO:
Promise {
  <rejected> DiscordAPIError: Missing Permissions
      at RequestHandler.execute (/home/container/node_modules/discord.js/src/rest/RequestHandler.js:154:13)
      at runMicrotasks (<anonymous>)
      at processTicksAndRejections (internal/process/task_queues.js:97:5)
      at async RequestHandler.push (/home/container/node_modules/discord.js/src/rest/RequestHandler.js:39:14)
      at async GuildChannelManager.create (/home/container/node_modules/discord.js/src/managers/GuildChannelManager.js:112:18) {
    method: 'post',
    path: '/guilds/766263039556976640/channels',
    code: 50013,
    httpStatus: 403
  }
}
------------------------------------
[CALLER: RequestHandler.js:154:13 | MS: 1613790000654 | DATE: 2/20/2021, 3:00:00 AM]
------------------------------------
DiscordAPIError: Missing Permissions
EXTRA INFO:
Promise {
  <rejected> DiscordAPIError: Missing Permissions
      at RequestHandler.execute (/home/container/node_modules/discord.js/src/rest/RequestHandler.js:154:13)
      at runMicrotasks (<anonymous>)
      at processTicksAndRejections (internal/process/task_queues.js:97:5)
      at async RequestHandler.push (/home/container/node_modules/discord.js/src/rest/RequestHandler.js:39:14)
      at async GuildChannelManager.create (/home/container/node_modules/discord.js/src/managers/GuildChannelManager.js:112:18) {
    method: 'post',
    path: '/guilds/766263039556976640/channels',
    code: 50013,
    httpStatus: 403
  }
}
------------------------------------
[CALLER: RequestHandler.js:154:13 | MS: 1613790030691 | DATE: 2/20/2021, 3:00:30 AM]
------------------------------------
DiscordAPIError: Missing Permissions
EXTRA INFO:
Promise {
  <rejected> DiscordAPIError: Missing Permissions
      at RequestHandler.execute (/home/container/node_modules/discord.js/src/rest/RequestHandler.js:154:13)
      at runMicrotasks (<anonymous>)
      at processTicksAndRejections (internal/process/task_queues.js:97:5)
      at async RequestHandler.push (/home/container/node_modules/discord.js/src/rest/RequestHandler.js:39:14)
      at async GuildChannelManager.create (/home/container/node_modules/discord.js/src/managers/GuildChannelManager.js:112:18) {
    method: 'post',
    path: '/guilds/766263039556976640/channels',
    code: 50013,
    httpStatus: 403
  }
}
------------------------------------
[CALLER: RequestHandler.js:154:13 | MS: 1613790060668 | DATE: 2/20/2021, 3:01:00 AM]
------------------------------------
DiscordAPIError: Missing Permissions
EXTRA INFO:
Promise {
  <rejected> DiscordAPIError: Missing Permissions
      at RequestHandler.execute (/home/container/node_modules/discord.js/src/rest/RequestHandler.js:154:13)
      at runMicrotasks (<anonymous>)
      at processTicksAndRejections (internal/process/task_queues.js:97:5)
      at async RequestHandler.push (/home/container/node_modules/discord.js/src/rest/RequestHandler.js:39:14)
      at async GuildChannelManager.create (/home/container/node_modules/discord.js/src/managers/GuildChannelManager.js:112:18) {
    method: 'post',
    path: '/guilds/766263039556976640/channels',
    code: 50013,
    httpStatus: 403
  }
}
------------------------------------
[CALLER: RequestHandler.js:154:13 | MS: 1613790090647 | DATE: 2/20/2021, 3:01:30 AM]
------------------------------------
DiscordAPIError: Missing Permissions
EXTRA INFO:
Promise {
  <rejected> DiscordAPIError: Missing Permissions
      at RequestHandler.execute (/home/container/node_modules/discord.js/src/rest/RequestHandler.js:154:13)
      at runMicrotasks (<anonymous>)
      at processTicksAndRejections (internal/process/task_queues.js:97:5)
      at async RequestHandler.push (/home/container/node_modules/discord.js/src/rest/RequestHandler.js:39:14)
      at async GuildChannelManager.create (/home/container/node_modules/discord.js/src/managers/GuildChannelManager.js:112:18) {
    method: 'post',
    path: '/guilds/766263039556976640/channels',
    code: 50013,
    httpStatus: 403
  }
}
------------------------------------
[CALLER: RequestHandler.js:154:13 | MS: 1613790120642 | DATE: 2/20/2021, 3:02:00 AM]
------------------------------------
DiscordAPIError: Missing Permissions
EXTRA INFO:
Promise {
  <rejected> DiscordAPIError: Missing Permissions
      at RequestHandler.execute (/home/container/node_modules/discord.js/src/rest/RequestHandler.js:154:13)
      at runMicrotasks (<anonymous>)
      at processTicksAndRejections (internal/process/task_queues.js:97:5)
      at async RequestHandler.push (/home/container/node_modules/discord.js/src/rest/RequestHandler.js:39:14)
      at async GuildChannelManager.create (/home/container/node_modules/discord.js/src/managers/GuildChannelManager.js:112:18) {
    method: 'post',
    path: '/guilds/766263039556976640/channels',
    code: 50013,
    httpStatus: 403
  }
}
------------------------------------
[CALLER: RequestHandler.js:154:13 | MS: 1613790150666 | DATE: 2/20/2021, 3:02:30 AM]
------------------------------------
DiscordAPIError: Missing Permissions
EXTRA INFO:
Promise {
  <rejected> DiscordAPIError: Missing Permissions
      at RequestHandler.execute (/home/container/node_modules/discord.js/src/rest/RequestHandler.js:154:13)
      at runMicrotasks (<anonymous>)
      at processTicksAndRejections (internal/process/task_queues.js:97:5)
      at async RequestHandler.push (/home/container/node_modules/discord.js/src/rest/RequestHandler.js:39:14)
      at async GuildChannelManager.create (/home/container/node_modules/discord.js/src/managers/GuildChannelManager.js:112:18) {
    method: 'post',
    path: '/guilds/766263039556976640/channels',
    code: 50013,
    httpStatus: 403
  }
}
------------------------------------
[CALLER: RequestHandler.js:154:13 | MS: 1613790180656 | DATE: 2/20/2021, 3:03:00 AM]
------------------------------------
DiscordAPIError: Missing Permissions
EXTRA INFO:
Promise {
  <rejected> DiscordAPIError: Missing Permissions
      at RequestHandler.execute (/home/container/node_modules/discord.js/src/rest/RequestHandler.js:154:13)
      at runMicrotasks (<anonymous>)
      at processTicksAndRejections (internal/process/task_queues.js:97:5)
      at async RequestHandler.push (/home/container/node_modules/discord.js/src/rest/RequestHandler.js:39:14)
      at async GuildChannelManager.create (/home/container/node_modules/discord.js/src/managers/GuildChannelManager.js:112:18) {
    method: 'post',
    path: '/guilds/766263039556976640/channels',
    code: 50013,
    httpStatus: 403
  }
}
------------------------------------
[CALLER: RequestHandler.js:154:13 | MS: 1613790210670 | DATE: 2/20/2021, 3:03:30 AM]
------------------------------------
DiscordAPIError: Missing Permissions
EXTRA INFO:
Promise {
  <rejected> DiscordAPIError: Missing Permissions
      at RequestHandler.execute (/home/container/node_modules/discord.js/src/rest/RequestHandler.js:154:13)
      at runMicrotasks (<anonymous>)
      at processTicksAndRejections (internal/process/task_queues.js:97:5)
      at async RequestHandler.push (/home/container/node_modules/discord.js/src/rest/RequestHandler.js:39:14)
      at async GuildChannelManager.create (/home/container/node_modules/discord.js/src/managers/GuildChannelManager.js:112:18) {
    method: 'post',
    path: '/guilds/766263039556976640/channels',
    code: 50013,
    httpStatus: 403
  }
}
------------------------------------
[CALLER: RequestHandler.js:154:13 | MS: 1613790240688 | DATE: 2/20/2021, 3:04:00 AM]
------------------------------------
DiscordAPIError: Missing Permissions
EXTRA INFO:
Promise {
  <rejected> DiscordAPIError: Missing Permissions
      at RequestHandler.execute (/home/container/node_modules/discord.js/src/rest/RequestHandler.js:154:13)
      at runMicrotasks (<anonymous>)
      at processTicksAndRejections (internal/process/task_queues.js:97:5)
      at async RequestHandler.push (/home/container/node_modules/discord.js/src/rest/RequestHandler.js:39:14)
      at async GuildChannelManager.create (/home/container/node_modules/discord.js/src/managers/GuildChannelManager.js:112:18) {
    method: 'post',
    path: '/guilds/766263039556976640/channels',
    code: 50013,
    httpStatus: 403
  }
}
------------------------------------
[CALLER: RequestHandler.js:154:13 | MS: 1613790270720 | DATE: 2/20/2021, 3:04:30 AM]
------------------------------------
DiscordAPIError: Missing Permissions
EXTRA INFO:
Promise {
  <rejected> DiscordAPIError: Missing Permissions
      at RequestHandler.execute (/home/container/node_modules/discord.js/src/rest/RequestHandler.js:154:13)
      at runMicrotasks (<anonymous>)
      at processTicksAndRejections (internal/process/task_queues.js:97:5)
      at async RequestHandler.push (/home/container/node_modules/discord.js/src/rest/RequestHandler.js:39:14)
      at async GuildChannelManager.create (/home/container/node_modules/discord.js/src/managers/GuildChannelManager.js:112:18) {
    method: 'post',
    path: '/guilds/766263039556976640/channels',
    code: 50013,
    httpStatus: 403
  }
}
------------------------------------
[CALLER: RequestHandler.js:154:13 | MS: 1613790300725 | DATE: 2/20/2021, 3:05:00 AM]
------------------------------------
DiscordAPIError: Missing Permissions
EXTRA INFO:
Promise {
  <rejected> DiscordAPIError: Missing Permissions
      at RequestHandler.execute (/home/container/node_modules/discord.js/src/rest/RequestHandler.js:154:13)
      at runMicrotasks (<anonymous>)
      at processTicksAndRejections (internal/process/task_queues.js:97:5)
      at async RequestHandler.push (/home/container/node_modules/discord.js/src/rest/RequestHandler.js:39:14)
      at async GuildChannelManager.create (/home/container/node_modules/discord.js/src/managers/GuildChannelManager.js:112:18) {
    method: 'post',
    path: '/guilds/766263039556976640/channels',
    code: 50013,
    httpStatus: 403
  }
}
------------------------------------
[CALLER: RequestHandler.js:154:13 | MS: 1613790328324 | DATE: 2/20/2021, 3:05:28 AM]
------------------------------------
DiscordAPIError: Missing Permissions
EXTRA INFO:
Promise {
  <rejected> DiscordAPIError: Missing Permissions
      at RequestHandler.execute (/home/container/node_modules/discord.js/src/rest/RequestHandler.js:154:13)
      at processTicksAndRejections (internal/process/task_queues.js:97:5)
      at async RequestHandler.push (/home/container/node_modules/discord.js/src/rest/RequestHandler.js:39:14) {
    method: 'get',
    path: '/guilds/766263039556976640/invites',
    code: 50013,
    httpStatus: 403
  }
}
------------------------------------
[CALLER: RequestHandler.js:154:13 | MS: 1613790328400 | DATE: 2/20/2021, 3:05:28 AM]
------------------------------------
DiscordAPIError: Missing Permissions
EXTRA INFO:
Promise {
  <rejected> DiscordAPIError: Missing Permissions
      at RequestHandler.execute (/home/container/node_modules/discord.js/src/rest/RequestHandler.js:154:13)
      at processTicksAndRejections (internal/process/task_queues.js:97:5)
      at async RequestHandler.push (/home/container/node_modules/discord.js/src/rest/RequestHandler.js:39:14) {
    method: 'put',
    path: '/channels/766263039556976642/permissions/790641203322028054',
    code: 50013,
    httpStatus: 403
  }
}
------------------------------------
[CALLER: RequestHandler.js:154:13 | MS: 1613790328406 | DATE: 2/20/2021, 3:05:28 AM]
------------------------------------
DiscordAPIError: Missing Permissions
EXTRA INFO:
Promise {
  <rejected> DiscordAPIError: Missing Permissions
      at RequestHandler.execute (/home/container/node_modules/discord.js/src/rest/RequestHandler.js:154:13)
      at processTicksAndRejections (internal/process/task_queues.js:97:5)
      at async RequestHandler.push (/home/container/node_modules/discord.js/src/rest/RequestHandler.js:39:14) {
    method: 'put',
    path: '/channels/766263039556976644/permissions/790641203322028054',
    code: 50013,
    httpStatus: 403
  }
}
------------------------------------
[CALLER: RequestHandler.js:154:13 | MS: 1613790328433 | DATE: 2/20/2021, 3:05:28 AM]
------------------------------------
DiscordAPIError: Missing Permissions
EXTRA INFO:
Promise {
  <rejected> DiscordAPIError: Missing Permissions
      at RequestHandler.execute (/home/container/node_modules/discord.js/src/rest/RequestHandler.js:154:13)
      at processTicksAndRejections (internal/process/task_queues.js:97:5)
      at async RequestHandler.push (/home/container/node_modules/discord.js/src/rest/RequestHandler.js:39:14) {
    method: 'put',
    path: '/channels/809158045539368961/permissions/790641203322028054',
    code: 50013,
    httpStatus: 403
  }
}
------------------------------------
[CALLER: RequestHandler.js:154:13 | MS: 1613790328438 | DATE: 2/20/2021, 3:05:28 AM]
------------------------------------
DiscordAPIError: Missing Permissions
EXTRA INFO:
Promise {
  <rejected> DiscordAPIError: Missing Permissions
      at RequestHandler.execute (/home/container/node_modules/discord.js/src/rest/RequestHandler.js:154:13)
      at processTicksAndRejections (internal/process/task_queues.js:97:5)
      at async RequestHandler.push (/home/container/node_modules/discord.js/src/rest/RequestHandler.js:39:14) {
    method: 'put',
    path: '/channels/811992534435758120/permissions/790641203322028054',
    code: 50013,
    httpStatus: 403
  }
}
------------------------------------
[CALLER: RequestHandler.js:154:13 | MS: 1613790328480 | DATE: 2/20/2021, 3:05:28 AM]
------------------------------------
DiscordAPIError: Missing Permissions
EXTRA INFO:
Promise {
  <rejected> DiscordAPIError: Missing Permissions
      at RequestHandler.execute (/home/container/node_modules/discord.js/src/rest/RequestHandler.js:154:13)
      at processTicksAndRejections (internal/process/task_queues.js:97:5)
      at async RequestHandler.push (/home/container/node_modules/discord.js/src/rest/RequestHandler.js:39:14)
      at async GuildChannelManager.create (/home/container/node_modules/discord.js/src/managers/GuildChannelManager.js:112:18) {
    method: 'post',
    path: '/guilds/766263039556976640/channels',
    code: 50013,
    httpStatus: 403
  }
}
------------------------------------
[CALLER: RequestHandler.js:154:13 | MS: 1613790328486 | DATE: 2/20/2021, 3:05:28 AM]
-------------------------------
DiscordAPIError: Missing Access
EXTRA INFO:
Promise {
  <rejected> DiscordAPIError: Missing Access
      at RequestHandler.execute (/home/container/node_modules/discord.js/src/rest/RequestHandler.js:154:13)
      at processTicksAndRejections (internal/process/task_queues.js:97:5)
      at async RequestHandler.push (/home/container/node_modules/discord.js/src/rest/RequestHandler.js:39:14) {
    method: 'put',
    path: '/channels/810962028843499610/permissions/790641203322028054',
    code: 50001,
    httpStatus: 403
  }
}
-------------------------------
[CALLER: RequestHandler.js:154:13 | MS: 1613790328878 | DATE: 2/20/2021, 3:05:28 AM]
------------------------------------
DiscordAPIError: Missing Permissions
EXTRA INFO:
Promise {
  <rejected> DiscordAPIError: Missing Permissions
      at RequestHandler.execute (/home/container/node_modules/discord.js/src/rest/RequestHandler.js:154:13)
      at processTicksAndRejections (internal/process/task_queues.js:97:5)
      at async RequestHandler.push (/home/container/node_modules/discord.js/src/rest/RequestHandler.js:39:14) {
    method: 'put',
    path: '/channels/766263039556976641/permissions/790641203322028054',
    code: 50013,
    httpStatus: 403
  }
}
------------------------------------
[CALLER: RequestHandler.js:154:13 | MS: 1613790358332 | DATE: 2/20/2021, 3:05:58 AM]
------------------------------------
DiscordAPIError: Missing Permissions
EXTRA INFO:
Promise {
  <rejected> DiscordAPIError: Missing Permissions
      at RequestHandler.execute (/home/container/node_modules/discord.js/src/rest/RequestHandler.js:154:13)
      at processTicksAndRejections (internal/process/task_queues.js:97:5)
      at async RequestHandler.push (/home/container/node_modules/discord.js/src/rest/RequestHandler.js:39:14)
      at async GuildChannelManager.create (/home/container/node_modules/discord.js/src/managers/GuildChannelManager.js:112:18) {
    method: 'post',
    path: '/guilds/766263039556976640/channels',
    code: 50013,
    httpStatus: 403
  }
}
------------------------------------
[CALLER: RequestHandler.js:154:13 | MS: 1613790388347 | DATE: 2/20/2021, 3:06:28 AM]
------------------------------------
DiscordAPIError: Missing Permissions
EXTRA INFO:
Promise {
  <rejected> DiscordAPIError: Missing Permissions
      at RequestHandler.execute (/home/container/node_modules/discord.js/src/rest/RequestHandler.js:154:13)
      at processTicksAndRejections (internal/process/task_queues.js:97:5)
      at async RequestHandler.push (/home/container/node_modules/discord.js/src/rest/RequestHandler.js:39:14)
      at async GuildChannelManager.create (/home/container/node_modules/discord.js/src/managers/GuildChannelManager.js:112:18) {
    method: 'post',
    path: '/guilds/766263039556976640/channels',
    code: 50013,
    httpStatus: 403
  }
}
------------------------------------
[CALLER: RequestHandler.js:154:13 | MS: 1613790418330 | DATE: 2/20/2021, 3:06:58 AM]
------------------------------------
DiscordAPIError: Missing Permissions
EXTRA INFO:
Promise {
  <rejected> DiscordAPIError: Missing Permissions
      at RequestHandler.execute (/home/container/node_modules/discord.js/src/rest/RequestHandler.js:154:13)
      at processTicksAndRejections (internal/process/task_queues.js:97:5)
      at async RequestHandler.push (/home/container/node_modules/discord.js/src/rest/RequestHandler.js:39:14)
      at async GuildChannelManager.create (/home/container/node_modules/discord.js/src/managers/GuildChannelManager.js:112:18) {
    method: 'post',
    path: '/guilds/766263039556976640/channels',
    code: 50013,
    httpStatus: 403
  }
}
------------------------------------
[CALLER: RequestHandler.js:154:13 | MS: 1613790441125 | DATE: 2/20/2021, 3:07:21 AM]
------------------------------------
DiscordAPIError: Missing Permissions
EXTRA INFO:
Promise {
  <rejected> DiscordAPIError: Missing Permissions
      at RequestHandler.execute (/home/container/node_modules/discord.js/src/rest/RequestHandler.js:154:13)
      at processTicksAndRejections (internal/process/task_queues.js:97:5)
      at async RequestHandler.push (/home/container/node_modules/discord.js/src/rest/RequestHandler.js:39:14) {
    method: 'get',
    path: '/guilds/766263039556976640/invites',
    code: 50013,
    httpStatus: 403
  }
}
------------------------------------
[CALLER: RequestHandler.js:154:13 | MS: 1613790441167 | DATE: 2/20/2021, 3:07:21 AM]
------------------------------------
DiscordAPIError: Missing Permissions
EXTRA INFO:
Promise {
  <rejected> DiscordAPIError: Missing Permissions
      at RequestHandler.execute (/home/container/node_modules/discord.js/src/rest/RequestHandler.js:154:13)
      at processTicksAndRejections (internal/process/task_queues.js:97:5)
      at async RequestHandler.push (/home/container/node_modules/discord.js/src/rest/RequestHandler.js:39:14) {
    method: 'put',
    path: '/channels/766263039556976641/permissions/790641203322028054',
    code: 50013,
    httpStatus: 403
  }
}
------------------------------------
[CALLER: RequestHandler.js:154:13 | MS: 1613790441207 | DATE: 2/20/2021, 3:07:21 AM]
------------------------------------
DiscordAPIError: Missing Permissions
EXTRA INFO:
Promise {
  <rejected> DiscordAPIError: Missing Permissions
      at RequestHandler.execute (/home/container/node_modules/discord.js/src/rest/RequestHandler.js:154:13)
      at processTicksAndRejections (internal/process/task_queues.js:97:5)
      at async RequestHandler.push (/home/container/node_modules/discord.js/src/rest/RequestHandler.js:39:14) {
    method: 'put',
    path: '/channels/809158045539368961/permissions/790641203322028054',
    code: 50013,
    httpStatus: 403
  }
}
------------------------------------
[CALLER: RequestHandler.js:154:13 | MS: 1613790441216 | DATE: 2/20/2021, 3:07:21 AM]
------------------------------------
DiscordAPIError: Missing Permissions
EXTRA INFO:
Promise {
  <rejected> DiscordAPIError: Missing Permissions
      at RequestHandler.execute (/home/container/node_modules/discord.js/src/rest/RequestHandler.js:154:13)
      at processTicksAndRejections (internal/process/task_queues.js:97:5)
      at async RequestHandler.push (/home/container/node_modules/discord.js/src/rest/RequestHandler.js:39:14) {
    method: 'put',
    path: '/channels/766263039556976644/permissions/790641203322028054',
    code: 50013,
    httpStatus: 403
  }
}
------------------------------------
[CALLER: RequestHandler.js:154:13 | MS: 1613790441222 | DATE: 2/20/2021, 3:07:21 AM]
-------------------------------
DiscordAPIError: Missing Access
EXTRA INFO:
Promise {
  <rejected> DiscordAPIError: Missing Access
      at RequestHandler.execute (/home/container/node_modules/discord.js/src/rest/RequestHandler.js:154:13)
      at processTicksAndRejections (internal/process/task_queues.js:97:5)
      at async RequestHandler.push (/home/container/node_modules/discord.js/src/rest/RequestHandler.js:39:14) {
    method: 'put',
    path: '/channels/810962028843499610/permissions/790641203322028054',
    code: 50001,
    httpStatus: 403
  }
}
-------------------------------
[CALLER: RequestHandler.js:154:13 | MS: 1613790441226 | DATE: 2/20/2021, 3:07:21 AM]
------------------------------------
DiscordAPIError: Missing Permissions
EXTRA INFO:
Promise {
  <rejected> DiscordAPIError: Missing Permissions
      at RequestHandler.execute (/home/container/node_modules/discord.js/src/rest/RequestHandler.js:154:13)
      at processTicksAndRejections (internal/process/task_queues.js:97:5)
      at async RequestHandler.push (/home/container/node_modules/discord.js/src/rest/RequestHandler.js:39:14) {
    method: 'put',
    path: '/channels/766263039556976642/permissions/790641203322028054',
    code: 50013,
    httpStatus: 403
  }
}
------------------------------------
[CALLER: RequestHandler.js:154:13 | MS: 1613790441231 | DATE: 2/20/2021, 3:07:21 AM]
------------------------------------
DiscordAPIError: Missing Permissions
EXTRA INFO:
Promise {
  <rejected> DiscordAPIError: Missing Permissions
      at RequestHandler.execute (/home/container/node_modules/discord.js/src/rest/RequestHandler.js:154:13)
      at processTicksAndRejections (internal/process/task_queues.js:97:5)
      at async RequestHandler.push (/home/container/node_modules/discord.js/src/rest/RequestHandler.js:39:14) {
    method: 'put',
    path: '/channels/811992534435758120/permissions/790641203322028054',
    code: 50013,
    httpStatus: 403
  }
}
------------------------------------
[CALLER: RequestHandler.js:154:13 | MS: 1613790441343 | DATE: 2/20/2021, 3:07:21 AM]
------------------------------------
DiscordAPIError: Missing Permissions
EXTRA INFO:
Promise {
  <rejected> DiscordAPIError: Missing Permissions
      at RequestHandler.execute (/home/container/node_modules/discord.js/src/rest/RequestHandler.js:154:13)
      at processTicksAndRejections (internal/process/task_queues.js:97:5)
      at async RequestHandler.push (/home/container/node_modules/discord.js/src/rest/RequestHandler.js:39:14)
      at async GuildChannelManager.create (/home/container/node_modules/discord.js/src/managers/GuildChannelManager.js:112:18) {
    method: 'post',
    path: '/guilds/766263039556976640/channels',
    code: 50013,
    httpStatus: 403
  }
}
------------------------------------
[CALLER: RequestHandler.js:154:13 | MS: 1613790471135 | DATE: 2/20/2021, 3:07:51 AM]
------------------------------------
DiscordAPIError: Missing Permissions
EXTRA INFO:
Promise {
  <rejected> DiscordAPIError: Missing Permissions
      at RequestHandler.execute (/home/container/node_modules/discord.js/src/rest/RequestHandler.js:154:13)
      at processTicksAndRejections (internal/process/task_queues.js:97:5)
      at async RequestHandler.push (/home/container/node_modules/discord.js/src/rest/RequestHandler.js:39:14)
      at async GuildChannelManager.create (/home/container/node_modules/discord.js/src/managers/GuildChannelManager.js:112:18) {
    method: 'post',
    path: '/guilds/766263039556976640/channels',
    code: 50013,
    httpStatus: 403
  }
}
------------------------------------
[CALLER: RequestHandler.js:154:13 | MS: 1613790501107 | DATE: 2/20/2021, 3:08:21 AM]
------------------------------------
DiscordAPIError: Missing Permissions
EXTRA INFO:
Promise {
  <rejected> DiscordAPIError: Missing Permissions
      at RequestHandler.execute (/home/container/node_modules/discord.js/src/rest/RequestHandler.js:154:13)
      at processTicksAndRejections (internal/process/task_queues.js:97:5)
      at async RequestHandler.push (/home/container/node_modules/discord.js/src/rest/RequestHandler.js:39:14)
      at async GuildChannelManager.create (/home/container/node_modules/discord.js/src/managers/GuildChannelManager.js:112:18) {
    method: 'post',
    path: '/guilds/766263039556976640/channels',
    code: 50013,
    httpStatus: 403
  }
}
------------------------------------
[CALLER: RequestHandler.js:154:13 | MS: 1613790531121 | DATE: 2/20/2021, 3:08:51 AM]
------------------------------------
DiscordAPIError: Missing Permissions
EXTRA INFO:
Promise {
  <rejected> DiscordAPIError: Missing Permissions
      at RequestHandler.execute (/home/container/node_modules/discord.js/src/rest/RequestHandler.js:154:13)
      at processTicksAndRejections (internal/process/task_queues.js:97:5)
      at async RequestHandler.push (/home/container/node_modules/discord.js/src/rest/RequestHandler.js:39:14)
      at async GuildChannelManager.create (/home/container/node_modules/discord.js/src/managers/GuildChannelManager.js:112:18) {
    method: 'post',
    path: '/guilds/766263039556976640/channels',
    code: 50013,
    httpStatus: 403
  }
}
------------------------------------
[CALLER: RequestHandler.js:154:13 | MS: 1613790540288 | DATE: 2/20/2021, 3:09:00 AM]
------------------------------------
DiscordAPIError: Missing Permissions
EXTRA INFO:
Promise {
  <rejected> DiscordAPIError: Missing Permissions
      at RequestHandler.execute (/home/container/node_modules/discord.js/src/rest/RequestHandler.js:154:13)
      at processTicksAndRejections (internal/process/task_queues.js:97:5)
      at async RequestHandler.push (/home/container/node_modules/discord.js/src/rest/RequestHandler.js:39:14) {
    method: 'get',
    path: '/guilds/766263039556976640/invites',
    code: 50013,
    httpStatus: 403
  }
}
------------------------------------
[CALLER: RequestHandler.js:154:13 | MS: 1613790540329 | DATE: 2/20/2021, 3:09:00 AM]
------------------------------------
DiscordAPIError: Missing Permissions
EXTRA INFO:
Promise {
  <rejected> DiscordAPIError: Missing Permissions
      at RequestHandler.execute (/home/container/node_modules/discord.js/src/rest/RequestHandler.js:154:13)
      at processTicksAndRejections (internal/process/task_queues.js:97:5)
      at async RequestHandler.push (/home/container/node_modules/discord.js/src/rest/RequestHandler.js:39:14) {
    method: 'put',
    path: '/channels/766263039556976641/permissions/790641203322028054',
    code: 50013,
    httpStatus: 403
  }
}
------------------------------------
[CALLER: RequestHandler.js:154:13 | MS: 1613790540364 | DATE: 2/20/2021, 3:09:00 AM]
------------------------------------
DiscordAPIError: Missing Permissions
EXTRA INFO:
Promise {
  <rejected> DiscordAPIError: Missing Permissions
      at RequestHandler.execute (/home/container/node_modules/discord.js/src/rest/RequestHandler.js:154:13)
      at processTicksAndRejections (internal/process/task_queues.js:97:5)
      at async RequestHandler.push (/home/container/node_modules/discord.js/src/rest/RequestHandler.js:39:14) {
    method: 'put',
    path: '/channels/766263039556976642/permissions/790641203322028054',
    code: 50013,
    httpStatus: 403
  }
}
------------------------------------
[CALLER: RequestHandler.js:154:13 | MS: 1613790540365 | DATE: 2/20/2021, 3:09:00 AM]
------------------------------------
DiscordAPIError: Missing Permissions
EXTRA INFO:
Promise {
  <rejected> DiscordAPIError: Missing Permissions
      at RequestHandler.execute (/home/container/node_modules/discord.js/src/rest/RequestHandler.js:154:13)
      at processTicksAndRejections (internal/process/task_queues.js:97:5)
      at async RequestHandler.push (/home/container/node_modules/discord.js/src/rest/RequestHandler.js:39:14) {
    method: 'put',
    path: '/channels/766263039556976644/permissions/790641203322028054',
    code: 50013,
    httpStatus: 403
  }
}
------------------------------------
[CALLER: RequestHandler.js:154:13 | MS: 1613790540392 | DATE: 2/20/2021, 3:09:00 AM]
------------------------------------
DiscordAPIError: Missing Permissions
EXTRA INFO:
Promise {
  <rejected> DiscordAPIError: Missing Permissions
      at RequestHandler.execute (/home/container/node_modules/discord.js/src/rest/RequestHandler.js:154:13)
      at processTicksAndRejections (internal/process/task_queues.js:97:5)
      at async RequestHandler.push (/home/container/node_modules/discord.js/src/rest/RequestHandler.js:39:14) {
    method: 'put',
    path: '/channels/809158045539368961/permissions/790641203322028054',
    code: 50013,
    httpStatus: 403
  }
}
------------------------------------
[CALLER: RequestHandler.js:154:13 | MS: 1613790540414 | DATE: 2/20/2021, 3:09:00 AM]
-------------------------------
DiscordAPIError: Missing Access
EXTRA INFO:
Promise {
  <rejected> DiscordAPIError: Missing Access
      at RequestHandler.execute (/home/container/node_modules/discord.js/src/rest/RequestHandler.js:154:13)
      at processTicksAndRejections (internal/process/task_queues.js:97:5)
      at async RequestHandler.push (/home/container/node_modules/discord.js/src/rest/RequestHandler.js:39:14) {
    method: 'put',
    path: '/channels/810962028843499610/permissions/790641203322028054',
    code: 50001,
    httpStatus: 403
  }
}
-------------------------------
[CALLER: RequestHandler.js:154:13 | MS: 1613790540431 | DATE: 2/20/2021, 3:09:00 AM]
------------------------------------
DiscordAPIError: Missing Permissions
EXTRA INFO:
Promise {
  <rejected> DiscordAPIError: Missing Permissions
      at RequestHandler.execute (/home/container/node_modules/discord.js/src/rest/RequestHandler.js:154:13)
      at processTicksAndRejections (internal/process/task_queues.js:97:5)
      at async RequestHandler.push (/home/container/node_modules/discord.js/src/rest/RequestHandler.js:39:14) {
    method: 'put',
    path: '/channels/811992534435758120/permissions/790641203322028054',
    code: 50013,
    httpStatus: 403
  }
}
------------------------------------
[CALLER: RequestHandler.js:154:13 | MS: 1613790540436 | DATE: 2/20/2021, 3:09:00 AM]
------------------------------------
DiscordAPIError: Missing Permissions
EXTRA INFO:
Promise {
  <rejected> DiscordAPIError: Missing Permissions
      at RequestHandler.execute (/home/container/node_modules/discord.js/src/rest/RequestHandler.js:154:13)
      at processTicksAndRejections (internal/process/task_queues.js:97:5)
      at async RequestHandler.push (/home/container/node_modules/discord.js/src/rest/RequestHandler.js:39:14)
      at async GuildChannelManager.create (/home/container/node_modules/discord.js/src/managers/GuildChannelManager.js:112:18) {
    method: 'post',
    path: '/guilds/766263039556976640/channels',
    code: 50013,
    httpStatus: 403
  }
}
------------------------------------
[CALLER: RequestHandler.js:154:13 | MS: 1613790570286 | DATE: 2/20/2021, 3:09:30 AM]
------------------------------------
DiscordAPIError: Missing Permissions
EXTRA INFO:
Promise {
  <rejected> DiscordAPIError: Missing Permissions
      at RequestHandler.execute (/home/container/node_modules/discord.js/src/rest/RequestHandler.js:154:13)
      at processTicksAndRejections (internal/process/task_queues.js:97:5)
      at async RequestHandler.push (/home/container/node_modules/discord.js/src/rest/RequestHandler.js:39:14)
      at async GuildChannelManager.create (/home/container/node_modules/discord.js/src/managers/GuildChannelManager.js:112:18) {
    method: 'post',
    path: '/guilds/766263039556976640/channels',
    code: 50013,
    httpStatus: 403
  }
}
------------------------------------
[CALLER: RequestHandler.js:154:13 | MS: 1613790600300 | DATE: 2/20/2021, 3:10:00 AM]
------------------------------------
DiscordAPIError: Missing Permissions
EXTRA INFO:
Promise {
  <rejected> DiscordAPIError: Missing Permissions
      at RequestHandler.execute (/home/container/node_modules/discord.js/src/rest/RequestHandler.js:154:13)
      at processTicksAndRejections (internal/process/task_queues.js:97:5)
      at async RequestHandler.push (/home/container/node_modules/discord.js/src/rest/RequestHandler.js:39:14)
      at async GuildChannelManager.create (/home/container/node_modules/discord.js/src/managers/GuildChannelManager.js:112:18) {
    method: 'post',
    path: '/guilds/766263039556976640/channels',
    code: 50013,
    httpStatus: 403
  }
}
------------------------------------
[CALLER: RequestHandler.js:154:13 | MS: 1613790630303 | DATE: 2/20/2021, 3:10:30 AM]
------------------------------------
DiscordAPIError: Missing Permissions
EXTRA INFO:
Promise {
  <rejected> DiscordAPIError: Missing Permissions
      at RequestHandler.execute (/home/container/node_modules/discord.js/src/rest/RequestHandler.js:154:13)
      at processTicksAndRejections (internal/process/task_queues.js:97:5)
      at async RequestHandler.push (/home/container/node_modules/discord.js/src/rest/RequestHandler.js:39:14)
      at async GuildChannelManager.create (/home/container/node_modules/discord.js/src/managers/GuildChannelManager.js:112:18) {
    method: 'post',
    path: '/guilds/766263039556976640/channels',
    code: 50013,
    httpStatus: 403
  }
}
------------------------------------
[CALLER: RequestHandler.js:154:13 | MS: 1613790660339 | DATE: 2/20/2021, 3:11:00 AM]
------------------------------------
DiscordAPIError: Missing Permissions
EXTRA INFO:
Promise {
  <rejected> DiscordAPIError: Missing Permissions
      at RequestHandler.execute (/home/container/node_modules/discord.js/src/rest/RequestHandler.js:154:13)
      at runMicrotasks (<anonymous>)
      at processTicksAndRejections (internal/process/task_queues.js:97:5)
      at async RequestHandler.push (/home/container/node_modules/discord.js/src/rest/RequestHandler.js:39:14)
      at async GuildChannelManager.create (/home/container/node_modules/discord.js/src/managers/GuildChannelManager.js:112:18) {
    method: 'post',
    path: '/guilds/766263039556976640/channels',
    code: 50013,
    httpStatus: 403
  }
}
------------------------------------
[CALLER: RequestHandler.js:154:13 | MS: 1613790684253 | DATE: 2/20/2021, 3:11:24 AM]
------------------------------------
DiscordAPIError: Missing Permissions
EXTRA INFO:
Promise {
  <rejected> DiscordAPIError: Missing Permissions
      at RequestHandler.execute (/home/container/node_modules/discord.js/src/rest/RequestHandler.js:154:13)
      at runMicrotasks (<anonymous>)
      at processTicksAndRejections (internal/process/task_queues.js:97:5)
      at async RequestHandler.push (/home/container/node_modules/discord.js/src/rest/RequestHandler.js:39:14) {
    method: 'delete',
    path: '/channels/809158045539368961/messages/812521747391184927/reactions/%F0%9F%8E%9F%EF%B8%8F/657559136959070238',
    code: 50013,
    httpStatus: 403
  }
}
------------------------------------
[CALLER: RequestHandler.js:154:13 | MS: 1613790690303 | DATE: 2/20/2021, 3:11:30 AM]
------------------------------------
DiscordAPIError: Missing Permissions
EXTRA INFO:
Promise {
  <rejected> DiscordAPIError: Missing Permissions
      at RequestHandler.execute (/home/container/node_modules/discord.js/src/rest/RequestHandler.js:154:13)
      at runMicrotasks (<anonymous>)
      at processTicksAndRejections (internal/process/task_queues.js:97:5)
      at async RequestHandler.push (/home/container/node_modules/discord.js/src/rest/RequestHandler.js:39:14)
      at async GuildChannelManager.create (/home/container/node_modules/discord.js/src/managers/GuildChannelManager.js:112:18) {
    method: 'post',
    path: '/guilds/766263039556976640/channels',
    code: 50013,
    httpStatus: 403
  }
}
------------------------------------
[CALLER: RequestHandler.js:154:13 | MS: 1613790720290 | DATE: 2/20/2021, 3:12:00 AM]
------------------------------------
DiscordAPIError: Missing Permissions
EXTRA INFO:
Promise {
  <rejected> DiscordAPIError: Missing Permissions
      at RequestHandler.execute (/home/container/node_modules/discord.js/src/rest/RequestHandler.js:154:13)
      at runMicrotasks (<anonymous>)
      at processTicksAndRejections (internal/process/task_queues.js:97:5)
      at async RequestHandler.push (/home/container/node_modules/discord.js/src/rest/RequestHandler.js:39:14)
      at async GuildChannelManager.create (/home/container/node_modules/discord.js/src/managers/GuildChannelManager.js:112:18) {
    method: 'post',
    path: '/guilds/766263039556976640/channels',
    code: 50013,
    httpStatus: 403
  }
}
------------------------------------
[CALLER: RequestHandler.js:154:13 | MS: 1613790750290 | DATE: 2/20/2021, 3:12:30 AM]
------------------------------------
DiscordAPIError: Missing Permissions
EXTRA INFO:
Promise {
  <rejected> DiscordAPIError: Missing Permissions
      at RequestHandler.execute (/home/container/node_modules/discord.js/src/rest/RequestHandler.js:154:13)
      at runMicrotasks (<anonymous>)
      at processTicksAndRejections (internal/process/task_queues.js:97:5)
      at async RequestHandler.push (/home/container/node_modules/discord.js/src/rest/RequestHandler.js:39:14)
      at async GuildChannelManager.create (/home/container/node_modules/discord.js/src/managers/GuildChannelManager.js:112:18) {
    method: 'post',
    path: '/guilds/766263039556976640/channels',
    code: 50013,
    httpStatus: 403
  }
}
------------------------------------
[CALLER: RequestHandler.js:154:13 | MS: 1613790780294 | DATE: 2/20/2021, 3:13:00 AM]
------------------------------------
DiscordAPIError: Missing Permissions
EXTRA INFO:
Promise {
  <rejected> DiscordAPIError: Missing Permissions
      at RequestHandler.execute (/home/container/node_modules/discord.js/src/rest/RequestHandler.js:154:13)
      at runMicrotasks (<anonymous>)
      at processTicksAndRejections (internal/process/task_queues.js:97:5)
      at async RequestHandler.push (/home/container/node_modules/discord.js/src/rest/RequestHandler.js:39:14)
      at async GuildChannelManager.create (/home/container/node_modules/discord.js/src/managers/GuildChannelManager.js:112:18) {
    method: 'post',
    path: '/guilds/766263039556976640/channels',
    code: 50013,
    httpStatus: 403
  }
}
------------------------------------
[CALLER: RequestHandler.js:154:13 | MS: 1613790810334 | DATE: 2/20/2021, 3:13:30 AM]
------------------------------------
DiscordAPIError: Missing Permissions
EXTRA INFO:
Promise {
  <rejected> DiscordAPIError: Missing Permissions
      at RequestHandler.execute (/home/container/node_modules/discord.js/src/rest/RequestHandler.js:154:13)
      at runMicrotasks (<anonymous>)
      at processTicksAndRejections (internal/process/task_queues.js:97:5)
      at async RequestHandler.push (/home/container/node_modules/discord.js/src/rest/RequestHandler.js:39:14)
      at async GuildChannelManager.create (/home/container/node_modules/discord.js/src/managers/GuildChannelManager.js:112:18) {
    method: 'post',
    path: '/guilds/766263039556976640/channels',
    code: 50013,
    httpStatus: 403
  }
}
------------------------------------
[CALLER: RequestHandler.js:154:13 | MS: 1613790840289 | DATE: 2/20/2021, 3:14:00 AM]
------------------------------------
DiscordAPIError: Missing Permissions
EXTRA INFO:
Promise {
  <rejected> DiscordAPIError: Missing Permissions
      at RequestHandler.execute (/home/container/node_modules/discord.js/src/rest/RequestHandler.js:154:13)
      at runMicrotasks (<anonymous>)
      at processTicksAndRejections (internal/process/task_queues.js:97:5)
      at async RequestHandler.push (/home/container/node_modules/discord.js/src/rest/RequestHandler.js:39:14)
      at async GuildChannelManager.create (/home/container/node_modules/discord.js/src/managers/GuildChannelManager.js:112:18) {
    method: 'post',
    path: '/guilds/766263039556976640/channels',
    code: 50013,
    httpStatus: 403
  }
}
------------------------------------
[CALLER: RequestHandler.js:154:13 | MS: 1613790870295 | DATE: 2/20/2021, 3:14:30 AM]
------------------------------------
DiscordAPIError: Missing Permissions
EXTRA INFO:
Promise {
  <rejected> DiscordAPIError: Missing Permissions
      at RequestHandler.execute (/home/container/node_modules/discord.js/src/rest/RequestHandler.js:154:13)
      at runMicrotasks (<anonymous>)
      at processTicksAndRejections (internal/process/task_queues.js:97:5)
      at async RequestHandler.push (/home/container/node_modules/discord.js/src/rest/RequestHandler.js:39:14)
      at async GuildChannelManager.create (/home/container/node_modules/discord.js/src/managers/GuildChannelManager.js:112:18) {
    method: 'post',
    path: '/guilds/766263039556976640/channels',
    code: 50013,
    httpStatus: 403
  }
}
------------------------------------
[CALLER: RequestHandler.js:154:13 | MS: 1613790900302 | DATE: 2/20/2021, 3:15:00 AM]
------------------------------------
DiscordAPIError: Missing Permissions
EXTRA INFO:
Promise {
  <rejected> DiscordAPIError: Missing Permissions
      at RequestHandler.execute (/home/container/node_modules/discord.js/src/rest/RequestHandler.js:154:13)
      at runMicrotasks (<anonymous>)
      at processTicksAndRejections (internal/process/task_queues.js:97:5)
      at async RequestHandler.push (/home/container/node_modules/discord.js/src/rest/RequestHandler.js:39:14)
      at async GuildChannelManager.create (/home/container/node_modules/discord.js/src/managers/GuildChannelManager.js:112:18) {
    method: 'post',
    path: '/guilds/766263039556976640/channels',
    code: 50013,
    httpStatus: 403
  }
}
------------------------------------
[CALLER: RequestHandler.js:154:13 | MS: 1613790930364 | DATE: 2/20/2021, 3:15:30 AM]
------------------------------------
DiscordAPIError: Missing Permissions
EXTRA INFO:
Promise {
  <rejected> DiscordAPIError: Missing Permissions
      at RequestHandler.execute (/home/container/node_modules/discord.js/src/rest/RequestHandler.js:154:13)
      at runMicrotasks (<anonymous>)
      at processTicksAndRejections (internal/process/task_queues.js:97:5)
      at async RequestHandler.push (/home/container/node_modules/discord.js/src/rest/RequestHandler.js:39:14)
      at async GuildChannelManager.create (/home/container/node_modules/discord.js/src/managers/GuildChannelManager.js:112:18) {
    method: 'post',
    path: '/guilds/766263039556976640/channels',
    code: 50013,
    httpStatus: 403
  }
}
------------------------------------
[CALLER: RequestHandler.js:154:13 | MS: 1613790960317 | DATE: 2/20/2021, 3:16:00 AM]
------------------------------------
DiscordAPIError: Missing Permissions
EXTRA INFO:
Promise {
  <rejected> DiscordAPIError: Missing Permissions
      at RequestHandler.execute (/home/container/node_modules/discord.js/src/rest/RequestHandler.js:154:13)
      at runMicrotasks (<anonymous>)
      at processTicksAndRejections (internal/process/task_queues.js:97:5)
      at async RequestHandler.push (/home/container/node_modules/discord.js/src/rest/RequestHandler.js:39:14)
      at async GuildChannelManager.create (/home/container/node_modules/discord.js/src/managers/GuildChannelManager.js:112:18) {
    method: 'post',
    path: '/guilds/766263039556976640/channels',
    code: 50013,
    httpStatus: 403
  }
}
------------------------------------
[CALLER: RequestHandler.js:154:13 | MS: 1613790990295 | DATE: 2/20/2021, 3:16:30 AM]
------------------------------------
DiscordAPIError: Missing Permissions
EXTRA INFO:
Promise {
  <rejected> DiscordAPIError: Missing Permissions
      at RequestHandler.execute (/home/container/node_modules/discord.js/src/rest/RequestHandler.js:154:13)
      at runMicrotasks (<anonymous>)
      at processTicksAndRejections (internal/process/task_queues.js:97:5)
      at async RequestHandler.push (/home/container/node_modules/discord.js/src/rest/RequestHandler.js:39:14)
      at async GuildChannelManager.create (/home/container/node_modules/discord.js/src/managers/GuildChannelManager.js:112:18) {
    method: 'post',
    path: '/guilds/766263039556976640/channels',
    code: 50013,
    httpStatus: 403
  }
}
------------------------------------
[CALLER: RequestHandler.js:154:13 | MS: 1613791020293 | DATE: 2/20/2021, 3:17:00 AM]
------------------------------------
DiscordAPIError: Missing Permissions
EXTRA INFO:
Promise {
  <rejected> DiscordAPIError: Missing Permissions
      at RequestHandler.execute (/home/container/node_modules/discord.js/src/rest/RequestHandler.js:154:13)
      at runMicrotasks (<anonymous>)
      at processTicksAndRejections (internal/process/task_queues.js:97:5)
      at async RequestHandler.push (/home/container/node_modules/discord.js/src/rest/RequestHandler.js:39:14)
      at async GuildChannelManager.create (/home/container/node_modules/discord.js/src/managers/GuildChannelManager.js:112:18) {
    method: 'post',
    path: '/guilds/812523059122274384/channels',
    code: 50013,
    httpStatus: 403
  }
}
------------------------------------
[CALLER: RequestHandler.js:154:13 | MS: 1613791020322 | DATE: 2/20/2021, 3:17:00 AM]
------------------------------------
DiscordAPIError: Missing Permissions
EXTRA INFO:
Promise {
  <rejected> DiscordAPIError: Missing Permissions
      at RequestHandler.execute (/home/container/node_modules/discord.js/src/rest/RequestHandler.js:154:13)
      at runMicrotasks (<anonymous>)
      at processTicksAndRejections (internal/process/task_queues.js:97:5)
      at async RequestHandler.push (/home/container/node_modules/discord.js/src/rest/RequestHandler.js:39:14)
      at async GuildChannelManager.create (/home/container/node_modules/discord.js/src/managers/GuildChannelManager.js:112:18) {
    method: 'post',
    path: '/guilds/766263039556976640/channels',
    code: 50013,
    httpStatus: 403
  }
}
------------------------------------
[CALLER: RequestHandler.js:154:13 | MS: 1613791050316 | DATE: 2/20/2021, 3:17:30 AM]
------------------------------------
DiscordAPIError: Missing Permissions
EXTRA INFO:
Promise {
  <rejected> DiscordAPIError: Missing Permissions
      at RequestHandler.execute (/home/container/node_modules/discord.js/src/rest/RequestHandler.js:154:13)
      at runMicrotasks (<anonymous>)
      at processTicksAndRejections (internal/process/task_queues.js:97:5)
      at async RequestHandler.push (/home/container/node_modules/discord.js/src/rest/RequestHandler.js:39:14)
      at async GuildChannelManager.create (/home/container/node_modules/discord.js/src/managers/GuildChannelManager.js:112:18) {
    method: 'post',
    path: '/guilds/812523059122274384/channels',
    code: 50013,
    httpStatus: 403
  }
}
------------------------------------
[CALLER: RequestHandler.js:154:13 | MS: 1613791050316 | DATE: 2/20/2021, 3:17:30 AM]
------------------------------------
DiscordAPIError: Missing Permissions
EXTRA INFO:
Promise {
  <rejected> DiscordAPIError: Missing Permissions
      at RequestHandler.execute (/home/container/node_modules/discord.js/src/rest/RequestHandler.js:154:13)
      at runMicrotasks (<anonymous>)
      at processTicksAndRejections (internal/process/task_queues.js:97:5)
      at async RequestHandler.push (/home/container/node_modules/discord.js/src/rest/RequestHandler.js:39:14)
      at async GuildChannelManager.create (/home/container/node_modules/discord.js/src/managers/GuildChannelManager.js:112:18) {
    method: 'post',
    path: '/guilds/766263039556976640/channels',
    code: 50013,
    httpStatus: 403
  }
}
------------------------------------
[CALLER: RequestHandler.js:154:13 | MS: 1613791080307 | DATE: 2/20/2021, 3:18:00 AM]
------------------------------------
DiscordAPIError: Missing Permissions
EXTRA INFO:
Promise {
  <rejected> DiscordAPIError: Missing Permissions
      at RequestHandler.execute (/home/container/node_modules/discord.js/src/rest/RequestHandler.js:154:13)
      at runMicrotasks (<anonymous>)
      at processTicksAndRejections (internal/process/task_queues.js:97:5)
      at async RequestHandler.push (/home/container/node_modules/discord.js/src/rest/RequestHandler.js:39:14)
      at async GuildChannelManager.create (/home/container/node_modules/discord.js/src/managers/GuildChannelManager.js:112:18) {
    method: 'post',
    path: '/guilds/766263039556976640/channels',
    code: 50013,
    httpStatus: 403
  }
}
------------------------------------
[CALLER: RequestHandler.js:154:13 | MS: 1613791080335 | DATE: 2/20/2021, 3:18:00 AM]
------------------------------------
DiscordAPIError: Missing Permissions
EXTRA INFO:
Promise {
  <rejected> DiscordAPIError: Missing Permissions
      at RequestHandler.execute (/home/container/node_modules/discord.js/src/rest/RequestHandler.js:154:13)
      at runMicrotasks (<anonymous>)
      at processTicksAndRejections (internal/process/task_queues.js:97:5)
      at async RequestHandler.push (/home/container/node_modules/discord.js/src/rest/RequestHandler.js:39:14)
      at async GuildChannelManager.create (/home/container/node_modules/discord.js/src/managers/GuildChannelManager.js:112:18) {
    method: 'post',
    path: '/guilds/812523059122274384/channels',
    code: 50013,
    httpStatus: 403
  }
}
------------------------------------
[CALLER: RequestHandler.js:154:13 | MS: 1613791110298 | DATE: 2/20/2021, 3:18:30 AM]
------------------------------------
DiscordAPIError: Missing Permissions
EXTRA INFO:
Promise {
  <rejected> DiscordAPIError: Missing Permissions
      at RequestHandler.execute (/home/container/node_modules/discord.js/src/rest/RequestHandler.js:154:13)
      at runMicrotasks (<anonymous>)
      at processTicksAndRejections (internal/process/task_queues.js:97:5)
      at async RequestHandler.push (/home/container/node_modules/discord.js/src/rest/RequestHandler.js:39:14)
      at async GuildChannelManager.create (/home/container/node_modules/discord.js/src/managers/GuildChannelManager.js:112:18) {
    method: 'post',
    path: '/guilds/766263039556976640/channels',
    code: 50013,
    httpStatus: 403
  }
}
------------------------------------
[CALLER: RequestHandler.js:154:13 | MS: 1613791110303 | DATE: 2/20/2021, 3:18:30 AM]
------------------------------------
DiscordAPIError: Missing Permissions
EXTRA INFO:
Promise {
  <rejected> DiscordAPIError: Missing Permissions
      at RequestHandler.execute (/home/container/node_modules/discord.js/src/rest/RequestHandler.js:154:13)
      at runMicrotasks (<anonymous>)
      at processTicksAndRejections (internal/process/task_queues.js:97:5)
      at async RequestHandler.push (/home/container/node_modules/discord.js/src/rest/RequestHandler.js:39:14)
      at async GuildChannelManager.create (/home/container/node_modules/discord.js/src/managers/GuildChannelManager.js:112:18) {
    method: 'post',
    path: '/guilds/812523059122274384/channels',
    code: 50013,
    httpStatus: 403
  }
}
------------------------------------
[CALLER: RequestHandler.js:154:13 | MS: 1613791140291 | DATE: 2/20/2021, 3:19:00 AM]
------------------------------------
DiscordAPIError: Missing Permissions
EXTRA INFO:
Promise {
  <rejected> DiscordAPIError: Missing Permissions
      at RequestHandler.execute (/home/container/node_modules/discord.js/src/rest/RequestHandler.js:154:13)
      at runMicrotasks (<anonymous>)
      at processTicksAndRejections (internal/process/task_queues.js:97:5)
      at async RequestHandler.push (/home/container/node_modules/discord.js/src/rest/RequestHandler.js:39:14)
      at async GuildChannelManager.create (/home/container/node_modules/discord.js/src/managers/GuildChannelManager.js:112:18) {
    method: 'post',
    path: '/guilds/766263039556976640/channels',
    code: 50013,
    httpStatus: 403
  }
}
------------------------------------
[CALLER: RequestHandler.js:154:13 | MS: 1613791140350 | DATE: 2/20/2021, 3:19:00 AM]
------------------------------------
DiscordAPIError: Missing Permissions
EXTRA INFO:
Promise {
  <rejected> DiscordAPIError: Missing Permissions
      at RequestHandler.execute (/home/container/node_modules/discord.js/src/rest/RequestHandler.js:154:13)
      at runMicrotasks (<anonymous>)
      at processTicksAndRejections (internal/process/task_queues.js:97:5)
      at async RequestHandler.push (/home/container/node_modules/discord.js/src/rest/RequestHandler.js:39:14)
      at async GuildChannelManager.create (/home/container/node_modules/discord.js/src/managers/GuildChannelManager.js:112:18) {
    method: 'post',
    path: '/guilds/812523059122274384/channels',
    code: 50013,
    httpStatus: 403
  }
}
------------------------------------
[CALLER: RequestHandler.js:154:13 | MS: 1613791170321 | DATE: 2/20/2021, 3:19:30 AM]
------------------------------------
DiscordAPIError: Missing Permissions
EXTRA INFO:
Promise {
  <rejected> DiscordAPIError: Missing Permissions
      at RequestHandler.execute (/home/container/node_modules/discord.js/src/rest/RequestHandler.js:154:13)
      at runMicrotasks (<anonymous>)
      at processTicksAndRejections (internal/process/task_queues.js:97:5)
      at async RequestHandler.push (/home/container/node_modules/discord.js/src/rest/RequestHandler.js:39:14)
      at async GuildChannelManager.create (/home/container/node_modules/discord.js/src/managers/GuildChannelManager.js:112:18) {
    method: 'post',
    path: '/guilds/766263039556976640/channels',
    code: 50013,
    httpStatus: 403
  }
}
------------------------------------
[CALLER: RequestHandler.js:154:13 | MS: 1613791170339 | DATE: 2/20/2021, 3:19:30 AM]
------------------------------------
DiscordAPIError: Missing Permissions
EXTRA INFO:
Promise {
  <rejected> DiscordAPIError: Missing Permissions
      at RequestHandler.execute (/home/container/node_modules/discord.js/src/rest/RequestHandler.js:154:13)
      at runMicrotasks (<anonymous>)
      at processTicksAndRejections (internal/process/task_queues.js:97:5)
      at async RequestHandler.push (/home/container/node_modules/discord.js/src/rest/RequestHandler.js:39:14)
      at async GuildChannelManager.create (/home/container/node_modules/discord.js/src/managers/GuildChannelManager.js:112:18) {
    method: 'post',
    path: '/guilds/812523059122274384/channels',
    code: 50013,
    httpStatus: 403
  }
}
------------------------------------
[CALLER: RequestHandler.js:154:13 | MS: 1613791200292 | DATE: 2/20/2021, 3:20:00 AM]
------------------------------------
DiscordAPIError: Missing Permissions
EXTRA INFO:
Promise {
  <rejected> DiscordAPIError: Missing Permissions
      at RequestHandler.execute (/home/container/node_modules/discord.js/src/rest/RequestHandler.js:154:13)
      at runMicrotasks (<anonymous>)
      at processTicksAndRejections (internal/process/task_queues.js:97:5)
      at async RequestHandler.push (/home/container/node_modules/discord.js/src/rest/RequestHandler.js:39:14)
      at async GuildChannelManager.create (/home/container/node_modules/discord.js/src/managers/GuildChannelManager.js:112:18) {
    method: 'post',
    path: '/guilds/812523059122274384/channels',
    code: 50013,
    httpStatus: 403
  }
}
------------------------------------
[CALLER: RequestHandler.js:154:13 | MS: 1613791200300 | DATE: 2/20/2021, 3:20:00 AM]
------------------------------------
DiscordAPIError: Missing Permissions
EXTRA INFO:
Promise {
  <rejected> DiscordAPIError: Missing Permissions
      at RequestHandler.execute (/home/container/node_modules/discord.js/src/rest/RequestHandler.js:154:13)
      at runMicrotasks (<anonymous>)
      at processTicksAndRejections (internal/process/task_queues.js:97:5)
      at async RequestHandler.push (/home/container/node_modules/discord.js/src/rest/RequestHandler.js:39:14)
      at async GuildChannelManager.create (/home/container/node_modules/discord.js/src/managers/GuildChannelManager.js:112:18) {
    method: 'post',
    path: '/guilds/766263039556976640/channels',
    code: 50013,
    httpStatus: 403
  }
}
------------------------------------
[CALLER: RequestHandler.js:154:13 | MS: 1613791230311 | DATE: 2/20/2021, 3:20:30 AM]
------------------------------------
DiscordAPIError: Missing Permissions
EXTRA INFO:
Promise {
  <rejected> DiscordAPIError: Missing Permissions
      at RequestHandler.execute (/home/container/node_modules/discord.js/src/rest/RequestHandler.js:154:13)
      at runMicrotasks (<anonymous>)
      at processTicksAndRejections (internal/process/task_queues.js:97:5)
      at async RequestHandler.push (/home/container/node_modules/discord.js/src/rest/RequestHandler.js:39:14)
      at async GuildChannelManager.create (/home/container/node_modules/discord.js/src/managers/GuildChannelManager.js:112:18) {
    method: 'post',
    path: '/guilds/766263039556976640/channels',
    code: 50013,
    httpStatus: 403
  }
}
------------------------------------
[CALLER: RequestHandler.js:154:13 | MS: 1613791230335 | DATE: 2/20/2021, 3:20:30 AM]
------------------------------------
DiscordAPIError: Missing Permissions
EXTRA INFO:
Promise {
  <rejected> DiscordAPIError: Missing Permissions
      at RequestHandler.execute (/home/container/node_modules/discord.js/src/rest/RequestHandler.js:154:13)
      at runMicrotasks (<anonymous>)
      at processTicksAndRejections (internal/process/task_queues.js:97:5)
      at async RequestHandler.push (/home/container/node_modules/discord.js/src/rest/RequestHandler.js:39:14)
      at async GuildChannelManager.create (/home/container/node_modules/discord.js/src/managers/GuildChannelManager.js:112:18) {
    method: 'post',
    path: '/guilds/812523059122274384/channels',
    code: 50013,
    httpStatus: 403
  }
}
------------------------------------
[CALLER: RequestHandler.js:154:13 | MS: 1613791260295 | DATE: 2/20/2021, 3:21:00 AM]
------------------------------------
DiscordAPIError: Missing Permissions
EXTRA INFO:
Promise {
  <rejected> DiscordAPIError: Missing Permissions
      at RequestHandler.execute (/home/container/node_modules/discord.js/src/rest/RequestHandler.js:154:13)
      at runMicrotasks (<anonymous>)
      at processTicksAndRejections (internal/process/task_queues.js:97:5)
      at async RequestHandler.push (/home/container/node_modules/discord.js/src/rest/RequestHandler.js:39:14)
      at async GuildChannelManager.create (/home/container/node_modules/discord.js/src/managers/GuildChannelManager.js:112:18) {
    method: 'post',
    path: '/guilds/766263039556976640/channels',
    code: 50013,
    httpStatus: 403
  }
}
------------------------------------
[CALLER: RequestHandler.js:154:13 | MS: 1613791260302 | DATE: 2/20/2021, 3:21:00 AM]
------------------------------------
DiscordAPIError: Missing Permissions
EXTRA INFO:
Promise {
  <rejected> DiscordAPIError: Missing Permissions
      at RequestHandler.execute (/home/container/node_modules/discord.js/src/rest/RequestHandler.js:154:13)
      at runMicrotasks (<anonymous>)
      at processTicksAndRejections (internal/process/task_queues.js:97:5)
      at async RequestHandler.push (/home/container/node_modules/discord.js/src/rest/RequestHandler.js:39:14)
      at async GuildChannelManager.create (/home/container/node_modules/discord.js/src/managers/GuildChannelManager.js:112:18) {
    method: 'post',
    path: '/guilds/812523059122274384/channels',
    code: 50013,
    httpStatus: 403
  }
}
------------------------------------
[CALLER: RequestHandler.js:154:13 | MS: 1613791290301 | DATE: 2/20/2021, 3:21:30 AM]
------------------------------------
DiscordAPIError: Missing Permissions
EXTRA INFO:
Promise {
  <rejected> DiscordAPIError: Missing Permissions
      at RequestHandler.execute (/home/container/node_modules/discord.js/src/rest/RequestHandler.js:154:13)
      at runMicrotasks (<anonymous>)
      at processTicksAndRejections (internal/process/task_queues.js:97:5)
      at async RequestHandler.push (/home/container/node_modules/discord.js/src/rest/RequestHandler.js:39:14)
      at async GuildChannelManager.create (/home/container/node_modules/discord.js/src/managers/GuildChannelManager.js:112:18) {
    method: 'post',
    path: '/guilds/812523059122274384/channels',
    code: 50013,
    httpStatus: 403
  }
}
------------------------------------
[CALLER: RequestHandler.js:154:13 | MS: 1613791290306 | DATE: 2/20/2021, 3:21:30 AM]
------------------------------------
DiscordAPIError: Missing Permissions
EXTRA INFO:
Promise {
  <rejected> DiscordAPIError: Missing Permissions
      at RequestHandler.execute (/home/container/node_modules/discord.js/src/rest/RequestHandler.js:154:13)
      at runMicrotasks (<anonymous>)
      at processTicksAndRejections (internal/process/task_queues.js:97:5)
      at async RequestHandler.push (/home/container/node_modules/discord.js/src/rest/RequestHandler.js:39:14)
      at async GuildChannelManager.create (/home/container/node_modules/discord.js/src/managers/GuildChannelManager.js:112:18) {
    method: 'post',
    path: '/guilds/766263039556976640/channels',
    code: 50013,
    httpStatus: 403
  }
}
------------------------------------
[CALLER: RequestHandler.js:154:13 | MS: 1613791320302 | DATE: 2/20/2021, 3:22:00 AM]
------------------------------------
DiscordAPIError: Missing Permissions
EXTRA INFO:
Promise {
  <rejected> DiscordAPIError: Missing Permissions
      at RequestHandler.execute (/home/container/node_modules/discord.js/src/rest/RequestHandler.js:154:13)
      at runMicrotasks (<anonymous>)
      at processTicksAndRejections (internal/process/task_queues.js:97:5)
      at async RequestHandler.push (/home/container/node_modules/discord.js/src/rest/RequestHandler.js:39:14)
      at async GuildChannelManager.create (/home/container/node_modules/discord.js/src/managers/GuildChannelManager.js:112:18) {
    method: 'post',
    path: '/guilds/766263039556976640/channels',
    code: 50013,
    httpStatus: 403
  }
}
------------------------------------
[CALLER: RequestHandler.js:154:13 | MS: 1613791320303 | DATE: 2/20/2021, 3:22:00 AM]
------------------------------------
DiscordAPIError: Missing Permissions
EXTRA INFO:
Promise {
  <rejected> DiscordAPIError: Missing Permissions
      at RequestHandler.execute (/home/container/node_modules/discord.js/src/rest/RequestHandler.js:154:13)
      at runMicrotasks (<anonymous>)
      at processTicksAndRejections (internal/process/task_queues.js:97:5)
      at async RequestHandler.push (/home/container/node_modules/discord.js/src/rest/RequestHandler.js:39:14)
      at async GuildChannelManager.create (/home/container/node_modules/discord.js/src/managers/GuildChannelManager.js:112:18) {
    method: 'post',
    path: '/guilds/812523059122274384/channels',
    code: 50013,
    httpStatus: 403
  }
}
------------------------------------
[CALLER: RequestHandler.js:154:13 | MS: 1613791350290 | DATE: 2/20/2021, 3:22:30 AM]
------------------------------------
DiscordAPIError: Missing Permissions
EXTRA INFO:
Promise {
  <rejected> DiscordAPIError: Missing Permissions
      at RequestHandler.execute (/home/container/node_modules/discord.js/src/rest/RequestHandler.js:154:13)
      at runMicrotasks (<anonymous>)
      at processTicksAndRejections (internal/process/task_queues.js:97:5)
      at async RequestHandler.push (/home/container/node_modules/discord.js/src/rest/RequestHandler.js:39:14)
      at async GuildChannelManager.create (/home/container/node_modules/discord.js/src/managers/GuildChannelManager.js:112:18) {
    method: 'post',
    path: '/guilds/812523059122274384/channels',
    code: 50013,
    httpStatus: 403
  }
}
------------------------------------
[CALLER: RequestHandler.js:154:13 | MS: 1613791350317 | DATE: 2/20/2021, 3:22:30 AM]
------------------------------------
DiscordAPIError: Missing Permissions
EXTRA INFO:
Promise {
  <rejected> DiscordAPIError: Missing Permissions
      at RequestHandler.execute (/home/container/node_modules/discord.js/src/rest/RequestHandler.js:154:13)
      at runMicrotasks (<anonymous>)
      at processTicksAndRejections (internal/process/task_queues.js:97:5)
      at async RequestHandler.push (/home/container/node_modules/discord.js/src/rest/RequestHandler.js:39:14)
      at async GuildChannelManager.create (/home/container/node_modules/discord.js/src/managers/GuildChannelManager.js:112:18) {
    method: 'post',
    path: '/guilds/766263039556976640/channels',
    code: 50013,
    httpStatus: 403
  }
}
------------------------------------
[CALLER: RequestHandler.js:154:13 | MS: 1613791380307 | DATE: 2/20/2021, 3:23:00 AM]
------------------------------------
DiscordAPIError: Missing Permissions
EXTRA INFO:
Promise {
  <rejected> DiscordAPIError: Missing Permissions
      at RequestHandler.execute (/home/container/node_modules/discord.js/src/rest/RequestHandler.js:154:13)
      at runMicrotasks (<anonymous>)
      at processTicksAndRejections (internal/process/task_queues.js:97:5)
      at async RequestHandler.push (/home/container/node_modules/discord.js/src/rest/RequestHandler.js:39:14)
      at async GuildChannelManager.create (/home/container/node_modules/discord.js/src/managers/GuildChannelManager.js:112:18) {
    method: 'post',
    path: '/guilds/812523059122274384/channels',
    code: 50013,
    httpStatus: 403
  }
}
------------------------------------
[CALLER: RequestHandler.js:154:13 | MS: 1613791380673 | DATE: 2/20/2021, 3:23:00 AM]
------------------------------------
DiscordAPIError: Missing Permissions
EXTRA INFO:
Promise {
  <rejected> DiscordAPIError: Missing Permissions
      at RequestHandler.execute (/home/container/node_modules/discord.js/src/rest/RequestHandler.js:154:13)
      at runMicrotasks (<anonymous>)
      at processTicksAndRejections (internal/process/task_queues.js:97:5)
      at async RequestHandler.push (/home/container/node_modules/discord.js/src/rest/RequestHandler.js:39:14)
      at async GuildChannelManager.create (/home/container/node_modules/discord.js/src/managers/GuildChannelManager.js:112:18) {
    method: 'post',
    path: '/guilds/766263039556976640/channels',
    code: 50013,
    httpStatus: 403
  }
}
------------------------------------
[CALLER: RequestHandler.js:154:13 | MS: 1613791410300 | DATE: 2/20/2021, 3:23:30 AM]
------------------------------------
DiscordAPIError: Missing Permissions
EXTRA INFO:
Promise {
  <rejected> DiscordAPIError: Missing Permissions
      at RequestHandler.execute (/home/container/node_modules/discord.js/src/rest/RequestHandler.js:154:13)
      at runMicrotasks (<anonymous>)
      at processTicksAndRejections (internal/process/task_queues.js:97:5)
      at async RequestHandler.push (/home/container/node_modules/discord.js/src/rest/RequestHandler.js:39:14)
      at async GuildChannelManager.create (/home/container/node_modules/discord.js/src/managers/GuildChannelManager.js:112:18) {
    method: 'post',
    path: '/guilds/766263039556976640/channels',
    code: 50013,
    httpStatus: 403
  }
}
------------------------------------
[CALLER: RequestHandler.js:154:13 | MS: 1613791410326 | DATE: 2/20/2021, 3:23:30 AM]
------------------------------------
DiscordAPIError: Missing Permissions
EXTRA INFO:
Promise {
  <rejected> DiscordAPIError: Missing Permissions
      at RequestHandler.execute (/home/container/node_modules/discord.js/src/rest/RequestHandler.js:154:13)
      at runMicrotasks (<anonymous>)
      at processTicksAndRejections (internal/process/task_queues.js:97:5)
      at async RequestHandler.push (/home/container/node_modules/discord.js/src/rest/RequestHandler.js:39:14)
      at async GuildChannelManager.create (/home/container/node_modules/discord.js/src/managers/GuildChannelManager.js:112:18) {
    method: 'post',
    path: '/guilds/812523059122274384/channels',
    code: 50013,
    httpStatus: 403
  }
}
------------------------------------
[CALLER: RequestHandler.js:154:13 | MS: 1613791440289 | DATE: 2/20/2021, 3:24:00 AM]
------------------------------------
DiscordAPIError: Missing Permissions
EXTRA INFO:
Promise {
  <rejected> DiscordAPIError: Missing Permissions
      at RequestHandler.execute (/home/container/node_modules/discord.js/src/rest/RequestHandler.js:154:13)
      at runMicrotasks (<anonymous>)
      at processTicksAndRejections (internal/process/task_queues.js:97:5)
      at async RequestHandler.push (/home/container/node_modules/discord.js/src/rest/RequestHandler.js:39:14)
      at async GuildChannelManager.create (/home/container/node_modules/discord.js/src/managers/GuildChannelManager.js:112:18) {
    method: 'post',
    path: '/guilds/812523059122274384/channels',
    code: 50013,
    httpStatus: 403
  }
}
------------------------------------
[CALLER: RequestHandler.js:154:13 | MS: 1613791440298 | DATE: 2/20/2021, 3:24:00 AM]
------------------------------------
DiscordAPIError: Missing Permissions
EXTRA INFO:
Promise {
  <rejected> DiscordAPIError: Missing Permissions
      at RequestHandler.execute (/home/container/node_modules/discord.js/src/rest/RequestHandler.js:154:13)
      at runMicrotasks (<anonymous>)
      at processTicksAndRejections (internal/process/task_queues.js:97:5)
      at async RequestHandler.push (/home/container/node_modules/discord.js/src/rest/RequestHandler.js:39:14)
      at async GuildChannelManager.create (/home/container/node_modules/discord.js/src/managers/GuildChannelManager.js:112:18) {
    method: 'post',
    path: '/guilds/766263039556976640/channels',
    code: 50013,
    httpStatus: 403
  }
}
------------------------------------
[CALLER: RequestHandler.js:154:13 | MS: 1613791470310 | DATE: 2/20/2021, 3:24:30 AM]
------------------------------------
DiscordAPIError: Missing Permissions
EXTRA INFO:
Promise {
  <rejected> DiscordAPIError: Missing Permissions
      at RequestHandler.execute (/home/container/node_modules/discord.js/src/rest/RequestHandler.js:154:13)
      at runMicrotasks (<anonymous>)
      at processTicksAndRejections (internal/process/task_queues.js:97:5)
      at async RequestHandler.push (/home/container/node_modules/discord.js/src/rest/RequestHandler.js:39:14)
      at async GuildChannelManager.create (/home/container/node_modules/discord.js/src/managers/GuildChannelManager.js:112:18) {
    method: 'post',
    path: '/guilds/812523059122274384/channels',
    code: 50013,
    httpStatus: 403
  }
}
------------------------------------
[CALLER: RequestHandler.js:154:13 | MS: 1613791470336 | DATE: 2/20/2021, 3:24:30 AM]
------------------------------------
DiscordAPIError: Missing Permissions
EXTRA INFO:
Promise {
  <rejected> DiscordAPIError: Missing Permissions
      at RequestHandler.execute (/home/container/node_modules/discord.js/src/rest/RequestHandler.js:154:13)
      at runMicrotasks (<anonymous>)
      at processTicksAndRejections (internal/process/task_queues.js:97:5)
      at async RequestHandler.push (/home/container/node_modules/discord.js/src/rest/RequestHandler.js:39:14)
      at async GuildChannelManager.create (/home/container/node_modules/discord.js/src/managers/GuildChannelManager.js:112:18) {
    method: 'post',
    path: '/guilds/766263039556976640/channels',
    code: 50013,
    httpStatus: 403
  }
}
------------------------------------
[CALLER: RequestHandler.js:154:13 | MS: 1613791500294 | DATE: 2/20/2021, 3:25:00 AM]
------------------------------------
DiscordAPIError: Missing Permissions
EXTRA INFO:
Promise {
  <rejected> DiscordAPIError: Missing Permissions
      at RequestHandler.execute (/home/container/node_modules/discord.js/src/rest/RequestHandler.js:154:13)
      at runMicrotasks (<anonymous>)
      at processTicksAndRejections (internal/process/task_queues.js:97:5)
      at async RequestHandler.push (/home/container/node_modules/discord.js/src/rest/RequestHandler.js:39:14)
      at async GuildChannelManager.create (/home/container/node_modules/discord.js/src/managers/GuildChannelManager.js:112:18) {
    method: 'post',
    path: '/guilds/812523059122274384/channels',
    code: 50013,
    httpStatus: 403
  }
}
------------------------------------
[CALLER: RequestHandler.js:154:13 | MS: 1613791500308 | DATE: 2/20/2021, 3:25:00 AM]
------------------------------------
DiscordAPIError: Missing Permissions
EXTRA INFO:
Promise {
  <rejected> DiscordAPIError: Missing Permissions
      at RequestHandler.execute (/home/container/node_modules/discord.js/src/rest/RequestHandler.js:154:13)
      at runMicrotasks (<anonymous>)
      at processTicksAndRejections (internal/process/task_queues.js:97:5)
      at async RequestHandler.push (/home/container/node_modules/discord.js/src/rest/RequestHandler.js:39:14)
      at async GuildChannelManager.create (/home/container/node_modules/discord.js/src/managers/GuildChannelManager.js:112:18) {
    method: 'post',
    path: '/guilds/766263039556976640/channels',
    code: 50013,
    httpStatus: 403
  }
}
------------------------------------
[CALLER: RequestHandler.js:154:13 | MS: 1613791530328 | DATE: 2/20/2021, 3:25:30 AM]
------------------------------------
DiscordAPIError: Missing Permissions
EXTRA INFO:
Promise {
  <rejected> DiscordAPIError: Missing Permissions
      at RequestHandler.execute (/home/container/node_modules/discord.js/src/rest/RequestHandler.js:154:13)
      at runMicrotasks (<anonymous>)
      at processTicksAndRejections (internal/process/task_queues.js:97:5)
      at async RequestHandler.push (/home/container/node_modules/discord.js/src/rest/RequestHandler.js:39:14)
      at async GuildChannelManager.create (/home/container/node_modules/discord.js/src/managers/GuildChannelManager.js:112:18) {
    method: 'post',
    path: '/guilds/766263039556976640/channels',
    code: 50013,
    httpStatus: 403
  }
}
------------------------------------
[CALLER: RequestHandler.js:154:13 | MS: 1613791530392 | DATE: 2/20/2021, 3:25:30 AM]
------------------------------------
DiscordAPIError: Missing Permissions
EXTRA INFO:
Promise {
  <rejected> DiscordAPIError: Missing Permissions
      at RequestHandler.execute (/home/container/node_modules/discord.js/src/rest/RequestHandler.js:154:13)
      at runMicrotasks (<anonymous>)
      at processTicksAndRejections (internal/process/task_queues.js:97:5)
      at async RequestHandler.push (/home/container/node_modules/discord.js/src/rest/RequestHandler.js:39:14)
      at async GuildChannelManager.create (/home/container/node_modules/discord.js/src/managers/GuildChannelManager.js:112:18) {
    method: 'post',
    path: '/guilds/812523059122274384/channels',
    code: 50013,
    httpStatus: 403
  }
}
------------------------------------
[CALLER: RequestHandler.js:154:13 | MS: 1613791560325 | DATE: 2/20/2021, 3:26:00 AM]
------------------------------------
DiscordAPIError: Missing Permissions
EXTRA INFO:
Promise {
  <rejected> DiscordAPIError: Missing Permissions
      at RequestHandler.execute (/home/container/node_modules/discord.js/src/rest/RequestHandler.js:154:13)
      at runMicrotasks (<anonymous>)
      at processTicksAndRejections (internal/process/task_queues.js:97:5)
      at async RequestHandler.push (/home/container/node_modules/discord.js/src/rest/RequestHandler.js:39:14)
      at async GuildChannelManager.create (/home/container/node_modules/discord.js/src/managers/GuildChannelManager.js:112:18) {
    method: 'post',
    path: '/guilds/766263039556976640/channels',
    code: 50013,
    httpStatus: 403
  }
}
------------------------------------
[CALLER: RequestHandler.js:154:13 | MS: 1613791560328 | DATE: 2/20/2021, 3:26:00 AM]
------------------------------------
DiscordAPIError: Missing Permissions
EXTRA INFO:
Promise {
  <rejected> DiscordAPIError: Missing Permissions
      at RequestHandler.execute (/home/container/node_modules/discord.js/src/rest/RequestHandler.js:154:13)
      at runMicrotasks (<anonymous>)
      at processTicksAndRejections (internal/process/task_queues.js:97:5)
      at async RequestHandler.push (/home/container/node_modules/discord.js/src/rest/RequestHandler.js:39:14)
      at async GuildChannelManager.create (/home/container/node_modules/discord.js/src/managers/GuildChannelManager.js:112:18) {
    method: 'post',
    path: '/guilds/812523059122274384/channels',
    code: 50013,
    httpStatus: 403
  }
}
------------------------------------
[CALLER: RequestHandler.js:154:13 | MS: 1613791590304 | DATE: 2/20/2021, 3:26:30 AM]
------------------------------------
DiscordAPIError: Missing Permissions
EXTRA INFO:
Promise {
  <rejected> DiscordAPIError: Missing Permissions
      at RequestHandler.execute (/home/container/node_modules/discord.js/src/rest/RequestHandler.js:154:13)
      at runMicrotasks (<anonymous>)
      at processTicksAndRejections (internal/process/task_queues.js:97:5)
      at async RequestHandler.push (/home/container/node_modules/discord.js/src/rest/RequestHandler.js:39:14)
      at async GuildChannelManager.create (/home/container/node_modules/discord.js/src/managers/GuildChannelManager.js:112:18) {
    method: 'post',
    path: '/guilds/766263039556976640/channels',
    code: 50013,
    httpStatus: 403
  }
}
------------------------------------
[CALLER: RequestHandler.js:154:13 | MS: 1613791590311 | DATE: 2/20/2021, 3:26:30 AM]
------------------------------------
DiscordAPIError: Missing Permissions
EXTRA INFO:
Promise {
  <rejected> DiscordAPIError: Missing Permissions
      at RequestHandler.execute (/home/container/node_modules/discord.js/src/rest/RequestHandler.js:154:13)
      at runMicrotasks (<anonymous>)
      at processTicksAndRejections (internal/process/task_queues.js:97:5)
      at async RequestHandler.push (/home/container/node_modules/discord.js/src/rest/RequestHandler.js:39:14)
      at async GuildChannelManager.create (/home/container/node_modules/discord.js/src/managers/GuildChannelManager.js:112:18) {
    method: 'post',
    path: '/guilds/812523059122274384/channels',
    code: 50013,
    httpStatus: 403
  }
}
------------------------------------
[CALLER: RequestHandler.js:154:13 | MS: 1613791620309 | DATE: 2/20/2021, 3:27:00 AM]
------------------------------------
DiscordAPIError: Missing Permissions
EXTRA INFO:
Promise {
  <rejected> DiscordAPIError: Missing Permissions
      at RequestHandler.execute (/home/container/node_modules/discord.js/src/rest/RequestHandler.js:154:13)
      at runMicrotasks (<anonymous>)
      at processTicksAndRejections (internal/process/task_queues.js:97:5)
      at async RequestHandler.push (/home/container/node_modules/discord.js/src/rest/RequestHandler.js:39:14)
      at async GuildChannelManager.create (/home/container/node_modules/discord.js/src/managers/GuildChannelManager.js:112:18) {
    method: 'post',
    path: '/guilds/812523059122274384/channels',
    code: 50013,
    httpStatus: 403
  }
}
------------------------------------
[CALLER: RequestHandler.js:154:13 | MS: 1613791650311 | DATE: 2/20/2021, 3:27:30 AM]
------------------------------------
DiscordAPIError: Missing Permissions
EXTRA INFO:
Promise {
  <rejected> DiscordAPIError: Missing Permissions
      at RequestHandler.execute (/home/container/node_modules/discord.js/src/rest/RequestHandler.js:154:13)
      at runMicrotasks (<anonymous>)
      at processTicksAndRejections (internal/process/task_queues.js:97:5)
      at async RequestHandler.push (/home/container/node_modules/discord.js/src/rest/RequestHandler.js:39:14)
      at async GuildChannelManager.create (/home/container/node_modules/discord.js/src/managers/GuildChannelManager.js:112:18) {
    method: 'post',
    path: '/guilds/812523059122274384/channels',
    code: 50013,
    httpStatus: 403
  }
}
------------------------------------
[CALLER: RequestHandler.js:154:13 | MS: 1613791680305 | DATE: 2/20/2021, 3:28:00 AM]
------------------------------------
DiscordAPIError: Missing Permissions
EXTRA INFO:
Promise {
  <rejected> DiscordAPIError: Missing Permissions
      at RequestHandler.execute (/home/container/node_modules/discord.js/src/rest/RequestHandler.js:154:13)
      at runMicrotasks (<anonymous>)
      at processTicksAndRejections (internal/process/task_queues.js:97:5)
      at async RequestHandler.push (/home/container/node_modules/discord.js/src/rest/RequestHandler.js:39:14)
      at async GuildChannelManager.create (/home/container/node_modules/discord.js/src/managers/GuildChannelManager.js:112:18) {
    method: 'post',
    path: '/guilds/812523059122274384/channels',
    code: 50013,
    httpStatus: 403
  }
}
------------------------------------
[CALLER: RequestHandler.js:154:13 | MS: 1613791710310 | DATE: 2/20/2021, 3:28:30 AM]
------------------------------------
DiscordAPIError: Missing Permissions
EXTRA INFO:
Promise {
  <rejected> DiscordAPIError: Missing Permissions
      at RequestHandler.execute (/home/container/node_modules/discord.js/src/rest/RequestHandler.js:154:13)
      at runMicrotasks (<anonymous>)
      at processTicksAndRejections (internal/process/task_queues.js:97:5)
      at async RequestHandler.push (/home/container/node_modules/discord.js/src/rest/RequestHandler.js:39:14)
      at async GuildChannelManager.create (/home/container/node_modules/discord.js/src/managers/GuildChannelManager.js:112:18) {
    method: 'post',
    path: '/guilds/812523059122274384/channels',
    code: 50013,
    httpStatus: 403
  }
}
------------------------------------
[CALLER: RequestHandler.js:154:13 | MS: 1613791740351 | DATE: 2/20/2021, 3:29:00 AM]
------------------------------------
DiscordAPIError: Missing Permissions
EXTRA INFO:
Promise {
  <rejected> DiscordAPIError: Missing Permissions
      at RequestHandler.execute (/home/container/node_modules/discord.js/src/rest/RequestHandler.js:154:13)
      at runMicrotasks (<anonymous>)
      at processTicksAndRejections (internal/process/task_queues.js:97:5)
      at async RequestHandler.push (/home/container/node_modules/discord.js/src/rest/RequestHandler.js:39:14)
      at async GuildChannelManager.create (/home/container/node_modules/discord.js/src/managers/GuildChannelManager.js:112:18) {
    method: 'post',
    path: '/guilds/812523059122274384/channels',
    code: 50013,
    httpStatus: 403
  }
}
------------------------------------
[CALLER: RequestHandler.js:154:13 | MS: 1613791770312 | DATE: 2/20/2021, 3:29:30 AM]
------------------------------------
DiscordAPIError: Missing Permissions
EXTRA INFO:
Promise {
  <rejected> DiscordAPIError: Missing Permissions
      at RequestHandler.execute (/home/container/node_modules/discord.js/src/rest/RequestHandler.js:154:13)
      at runMicrotasks (<anonymous>)
      at processTicksAndRejections (internal/process/task_queues.js:97:5)
      at async RequestHandler.push (/home/container/node_modules/discord.js/src/rest/RequestHandler.js:39:14)
      at async GuildChannelManager.create (/home/container/node_modules/discord.js/src/managers/GuildChannelManager.js:112:18) {
    method: 'post',
    path: '/guilds/812523059122274384/channels',
    code: 50013,
    httpStatus: 403
  }
}
------------------------------------
[CALLER: RequestHandler.js:154:13 | MS: 1613791800315 | DATE: 2/20/2021, 3:30:00 AM]
------------------------------------
DiscordAPIError: Missing Permissions
EXTRA INFO:
Promise {
  <rejected> DiscordAPIError: Missing Permissions
      at RequestHandler.execute (/home/container/node_modules/discord.js/src/rest/RequestHandler.js:154:13)
      at runMicrotasks (<anonymous>)
      at processTicksAndRejections (internal/process/task_queues.js:97:5)
      at async RequestHandler.push (/home/container/node_modules/discord.js/src/rest/RequestHandler.js:39:14)
      at async GuildChannelManager.create (/home/container/node_modules/discord.js/src/managers/GuildChannelManager.js:112:18) {
    method: 'post',
    path: '/guilds/812523059122274384/channels',
    code: 50013,
    httpStatus: 403
  }
}
------------------------------------
[CALLER: RequestHandler.js:154:13 | MS: 1613791830329 | DATE: 2/20/2021, 3:30:30 AM]
------------------------------------
DiscordAPIError: Missing Permissions
EXTRA INFO:
Promise {
  <rejected> DiscordAPIError: Missing Permissions
      at RequestHandler.execute (/home/container/node_modules/discord.js/src/rest/RequestHandler.js:154:13)
      at runMicrotasks (<anonymous>)
      at processTicksAndRejections (internal/process/task_queues.js:97:5)
      at async RequestHandler.push (/home/container/node_modules/discord.js/src/rest/RequestHandler.js:39:14)
      at async GuildChannelManager.create (/home/container/node_modules/discord.js/src/managers/GuildChannelManager.js:112:18) {
    method: 'post',
    path: '/guilds/812523059122274384/channels',
    code: 50013,
    httpStatus: 403
  }
}
------------------------------------
[CALLER: RequestHandler.js:154:13 | MS: 1613791860330 | DATE: 2/20/2021, 3:31:00 AM]
------------------------------------
DiscordAPIError: Missing Permissions
EXTRA INFO:
Promise {
  <rejected> DiscordAPIError: Missing Permissions
      at RequestHandler.execute (/home/container/node_modules/discord.js/src/rest/RequestHandler.js:154:13)
      at runMicrotasks (<anonymous>)
      at processTicksAndRejections (internal/process/task_queues.js:97:5)
      at async RequestHandler.push (/home/container/node_modules/discord.js/src/rest/RequestHandler.js:39:14)
      at async GuildChannelManager.create (/home/container/node_modules/discord.js/src/managers/GuildChannelManager.js:112:18) {
    method: 'post',
    path: '/guilds/812523059122274384/channels',
    code: 50013,
    httpStatus: 403
  }
}
------------------------------------
[CALLER: RequestHandler.js:154:13 | MS: 1613791890322 | DATE: 2/20/2021, 3:31:30 AM]
------------------------------------
DiscordAPIError: Missing Permissions
EXTRA INFO:
Promise {
  <rejected> DiscordAPIError: Missing Permissions
      at RequestHandler.execute (/home/container/node_modules/discord.js/src/rest/RequestHandler.js:154:13)
      at runMicrotasks (<anonymous>)
      at processTicksAndRejections (internal/process/task_queues.js:97:5)
      at async RequestHandler.push (/home/container/node_modules/discord.js/src/rest/RequestHandler.js:39:14)
      at async GuildChannelManager.create (/home/container/node_modules/discord.js/src/managers/GuildChannelManager.js:112:18) {
    method: 'post',
    path: '/guilds/812523059122274384/channels',
    code: 50013,
    httpStatus: 403
  }
}
------------------------------------
[CALLER: RequestHandler.js:154:13 | MS: 1613791920560 | DATE: 2/20/2021, 3:32:00 AM]
------------------------------------
DiscordAPIError: Missing Permissions
EXTRA INFO:
Promise {
  <rejected> DiscordAPIError: Missing Permissions
      at RequestHandler.execute (/home/container/node_modules/discord.js/src/rest/RequestHandler.js:154:13)
      at runMicrotasks (<anonymous>)
      at processTicksAndRejections (internal/process/task_queues.js:97:5)
      at async RequestHandler.push (/home/container/node_modules/discord.js/src/rest/RequestHandler.js:39:14)
      at async GuildChannelManager.create (/home/container/node_modules/discord.js/src/managers/GuildChannelManager.js:112:18) {
    method: 'post',
    path: '/guilds/812523059122274384/channels',
    code: 50013,
    httpStatus: 403
  }
}
------------------------------------
[CALLER: RequestHandler.js:154:13 | MS: 1613791950310 | DATE: 2/20/2021, 3:32:30 AM]
------------------------------------
DiscordAPIError: Missing Permissions
EXTRA INFO:
Promise {
  <rejected> DiscordAPIError: Missing Permissions
      at RequestHandler.execute (/home/container/node_modules/discord.js/src/rest/RequestHandler.js:154:13)
      at runMicrotasks (<anonymous>)
      at processTicksAndRejections (internal/process/task_queues.js:97:5)
      at async RequestHandler.push (/home/container/node_modules/discord.js/src/rest/RequestHandler.js:39:14)
      at async GuildChannelManager.create (/home/container/node_modules/discord.js/src/managers/GuildChannelManager.js:112:18) {
    method: 'post',
    path: '/guilds/812523059122274384/channels',
    code: 50013,
    httpStatus: 403
  }
}
------------------------------------
[CALLER: RequestHandler.js:154:13 | MS: 1613828621064 | DATE: 2/20/2021, 1:43:41 PM]
------------------------------------
DiscordAPIError: Missing Permissions
EXTRA INFO:
Promise {
  <rejected> DiscordAPIError: Missing Permissions
      at RequestHandler.execute (/home/container/node_modules/discord.js/src/rest/RequestHandler.js:154:13)
      at processTicksAndRejections (internal/process/task_queues.js:97:5)
      at async RequestHandler.push (/home/container/node_modules/discord.js/src/rest/RequestHandler.js:39:14) {
    method: 'get',
    path: '/guilds/812523059122274384/invites',
    code: 50013,
    httpStatus: 403
  }
}
------------------------------------
[CALLER: RequestHandler.js:154:13 | MS: 1613828621701 | DATE: 2/20/2021, 1:43:41 PM]
------------------------------------
DiscordAPIError: Missing Permissions
EXTRA INFO:
Promise {
  <rejected> DiscordAPIError: Missing Permissions
      at RequestHandler.execute (/home/container/node_modules/discord.js/src/rest/RequestHandler.js:154:13)
      at processTicksAndRejections (internal/process/task_queues.js:97:5)
      at async RequestHandler.push (/home/container/node_modules/discord.js/src/rest/RequestHandler.js:39:14)
      at async GuildChannelManager.create (/home/container/node_modules/discord.js/src/managers/GuildChannelManager.js:112:18) {
    method: 'post',
    path: '/guilds/812523059122274384/channels',
    code: 50013,
    httpStatus: 403
  }
}
------------------------------------
[CALLER: RequestHandler.js:154:13 | MS: 1613828651035 | DATE: 2/20/2021, 1:44:11 PM]
------------------------------------
DiscordAPIError: Missing Permissions
EXTRA INFO:
Promise {
  <rejected> DiscordAPIError: Missing Permissions
      at RequestHandler.execute (/home/container/node_modules/discord.js/src/rest/RequestHandler.js:154:13)
      at processTicksAndRejections (internal/process/task_queues.js:97:5)
      at async RequestHandler.push (/home/container/node_modules/discord.js/src/rest/RequestHandler.js:39:14)
      at async GuildChannelManager.create (/home/container/node_modules/discord.js/src/managers/GuildChannelManager.js:112:18) {
    method: 'post',
    path: '/guilds/812523059122274384/channels',
    code: 50013,
    httpStatus: 403
  }
}
------------------------------------
[CALLER: RequestHandler.js:154:13 | MS: 1613828681016 | DATE: 2/20/2021, 1:44:41 PM]
------------------------------------
DiscordAPIError: Missing Permissions
EXTRA INFO:
Promise {
  <rejected> DiscordAPIError: Missing Permissions
      at RequestHandler.execute (/home/container/node_modules/discord.js/src/rest/RequestHandler.js:154:13)
      at processTicksAndRejections (internal/process/task_queues.js:97:5)
      at async RequestHandler.push (/home/container/node_modules/discord.js/src/rest/RequestHandler.js:39:14)
      at async GuildChannelManager.create (/home/container/node_modules/discord.js/src/managers/GuildChannelManager.js:112:18) {
    method: 'post',
    path: '/guilds/812523059122274384/channels',
    code: 50013,
    httpStatus: 403
  }
}
------------------------------------
[CALLER: RequestHandler.js:154:13 | MS: 1613828711014 | DATE: 2/20/2021, 1:45:11 PM]
------------------------------------
DiscordAPIError: Missing Permissions
EXTRA INFO:
Promise {
  <rejected> DiscordAPIError: Missing Permissions
      at RequestHandler.execute (/home/container/node_modules/discord.js/src/rest/RequestHandler.js:154:13)
      at processTicksAndRejections (internal/process/task_queues.js:97:5)
      at async RequestHandler.push (/home/container/node_modules/discord.js/src/rest/RequestHandler.js:39:14)
      at async GuildChannelManager.create (/home/container/node_modules/discord.js/src/managers/GuildChannelManager.js:112:18) {
    method: 'post',
    path: '/guilds/812523059122274384/channels',
    code: 50013,
    httpStatus: 403
  }
}
------------------------------------
[CALLER: RequestHandler.js:154:13 | MS: 1613828741047 | DATE: 2/20/2021, 1:45:41 PM]
------------------------------------
DiscordAPIError: Missing Permissions
EXTRA INFO:
Promise {
  <rejected> DiscordAPIError: Missing Permissions
      at RequestHandler.execute (/home/container/node_modules/discord.js/src/rest/RequestHandler.js:154:13)
      at processTicksAndRejections (internal/process/task_queues.js:97:5)
      at async RequestHandler.push (/home/container/node_modules/discord.js/src/rest/RequestHandler.js:39:14)
      at async GuildChannelManager.create (/home/container/node_modules/discord.js/src/managers/GuildChannelManager.js:112:18) {
    method: 'post',
    path: '/guilds/812523059122274384/channels',
    code: 50013,
    httpStatus: 403
  }
}
------------------------------------
[CALLER: RequestHandler.js:154:13 | MS: 1613828935397 | DATE: 2/20/2021, 1:48:55 PM]
------------------------------------
DiscordAPIError: Missing Permissions
EXTRA INFO:
Promise {
  <rejected> DiscordAPIError: Missing Permissions
      at RequestHandler.execute (/home/container/node_modules/discord.js/src/rest/RequestHandler.js:154:13)
      at processTicksAndRejections (internal/process/task_queues.js:97:5)
      at async RequestHandler.push (/home/container/node_modules/discord.js/src/rest/RequestHandler.js:39:14) {
    method: 'get',
    path: '/guilds/812523059122274384/invites',
    code: 50013,
    httpStatus: 403
  }
}
------------------------------------
[CALLER: RequestHandler.js:154:13 | MS: 1613828935422 | DATE: 2/20/2021, 1:48:55 PM]
------------------------------------
DiscordAPIError: Missing Permissions
EXTRA INFO:
Promise {
  <rejected> DiscordAPIError: Missing Permissions
      at RequestHandler.execute (/home/container/node_modules/discord.js/src/rest/RequestHandler.js:154:13)
      at processTicksAndRejections (internal/process/task_queues.js:97:5)
      at async RequestHandler.push (/home/container/node_modules/discord.js/src/rest/RequestHandler.js:39:14)
      at async GuildChannelManager.create (/home/container/node_modules/discord.js/src/managers/GuildChannelManager.js:112:18) {
    method: 'post',
    path: '/guilds/812523059122274384/channels',
    code: 50013,
    httpStatus: 403
  }
}
------------------------------------
[CALLER: RequestHandler.js:154:13 | MS: 1613828965371 | DATE: 2/20/2021, 1:49:25 PM]
------------------------------------
DiscordAPIError: Missing Permissions
EXTRA INFO:
Promise {
  <rejected> DiscordAPIError: Missing Permissions
      at RequestHandler.execute (/home/container/node_modules/discord.js/src/rest/RequestHandler.js:154:13)
      at processTicksAndRejections (internal/process/task_queues.js:97:5)
      at async RequestHandler.push (/home/container/node_modules/discord.js/src/rest/RequestHandler.js:39:14)
      at async GuildChannelManager.create (/home/container/node_modules/discord.js/src/managers/GuildChannelManager.js:112:18) {
    method: 'post',
    path: '/guilds/812523059122274384/channels',
    code: 50013,
    httpStatus: 403
  }
}
------------------------------------
[CALLER: RequestHandler.js:154:13 | MS: 1613828995352 | DATE: 2/20/2021, 1:49:55 PM]
------------------------------------
DiscordAPIError: Missing Permissions
EXTRA INFO:
Promise {
  <rejected> DiscordAPIError: Missing Permissions
      at RequestHandler.execute (/home/container/node_modules/discord.js/src/rest/RequestHandler.js:154:13)
      at processTicksAndRejections (internal/process/task_queues.js:97:5)
      at async RequestHandler.push (/home/container/node_modules/discord.js/src/rest/RequestHandler.js:39:14)
      at async GuildChannelManager.create (/home/container/node_modules/discord.js/src/managers/GuildChannelManager.js:112:18) {
    method: 'post',
    path: '/guilds/812523059122274384/channels',
    code: 50013,
    httpStatus: 403
  }
}
------------------------------------
[CALLER: RequestHandler.js:154:13 | MS: 1613829025361 | DATE: 2/20/2021, 1:50:25 PM]
------------------------------------
DiscordAPIError: Missing Permissions
EXTRA INFO:
Promise {
  <rejected> DiscordAPIError: Missing Permissions
      at RequestHandler.execute (/home/container/node_modules/discord.js/src/rest/RequestHandler.js:154:13)
      at processTicksAndRejections (internal/process/task_queues.js:97:5)
      at async RequestHandler.push (/home/container/node_modules/discord.js/src/rest/RequestHandler.js:39:14)
      at async GuildChannelManager.create (/home/container/node_modules/discord.js/src/managers/GuildChannelManager.js:112:18) {
    method: 'post',
    path: '/guilds/812523059122274384/channels',
    code: 50013,
    httpStatus: 403
  }
}
------------------------------------
[CALLER: RequestHandler.js:154:13 | MS: 1613829055352 | DATE: 2/20/2021, 1:50:55 PM]
------------------------------------
DiscordAPIError: Missing Permissions
EXTRA INFO:
Promise {
  <rejected> DiscordAPIError: Missing Permissions
      at RequestHandler.execute (/home/container/node_modules/discord.js/src/rest/RequestHandler.js:154:13)
      at processTicksAndRejections (internal/process/task_queues.js:97:5)
      at async RequestHandler.push (/home/container/node_modules/discord.js/src/rest/RequestHandler.js:39:14)
      at async GuildChannelManager.create (/home/container/node_modules/discord.js/src/managers/GuildChannelManager.js:112:18) {
    method: 'post',
    path: '/guilds/812523059122274384/channels',
    code: 50013,
    httpStatus: 403
  }
}
------------------------------------
[CALLER: RequestHandler.js:154:13 | MS: 1613829085348 | DATE: 2/20/2021, 1:51:25 PM]
------------------------------------
DiscordAPIError: Missing Permissions
EXTRA INFO:
Promise {
  <rejected> DiscordAPIError: Missing Permissions
      at RequestHandler.execute (/home/container/node_modules/discord.js/src/rest/RequestHandler.js:154:13)
      at processTicksAndRejections (internal/process/task_queues.js:97:5)
      at async RequestHandler.push (/home/container/node_modules/discord.js/src/rest/RequestHandler.js:39:14)
      at async GuildChannelManager.create (/home/container/node_modules/discord.js/src/managers/GuildChannelManager.js:112:18) {
    method: 'post',
    path: '/guilds/812523059122274384/channels',
    code: 50013,
    httpStatus: 403
  }
}
------------------------------------
[CALLER: RequestHandler.js:154:13 | MS: 1613829099423 | DATE: 2/20/2021, 1:51:39 PM]
------------------------------------
DiscordAPIError: Missing Permissions
EXTRA INFO:
Promise {
  <rejected> DiscordAPIError: Missing Permissions
      at RequestHandler.execute (/home/container/node_modules/discord.js/src/rest/RequestHandler.js:154:13)
      at processTicksAndRejections (internal/process/task_queues.js:97:5)
      at async RequestHandler.push (/home/container/node_modules/discord.js/src/rest/RequestHandler.js:39:14) {
    method: 'get',
    path: '/guilds/812523059122274384/invites',
    code: 50013,
    httpStatus: 403
  }
}
------------------------------------
[CALLER: RequestHandler.js:154:13 | MS: 1613829099466 | DATE: 2/20/2021, 1:51:39 PM]
------------------------------------
DiscordAPIError: Missing Permissions
EXTRA INFO:
Promise {
  <rejected> DiscordAPIError: Missing Permissions
      at RequestHandler.execute (/home/container/node_modules/discord.js/src/rest/RequestHandler.js:154:13)
      at processTicksAndRejections (internal/process/task_queues.js:97:5)
      at async RequestHandler.push (/home/container/node_modules/discord.js/src/rest/RequestHandler.js:39:14)
      at async GuildChannelManager.create (/home/container/node_modules/discord.js/src/managers/GuildChannelManager.js:112:18) {
    method: 'post',
    path: '/guilds/812523059122274384/channels',
    code: 50013,
    httpStatus: 403
  }
}
------------------------------------
[CALLER: RequestHandler.js:154:13 | MS: 1613829215713 | DATE: 2/20/2021, 1:53:35 PM]
------------------------------------
DiscordAPIError: Missing Permissions
EXTRA INFO:
Promise {
  <rejected> DiscordAPIError: Missing Permissions
      at RequestHandler.execute (/home/container/node_modules/discord.js/src/rest/RequestHandler.js:154:13)
      at processTicksAndRejections (internal/process/task_queues.js:97:5)
      at async RequestHandler.push (/home/container/node_modules/discord.js/src/rest/RequestHandler.js:39:14) {
    method: 'get',
    path: '/guilds/812523059122274384/invites',
    code: 50013,
    httpStatus: 403
  }
}
------------------------------------
[CALLER: RequestHandler.js:154:13 | MS: 1613829215747 | DATE: 2/20/2021, 1:53:35 PM]
------------------------------------
DiscordAPIError: Missing Permissions
EXTRA INFO:
Promise {
  <rejected> DiscordAPIError: Missing Permissions
      at RequestHandler.execute (/home/container/node_modules/discord.js/src/rest/RequestHandler.js:154:13)
      at processTicksAndRejections (internal/process/task_queues.js:97:5)
      at async RequestHandler.push (/home/container/node_modules/discord.js/src/rest/RequestHandler.js:39:14)
      at async GuildChannelManager.create (/home/container/node_modules/discord.js/src/managers/GuildChannelManager.js:112:18) {
    method: 'post',
    path: '/guilds/812523059122274384/channels',
    code: 50013,
    httpStatus: 403
  }
}
------------------------------------
[CALLER: RequestHandler.js:154:13 | MS: 1613829245682 | DATE: 2/20/2021, 1:54:05 PM]
------------------------------------
DiscordAPIError: Missing Permissions
EXTRA INFO:
Promise {
  <rejected> DiscordAPIError: Missing Permissions
      at RequestHandler.execute (/home/container/node_modules/discord.js/src/rest/RequestHandler.js:154:13)
      at processTicksAndRejections (internal/process/task_queues.js:97:5)
      at async RequestHandler.push (/home/container/node_modules/discord.js/src/rest/RequestHandler.js:39:14)
      at async GuildChannelManager.create (/home/container/node_modules/discord.js/src/managers/GuildChannelManager.js:112:18) {
    method: 'post',
    path: '/guilds/812523059122274384/channels',
    code: 50013,
    httpStatus: 403
  }
}
------------------------------------
[CALLER: RequestHandler.js:154:13 | MS: 1613829275680 | DATE: 2/20/2021, 1:54:35 PM]
------------------------------------
DiscordAPIError: Missing Permissions
EXTRA INFO:
Promise {
  <rejected> DiscordAPIError: Missing Permissions
      at RequestHandler.execute (/home/container/node_modules/discord.js/src/rest/RequestHandler.js:154:13)
      at processTicksAndRejections (internal/process/task_queues.js:97:5)
      at async RequestHandler.push (/home/container/node_modules/discord.js/src/rest/RequestHandler.js:39:14)
      at async GuildChannelManager.create (/home/container/node_modules/discord.js/src/managers/GuildChannelManager.js:112:18) {
    method: 'post',
    path: '/guilds/812523059122274384/channels',
    code: 50013,
    httpStatus: 403
  }
}
------------------------------------
[CALLER: RequestHandler.js:154:13 | MS: 1613829305671 | DATE: 2/20/2021, 1:55:05 PM]
------------------------------------
DiscordAPIError: Missing Permissions
EXTRA INFO:
Promise {
  <rejected> DiscordAPIError: Missing Permissions
      at RequestHandler.execute (/home/container/node_modules/discord.js/src/rest/RequestHandler.js:154:13)
      at processTicksAndRejections (internal/process/task_queues.js:97:5)
      at async RequestHandler.push (/home/container/node_modules/discord.js/src/rest/RequestHandler.js:39:14)
      at async GuildChannelManager.create (/home/container/node_modules/discord.js/src/managers/GuildChannelManager.js:112:18) {
    method: 'post',
    path: '/guilds/812523059122274384/channels',
    code: 50013,
    httpStatus: 403
  }
}
------------------------------------
[CALLER: RequestHandler.js:154:13 | MS: 1613829335662 | DATE: 2/20/2021, 1:55:35 PM]
------------------------------------
DiscordAPIError: Missing Permissions
EXTRA INFO:
Promise {
  <rejected> DiscordAPIError: Missing Permissions
      at RequestHandler.execute (/home/container/node_modules/discord.js/src/rest/RequestHandler.js:154:13)
      at processTicksAndRejections (internal/process/task_queues.js:97:5)
      at async RequestHandler.push (/home/container/node_modules/discord.js/src/rest/RequestHandler.js:39:14)
      at async GuildChannelManager.create (/home/container/node_modules/discord.js/src/managers/GuildChannelManager.js:112:18) {
    method: 'post',
    path: '/guilds/812523059122274384/channels',
    code: 50013,
    httpStatus: 403
  }
}
------------------------------------
[CALLER: RequestHandler.js:154:13 | MS: 1613829365679 | DATE: 2/20/2021, 1:56:05 PM]
------------------------------------
DiscordAPIError: Missing Permissions
EXTRA INFO:
Promise {
  <rejected> DiscordAPIError: Missing Permissions
      at RequestHandler.execute (/home/container/node_modules/discord.js/src/rest/RequestHandler.js:154:13)
      at processTicksAndRejections (internal/process/task_queues.js:97:5)
      at async RequestHandler.push (/home/container/node_modules/discord.js/src/rest/RequestHandler.js:39:14)
      at async GuildChannelManager.create (/home/container/node_modules/discord.js/src/managers/GuildChannelManager.js:112:18) {
    method: 'post',
    path: '/guilds/812523059122274384/channels',
    code: 50013,
    httpStatus: 403
  }
}
------------------------------------
[CALLER: RequestHandler.js:154:13 | MS: 1613829395663 | DATE: 2/20/2021, 1:56:35 PM]
------------------------------------
DiscordAPIError: Missing Permissions
EXTRA INFO:
Promise {
  <rejected> DiscordAPIError: Missing Permissions
      at RequestHandler.execute (/home/container/node_modules/discord.js/src/rest/RequestHandler.js:154:13)
      at processTicksAndRejections (internal/process/task_queues.js:97:5)
      at async RequestHandler.push (/home/container/node_modules/discord.js/src/rest/RequestHandler.js:39:14)
      at async GuildChannelManager.create (/home/container/node_modules/discord.js/src/managers/GuildChannelManager.js:112:18) {
    method: 'post',
    path: '/guilds/812523059122274384/channels',
    code: 50013,
    httpStatus: 403
  }
}
------------------------------------
[CALLER: RequestHandler.js:154:13 | MS: 1613829425672 | DATE: 2/20/2021, 1:57:05 PM]
------------------------------------
DiscordAPIError: Missing Permissions
EXTRA INFO:
Promise {
  <rejected> DiscordAPIError: Missing Permissions
      at RequestHandler.execute (/home/container/node_modules/discord.js/src/rest/RequestHandler.js:154:13)
      at processTicksAndRejections (internal/process/task_queues.js:97:5)
      at async RequestHandler.push (/home/container/node_modules/discord.js/src/rest/RequestHandler.js:39:14)
      at async GuildChannelManager.create (/home/container/node_modules/discord.js/src/managers/GuildChannelManager.js:112:18) {
    method: 'post',
    path: '/guilds/812523059122274384/channels',
    code: 50013,
    httpStatus: 403
  }
}
------------------------------------
[CALLER: RequestHandler.js:154:13 | MS: 1613829455678 | DATE: 2/20/2021, 1:57:35 PM]
------------------------------------
DiscordAPIError: Missing Permissions
EXTRA INFO:
Promise {
  <rejected> DiscordAPIError: Missing Permissions
      at RequestHandler.execute (/home/container/node_modules/discord.js/src/rest/RequestHandler.js:154:13)
      at processTicksAndRejections (internal/process/task_queues.js:97:5)
      at async RequestHandler.push (/home/container/node_modules/discord.js/src/rest/RequestHandler.js:39:14)
      at async GuildChannelManager.create (/home/container/node_modules/discord.js/src/managers/GuildChannelManager.js:112:18) {
    method: 'post',
    path: '/guilds/812523059122274384/channels',
    code: 50013,
    httpStatus: 403
  }
}
------------------------------------
[CALLER: RequestHandler.js:154:13 | MS: 1613829485741 | DATE: 2/20/2021, 1:58:05 PM]
------------------------------------
DiscordAPIError: Missing Permissions
EXTRA INFO:
Promise {
  <rejected> DiscordAPIError: Missing Permissions
      at RequestHandler.execute (/home/container/node_modules/discord.js/src/rest/RequestHandler.js:154:13)
      at processTicksAndRejections (internal/process/task_queues.js:97:5)
      at async RequestHandler.push (/home/container/node_modules/discord.js/src/rest/RequestHandler.js:39:14)
      at async GuildChannelManager.create (/home/container/node_modules/discord.js/src/managers/GuildChannelManager.js:112:18) {
    method: 'post',
    path: '/guilds/812523059122274384/channels',
    code: 50013,
    httpStatus: 403
  }
}
------------------------------------
[CALLER: RequestHandler.js:154:13 | MS: 1613829515678 | DATE: 2/20/2021, 1:58:35 PM]
------------------------------------
DiscordAPIError: Missing Permissions
EXTRA INFO:
Promise {
  <rejected> DiscordAPIError: Missing Permissions
      at RequestHandler.execute (/home/container/node_modules/discord.js/src/rest/RequestHandler.js:154:13)
      at processTicksAndRejections (internal/process/task_queues.js:97:5)
      at async RequestHandler.push (/home/container/node_modules/discord.js/src/rest/RequestHandler.js:39:14)
      at async GuildChannelManager.create (/home/container/node_modules/discord.js/src/managers/GuildChannelManager.js:112:18) {
    method: 'post',
    path: '/guilds/812523059122274384/channels',
    code: 50013,
    httpStatus: 403
  }
}
------------------------------------
[CALLER: RequestHandler.js:154:13 | MS: 1613829545664 | DATE: 2/20/2021, 1:59:05 PM]
------------------------------------
DiscordAPIError: Missing Permissions
EXTRA INFO:
Promise {
  <rejected> DiscordAPIError: Missing Permissions
      at RequestHandler.execute (/home/container/node_modules/discord.js/src/rest/RequestHandler.js:154:13)
      at processTicksAndRejections (internal/process/task_queues.js:97:5)
      at async RequestHandler.push (/home/container/node_modules/discord.js/src/rest/RequestHandler.js:39:14)
      at async GuildChannelManager.create (/home/container/node_modules/discord.js/src/managers/GuildChannelManager.js:112:18) {
    method: 'post',
    path: '/guilds/812523059122274384/channels',
    code: 50013,
    httpStatus: 403
  }
}
------------------------------------
[CALLER: RequestHandler.js:154:13 | MS: 1613829575674 | DATE: 2/20/2021, 1:59:35 PM]
------------------------------------
DiscordAPIError: Missing Permissions
EXTRA INFO:
Promise {
  <rejected> DiscordAPIError: Missing Permissions
      at RequestHandler.execute (/home/container/node_modules/discord.js/src/rest/RequestHandler.js:154:13)
      at processTicksAndRejections (internal/process/task_queues.js:97:5)
      at async RequestHandler.push (/home/container/node_modules/discord.js/src/rest/RequestHandler.js:39:14)
      at async GuildChannelManager.create (/home/container/node_modules/discord.js/src/managers/GuildChannelManager.js:112:18) {
    method: 'post',
    path: '/guilds/812523059122274384/channels',
    code: 50013,
    httpStatus: 403
  }
}
------------------------------------
[CALLER: RequestHandler.js:154:13 | MS: 1613829605675 | DATE: 2/20/2021, 2:00:05 PM]
------------------------------------
DiscordAPIError: Missing Permissions
EXTRA INFO:
Promise {
  <rejected> DiscordAPIError: Missing Permissions
      at RequestHandler.execute (/home/container/node_modules/discord.js/src/rest/RequestHandler.js:154:13)
      at processTicksAndRejections (internal/process/task_queues.js:97:5)
      at async RequestHandler.push (/home/container/node_modules/discord.js/src/rest/RequestHandler.js:39:14)
      at async GuildChannelManager.create (/home/container/node_modules/discord.js/src/managers/GuildChannelManager.js:112:18) {
    method: 'post',
    path: '/guilds/812523059122274384/channels',
    code: 50013,
    httpStatus: 403
  }
}
------------------------------------
[CALLER: RequestHandler.js:154:13 | MS: 1613829635678 | DATE: 2/20/2021, 2:00:35 PM]
------------------------------------
DiscordAPIError: Missing Permissions
EXTRA INFO:
Promise {
  <rejected> DiscordAPIError: Missing Permissions
      at RequestHandler.execute (/home/container/node_modules/discord.js/src/rest/RequestHandler.js:154:13)
      at processTicksAndRejections (internal/process/task_queues.js:97:5)
      at async RequestHandler.push (/home/container/node_modules/discord.js/src/rest/RequestHandler.js:39:14)
      at async GuildChannelManager.create (/home/container/node_modules/discord.js/src/managers/GuildChannelManager.js:112:18) {
    method: 'post',
    path: '/guilds/812523059122274384/channels',
    code: 50013,
    httpStatus: 403
  }
}
------------------------------------
[CALLER: RequestHandler.js:154:13 | MS: 1613829665697 | DATE: 2/20/2021, 2:01:05 PM]
------------------------------------
DiscordAPIError: Missing Permissions
EXTRA INFO:
Promise {
  <rejected> DiscordAPIError: Missing Permissions
      at RequestHandler.execute (/home/container/node_modules/discord.js/src/rest/RequestHandler.js:154:13)
      at processTicksAndRejections (internal/process/task_queues.js:97:5)
      at async RequestHandler.push (/home/container/node_modules/discord.js/src/rest/RequestHandler.js:39:14)
      at async GuildChannelManager.create (/home/container/node_modules/discord.js/src/managers/GuildChannelManager.js:112:18) {
    method: 'post',
    path: '/guilds/812523059122274384/channels',
    code: 50013,
    httpStatus: 403
  }
}
------------------------------------
[CALLER: RequestHandler.js:154:13 | MS: 1613829695679 | DATE: 2/20/2021, 2:01:35 PM]
------------------------------------
DiscordAPIError: Missing Permissions
EXTRA INFO:
Promise {
  <rejected> DiscordAPIError: Missing Permissions
      at RequestHandler.execute (/home/container/node_modules/discord.js/src/rest/RequestHandler.js:154:13)
      at processTicksAndRejections (internal/process/task_queues.js:97:5)
      at async RequestHandler.push (/home/container/node_modules/discord.js/src/rest/RequestHandler.js:39:14)
      at async GuildChannelManager.create (/home/container/node_modules/discord.js/src/managers/GuildChannelManager.js:112:18) {
    method: 'post',
    path: '/guilds/812523059122274384/channels',
    code: 50013,
    httpStatus: 403
  }
}
------------------------------------
[CALLER: RequestHandler.js:154:13 | MS: 1613829725682 | DATE: 2/20/2021, 2:02:05 PM]
------------------------------------
DiscordAPIError: Missing Permissions
EXTRA INFO:
Promise {
  <rejected> DiscordAPIError: Missing Permissions
      at RequestHandler.execute (/home/container/node_modules/discord.js/src/rest/RequestHandler.js:154:13)
      at processTicksAndRejections (internal/process/task_queues.js:97:5)
      at async RequestHandler.push (/home/container/node_modules/discord.js/src/rest/RequestHandler.js:39:14)
      at async GuildChannelManager.create (/home/container/node_modules/discord.js/src/managers/GuildChannelManager.js:112:18) {
    method: 'post',
    path: '/guilds/812523059122274384/channels',
    code: 50013,
    httpStatus: 403
  }
}
------------------------------------
[CALLER: RequestHandler.js:154:13 | MS: 1613829755675 | DATE: 2/20/2021, 2:02:35 PM]
------------------------------------
DiscordAPIError: Missing Permissions
EXTRA INFO:
Promise {
  <rejected> DiscordAPIError: Missing Permissions
      at RequestHandler.execute (/home/container/node_modules/discord.js/src/rest/RequestHandler.js:154:13)
      at processTicksAndRejections (internal/process/task_queues.js:97:5)
      at async RequestHandler.push (/home/container/node_modules/discord.js/src/rest/RequestHandler.js:39:14)
      at async GuildChannelManager.create (/home/container/node_modules/discord.js/src/managers/GuildChannelManager.js:112:18) {
    method: 'post',
    path: '/guilds/812523059122274384/channels',
    code: 50013,
    httpStatus: 403
  }
}
------------------------------------
[CALLER: RequestHandler.js:154:13 | MS: 1613829785725 | DATE: 2/20/2021, 2:03:05 PM]
------------------------------------
DiscordAPIError: Missing Permissions
EXTRA INFO:
Promise {
  <rejected> DiscordAPIError: Missing Permissions
      at RequestHandler.execute (/home/container/node_modules/discord.js/src/rest/RequestHandler.js:154:13)
      at runMicrotasks (<anonymous>)
      at processTicksAndRejections (internal/process/task_queues.js:97:5)
      at async RequestHandler.push (/home/container/node_modules/discord.js/src/rest/RequestHandler.js:39:14)
      at async GuildChannelManager.create (/home/container/node_modules/discord.js/src/managers/GuildChannelManager.js:112:18) {
    method: 'post',
    path: '/guilds/812523059122274384/channels',
    code: 50013,
    httpStatus: 403
  }
}
------------------------------------
[CALLER: RequestHandler.js:154:13 | MS: 1613829815686 | DATE: 2/20/2021, 2:03:35 PM]
------------------------------------
DiscordAPIError: Missing Permissions
EXTRA INFO:
Promise {
  <rejected> DiscordAPIError: Missing Permissions
      at RequestHandler.execute (/home/container/node_modules/discord.js/src/rest/RequestHandler.js:154:13)
      at runMicrotasks (<anonymous>)
      at processTicksAndRejections (internal/process/task_queues.js:97:5)
      at async RequestHandler.push (/home/container/node_modules/discord.js/src/rest/RequestHandler.js:39:14)
      at async GuildChannelManager.create (/home/container/node_modules/discord.js/src/managers/GuildChannelManager.js:112:18) {
    method: 'post',
    path: '/guilds/812523059122274384/channels',
    code: 50013,
    httpStatus: 403
  }
}
------------------------------------
[CALLER: RequestHandler.js:154:13 | MS: 1613829845695 | DATE: 2/20/2021, 2:04:05 PM]
------------------------------------
DiscordAPIError: Missing Permissions
EXTRA INFO:
Promise {
  <rejected> DiscordAPIError: Missing Permissions
      at RequestHandler.execute (/home/container/node_modules/discord.js/src/rest/RequestHandler.js:154:13)
      at runMicrotasks (<anonymous>)
      at processTicksAndRejections (internal/process/task_queues.js:97:5)
      at async RequestHandler.push (/home/container/node_modules/discord.js/src/rest/RequestHandler.js:39:14)
      at async GuildChannelManager.create (/home/container/node_modules/discord.js/src/managers/GuildChannelManager.js:112:18) {
    method: 'post',
    path: '/guilds/812523059122274384/channels',
    code: 50013,
    httpStatus: 403
  }
}
------------------------------------
[CALLER: RequestHandler.js:154:13 | MS: 1613829875693 | DATE: 2/20/2021, 2:04:35 PM]
------------------------------------
DiscordAPIError: Missing Permissions
EXTRA INFO:
Promise {
  <rejected> DiscordAPIError: Missing Permissions
      at RequestHandler.execute (/home/container/node_modules/discord.js/src/rest/RequestHandler.js:154:13)
      at runMicrotasks (<anonymous>)
      at processTicksAndRejections (internal/process/task_queues.js:97:5)
      at async RequestHandler.push (/home/container/node_modules/discord.js/src/rest/RequestHandler.js:39:14)
      at async GuildChannelManager.create (/home/container/node_modules/discord.js/src/managers/GuildChannelManager.js:112:18) {
    method: 'post',
    path: '/guilds/812523059122274384/channels',
    code: 50013,
    httpStatus: 403
  }
}
------------------------------------
[CALLER: RequestHandler.js:154:13 | MS: 1613829905685 | DATE: 2/20/2021, 2:05:05 PM]
------------------------------------
DiscordAPIError: Missing Permissions
EXTRA INFO:
Promise {
  <rejected> DiscordAPIError: Missing Permissions
      at RequestHandler.execute (/home/container/node_modules/discord.js/src/rest/RequestHandler.js:154:13)
      at runMicrotasks (<anonymous>)
      at processTicksAndRejections (internal/process/task_queues.js:97:5)
      at async RequestHandler.push (/home/container/node_modules/discord.js/src/rest/RequestHandler.js:39:14)
      at async GuildChannelManager.create (/home/container/node_modules/discord.js/src/managers/GuildChannelManager.js:112:18) {
    method: 'post',
    path: '/guilds/812523059122274384/channels',
    code: 50013,
    httpStatus: 403
  }
}
------------------------------------
[CALLER: RequestHandler.js:154:13 | MS: 1613829935705 | DATE: 2/20/2021, 2:05:35 PM]
------------------------------------
DiscordAPIError: Missing Permissions
EXTRA INFO:
Promise {
  <rejected> DiscordAPIError: Missing Permissions
      at RequestHandler.execute (/home/container/node_modules/discord.js/src/rest/RequestHandler.js:154:13)
      at runMicrotasks (<anonymous>)
      at processTicksAndRejections (internal/process/task_queues.js:97:5)
      at async RequestHandler.push (/home/container/node_modules/discord.js/src/rest/RequestHandler.js:39:14)
      at async GuildChannelManager.create (/home/container/node_modules/discord.js/src/managers/GuildChannelManager.js:112:18) {
    method: 'post',
    path: '/guilds/812523059122274384/channels',
    code: 50013,
    httpStatus: 403
  }
}
------------------------------------
[CALLER: RequestHandler.js:154:13 | MS: 1613829965708 | DATE: 2/20/2021, 2:06:05 PM]
------------------------------------
DiscordAPIError: Missing Permissions
EXTRA INFO:
Promise {
  <rejected> DiscordAPIError: Missing Permissions
      at RequestHandler.execute (/home/container/node_modules/discord.js/src/rest/RequestHandler.js:154:13)
      at runMicrotasks (<anonymous>)
      at processTicksAndRejections (internal/process/task_queues.js:97:5)
      at async RequestHandler.push (/home/container/node_modules/discord.js/src/rest/RequestHandler.js:39:14)
      at async GuildChannelManager.create (/home/container/node_modules/discord.js/src/managers/GuildChannelManager.js:112:18) {
    method: 'post',
    path: '/guilds/812523059122274384/channels',
    code: 50013,
    httpStatus: 403
  }
}
------------------------------------
[CALLER: RequestHandler.js:154:13 | MS: 1613829995677 | DATE: 2/20/2021, 2:06:35 PM]
------------------------------------
DiscordAPIError: Missing Permissions
EXTRA INFO:
Promise {
  <rejected> DiscordAPIError: Missing Permissions
      at RequestHandler.execute (/home/container/node_modules/discord.js/src/rest/RequestHandler.js:154:13)
      at runMicrotasks (<anonymous>)
      at processTicksAndRejections (internal/process/task_queues.js:97:5)
      at async RequestHandler.push (/home/container/node_modules/discord.js/src/rest/RequestHandler.js:39:14)
      at async GuildChannelManager.create (/home/container/node_modules/discord.js/src/managers/GuildChannelManager.js:112:18) {
    method: 'post',
    path: '/guilds/812523059122274384/channels',
    code: 50013,
    httpStatus: 403
  }
}
------------------------------------
[CALLER: RequestHandler.js:154:13 | MS: 1613830025682 | DATE: 2/20/2021, 2:07:05 PM]
------------------------------------
DiscordAPIError: Missing Permissions
EXTRA INFO:
Promise {
  <rejected> DiscordAPIError: Missing Permissions
      at RequestHandler.execute (/home/container/node_modules/discord.js/src/rest/RequestHandler.js:154:13)
      at runMicrotasks (<anonymous>)
      at processTicksAndRejections (internal/process/task_queues.js:97:5)
      at async RequestHandler.push (/home/container/node_modules/discord.js/src/rest/RequestHandler.js:39:14)
      at async GuildChannelManager.create (/home/container/node_modules/discord.js/src/managers/GuildChannelManager.js:112:18) {
    method: 'post',
    path: '/guilds/812523059122274384/channels',
    code: 50013,
    httpStatus: 403
  }
}
------------------------------------
[CALLER: RequestHandler.js:154:13 | MS: 1613830055682 | DATE: 2/20/2021, 2:07:35 PM]
------------------------------------
DiscordAPIError: Missing Permissions
EXTRA INFO:
Promise {
  <rejected> DiscordAPIError: Missing Permissions
      at RequestHandler.execute (/home/container/node_modules/discord.js/src/rest/RequestHandler.js:154:13)
      at runMicrotasks (<anonymous>)
      at processTicksAndRejections (internal/process/task_queues.js:97:5)
      at async RequestHandler.push (/home/container/node_modules/discord.js/src/rest/RequestHandler.js:39:14)
      at async GuildChannelManager.create (/home/container/node_modules/discord.js/src/managers/GuildChannelManager.js:112:18) {
    method: 'post',
    path: '/guilds/812523059122274384/channels',
    code: 50013,
    httpStatus: 403
  }
}
------------------------------------
[CALLER: RequestHandler.js:154:13 | MS: 1613830085699 | DATE: 2/20/2021, 2:08:05 PM]
------------------------------------
DiscordAPIError: Missing Permissions
EXTRA INFO:
Promise {
  <rejected> DiscordAPIError: Missing Permissions
      at RequestHandler.execute (/home/container/node_modules/discord.js/src/rest/RequestHandler.js:154:13)
      at runMicrotasks (<anonymous>)
      at processTicksAndRejections (internal/process/task_queues.js:97:5)
      at async RequestHandler.push (/home/container/node_modules/discord.js/src/rest/RequestHandler.js:39:14)
      at async GuildChannelManager.create (/home/container/node_modules/discord.js/src/managers/GuildChannelManager.js:112:18) {
    method: 'post',
    path: '/guilds/812523059122274384/channels',
    code: 50013,
    httpStatus: 403
  }
}
------------------------------------
[CALLER: RequestHandler.js:154:13 | MS: 1613830115684 | DATE: 2/20/2021, 2:08:35 PM]
------------------------------------
DiscordAPIError: Missing Permissions
EXTRA INFO:
Promise {
  <rejected> DiscordAPIError: Missing Permissions
      at RequestHandler.execute (/home/container/node_modules/discord.js/src/rest/RequestHandler.js:154:13)
      at runMicrotasks (<anonymous>)
      at processTicksAndRejections (internal/process/task_queues.js:97:5)
      at async RequestHandler.push (/home/container/node_modules/discord.js/src/rest/RequestHandler.js:39:14)
      at async GuildChannelManager.create (/home/container/node_modules/discord.js/src/managers/GuildChannelManager.js:112:18) {
    method: 'post',
    path: '/guilds/812523059122274384/channels',
    code: 50013,
    httpStatus: 403
  }
}
------------------------------------
[CALLER: RequestHandler.js:154:13 | MS: 1613830145686 | DATE: 2/20/2021, 2:09:05 PM]
------------------------------------
DiscordAPIError: Missing Permissions
EXTRA INFO:
Promise {
  <rejected> DiscordAPIError: Missing Permissions
      at RequestHandler.execute (/home/container/node_modules/discord.js/src/rest/RequestHandler.js:154:13)
      at runMicrotasks (<anonymous>)
      at processTicksAndRejections (internal/process/task_queues.js:97:5)
      at async RequestHandler.push (/home/container/node_modules/discord.js/src/rest/RequestHandler.js:39:14)
      at async GuildChannelManager.create (/home/container/node_modules/discord.js/src/managers/GuildChannelManager.js:112:18) {
    method: 'post',
    path: '/guilds/812523059122274384/channels',
    code: 50013,
    httpStatus: 403
  }
}
------------------------------------
[CALLER: RequestHandler.js:154:13 | MS: 1613830175703 | DATE: 2/20/2021, 2:09:35 PM]
------------------------------------
DiscordAPIError: Missing Permissions
EXTRA INFO:
Promise {
  <rejected> DiscordAPIError: Missing Permissions
      at RequestHandler.execute (/home/container/node_modules/discord.js/src/rest/RequestHandler.js:154:13)
      at runMicrotasks (<anonymous>)
      at processTicksAndRejections (internal/process/task_queues.js:97:5)
      at async RequestHandler.push (/home/container/node_modules/discord.js/src/rest/RequestHandler.js:39:14)
      at async GuildChannelManager.create (/home/container/node_modules/discord.js/src/managers/GuildChannelManager.js:112:18) {
    method: 'post',
    path: '/guilds/812523059122274384/channels',
    code: 50013,
    httpStatus: 403
  }
}
------------------------------------
[CALLER: RequestHandler.js:154:13 | MS: 1613830205697 | DATE: 2/20/2021, 2:10:05 PM]
------------------------------------
DiscordAPIError: Missing Permissions
EXTRA INFO:
Promise {
  <rejected> DiscordAPIError: Missing Permissions
      at RequestHandler.execute (/home/container/node_modules/discord.js/src/rest/RequestHandler.js:154:13)
      at runMicrotasks (<anonymous>)
      at processTicksAndRejections (internal/process/task_queues.js:97:5)
      at async RequestHandler.push (/home/container/node_modules/discord.js/src/rest/RequestHandler.js:39:14)
      at async GuildChannelManager.create (/home/container/node_modules/discord.js/src/managers/GuildChannelManager.js:112:18) {
    method: 'post',
    path: '/guilds/812523059122274384/channels',
    code: 50013,
    httpStatus: 403
  }
}
------------------------------------
[CALLER: RequestHandler.js:154:13 | MS: 1613830235686 | DATE: 2/20/2021, 2:10:35 PM]
------------------------------------
DiscordAPIError: Missing Permissions
EXTRA INFO:
Promise {
  <rejected> DiscordAPIError: Missing Permissions
      at RequestHandler.execute (/home/container/node_modules/discord.js/src/rest/RequestHandler.js:154:13)
      at runMicrotasks (<anonymous>)
      at processTicksAndRejections (internal/process/task_queues.js:97:5)
      at async RequestHandler.push (/home/container/node_modules/discord.js/src/rest/RequestHandler.js:39:14)
      at async GuildChannelManager.create (/home/container/node_modules/discord.js/src/managers/GuildChannelManager.js:112:18) {
    method: 'post',
    path: '/guilds/812523059122274384/channels',
    code: 50013,
    httpStatus: 403
  }
}
------------------------------------
[CALLER: RequestHandler.js:154:13 | MS: 1613830265689 | DATE: 2/20/2021, 2:11:05 PM]
------------------------------------
DiscordAPIError: Missing Permissions
EXTRA INFO:
Promise {
  <rejected> DiscordAPIError: Missing Permissions
      at RequestHandler.execute (/home/container/node_modules/discord.js/src/rest/RequestHandler.js:154:13)
      at runMicrotasks (<anonymous>)
      at processTicksAndRejections (internal/process/task_queues.js:97:5)
      at async RequestHandler.push (/home/container/node_modules/discord.js/src/rest/RequestHandler.js:39:14)
      at async GuildChannelManager.create (/home/container/node_modules/discord.js/src/managers/GuildChannelManager.js:112:18) {
    method: 'post',
    path: '/guilds/812523059122274384/channels',
    code: 50013,
    httpStatus: 403
  }
}
------------------------------------
[CALLER: RequestHandler.js:154:13 | MS: 1613830295694 | DATE: 2/20/2021, 2:11:35 PM]
------------------------------------
DiscordAPIError: Missing Permissions
EXTRA INFO:
Promise {
  <rejected> DiscordAPIError: Missing Permissions
      at RequestHandler.execute (/home/container/node_modules/discord.js/src/rest/RequestHandler.js:154:13)
      at runMicrotasks (<anonymous>)
      at processTicksAndRejections (internal/process/task_queues.js:97:5)
      at async RequestHandler.push (/home/container/node_modules/discord.js/src/rest/RequestHandler.js:39:14)
      at async GuildChannelManager.create (/home/container/node_modules/discord.js/src/managers/GuildChannelManager.js:112:18) {
    method: 'post',
    path: '/guilds/812523059122274384/channels',
    code: 50013,
    httpStatus: 403
  }
}
------------------------------------
[CALLER: RequestHandler.js:154:13 | MS: 1613830325696 | DATE: 2/20/2021, 2:12:05 PM]
------------------------------------
DiscordAPIError: Missing Permissions
EXTRA INFO:
Promise {
  <rejected> DiscordAPIError: Missing Permissions
      at RequestHandler.execute (/home/container/node_modules/discord.js/src/rest/RequestHandler.js:154:13)
      at runMicrotasks (<anonymous>)
      at processTicksAndRejections (internal/process/task_queues.js:97:5)
      at async RequestHandler.push (/home/container/node_modules/discord.js/src/rest/RequestHandler.js:39:14)
      at async GuildChannelManager.create (/home/container/node_modules/discord.js/src/managers/GuildChannelManager.js:112:18) {
    method: 'post',
    path: '/guilds/812523059122274384/channels',
    code: 50013,
    httpStatus: 403
  }
}
------------------------------------
[CALLER: RequestHandler.js:154:13 | MS: 1613830355730 | DATE: 2/20/2021, 2:12:35 PM]
------------------------------------
DiscordAPIError: Missing Permissions
EXTRA INFO:
Promise {
  <rejected> DiscordAPIError: Missing Permissions
      at RequestHandler.execute (/home/container/node_modules/discord.js/src/rest/RequestHandler.js:154:13)
      at runMicrotasks (<anonymous>)
      at processTicksAndRejections (internal/process/task_queues.js:97:5)
      at async RequestHandler.push (/home/container/node_modules/discord.js/src/rest/RequestHandler.js:39:14)
      at async GuildChannelManager.create (/home/container/node_modules/discord.js/src/managers/GuildChannelManager.js:112:18) {
    method: 'post',
    path: '/guilds/812523059122274384/channels',
    code: 50013,
    httpStatus: 403
  }
}
------------------------------------
[CALLER: RequestHandler.js:154:13 | MS: 1613830385688 | DATE: 2/20/2021, 2:13:05 PM]
------------------------------------
DiscordAPIError: Missing Permissions
EXTRA INFO:
Promise {
  <rejected> DiscordAPIError: Missing Permissions
      at RequestHandler.execute (/home/container/node_modules/discord.js/src/rest/RequestHandler.js:154:13)
      at runMicrotasks (<anonymous>)
      at processTicksAndRejections (internal/process/task_queues.js:97:5)
      at async RequestHandler.push (/home/container/node_modules/discord.js/src/rest/RequestHandler.js:39:14)
      at async GuildChannelManager.create (/home/container/node_modules/discord.js/src/managers/GuildChannelManager.js:112:18) {
    method: 'post',
    path: '/guilds/812523059122274384/channels',
    code: 50013,
    httpStatus: 403
  }
}
------------------------------------
[CALLER: RequestHandler.js:154:13 | MS: 1613830415689 | DATE: 2/20/2021, 2:13:35 PM]
------------------------------------
DiscordAPIError: Missing Permissions
EXTRA INFO:
Promise {
  <rejected> DiscordAPIError: Missing Permissions
      at RequestHandler.execute (/home/container/node_modules/discord.js/src/rest/RequestHandler.js:154:13)
      at runMicrotasks (<anonymous>)
      at processTicksAndRejections (internal/process/task_queues.js:97:5)
      at async RequestHandler.push (/home/container/node_modules/discord.js/src/rest/RequestHandler.js:39:14)
      at async GuildChannelManager.create (/home/container/node_modules/discord.js/src/managers/GuildChannelManager.js:112:18) {
    method: 'post',
    path: '/guilds/812523059122274384/channels',
    code: 50013,
    httpStatus: 403
  }
}
------------------------------------
[CALLER: RequestHandler.js:154:13 | MS: 1613830445701 | DATE: 2/20/2021, 2:14:05 PM]
------------------------------------
DiscordAPIError: Missing Permissions
EXTRA INFO:
Promise {
  <rejected> DiscordAPIError: Missing Permissions
      at RequestHandler.execute (/home/container/node_modules/discord.js/src/rest/RequestHandler.js:154:13)
      at runMicrotasks (<anonymous>)
      at processTicksAndRejections (internal/process/task_queues.js:97:5)
      at async RequestHandler.push (/home/container/node_modules/discord.js/src/rest/RequestHandler.js:39:14)
      at async GuildChannelManager.create (/home/container/node_modules/discord.js/src/managers/GuildChannelManager.js:112:18) {
    method: 'post',
    path: '/guilds/812523059122274384/channels',
    code: 50013,
    httpStatus: 403
  }
}
------------------------------------
[CALLER: RequestHandler.js:154:13 | MS: 1613830475695 | DATE: 2/20/2021, 2:14:35 PM]
------------------------------------
DiscordAPIError: Missing Permissions
EXTRA INFO:
Promise {
  <rejected> DiscordAPIError: Missing Permissions
      at RequestHandler.execute (/home/container/node_modules/discord.js/src/rest/RequestHandler.js:154:13)
      at runMicrotasks (<anonymous>)
      at processTicksAndRejections (internal/process/task_queues.js:97:5)
      at async RequestHandler.push (/home/container/node_modules/discord.js/src/rest/RequestHandler.js:39:14)
      at async GuildChannelManager.create (/home/container/node_modules/discord.js/src/managers/GuildChannelManager.js:112:18) {
    method: 'post',
    path: '/guilds/812523059122274384/channels',
    code: 50013,
    httpStatus: 403
  }
}
------------------------------------
[CALLER: RequestHandler.js:154:13 | MS: 1613830505705 | DATE: 2/20/2021, 2:15:05 PM]
------------------------------------
DiscordAPIError: Missing Permissions
EXTRA INFO:
Promise {
  <rejected> DiscordAPIError: Missing Permissions
      at RequestHandler.execute (/home/container/node_modules/discord.js/src/rest/RequestHandler.js:154:13)
      at runMicrotasks (<anonymous>)
      at processTicksAndRejections (internal/process/task_queues.js:97:5)
      at async RequestHandler.push (/home/container/node_modules/discord.js/src/rest/RequestHandler.js:39:14)
      at async GuildChannelManager.create (/home/container/node_modules/discord.js/src/managers/GuildChannelManager.js:112:18) {
    method: 'post',
    path: '/guilds/812523059122274384/channels',
    code: 50013,
    httpStatus: 403
  }
}
------------------------------------
[CALLER: RequestHandler.js:154:13 | MS: 1613830535721 | DATE: 2/20/2021, 2:15:35 PM]
------------------------------------
DiscordAPIError: Missing Permissions
EXTRA INFO:
Promise {
  <rejected> DiscordAPIError: Missing Permissions
      at RequestHandler.execute (/home/container/node_modules/discord.js/src/rest/RequestHandler.js:154:13)
      at runMicrotasks (<anonymous>)
      at processTicksAndRejections (internal/process/task_queues.js:97:5)
      at async RequestHandler.push (/home/container/node_modules/discord.js/src/rest/RequestHandler.js:39:14)
      at async GuildChannelManager.create (/home/container/node_modules/discord.js/src/managers/GuildChannelManager.js:112:18) {
    method: 'post',
    path: '/guilds/812523059122274384/channels',
    code: 50013,
    httpStatus: 403
  }
}
------------------------------------
[CALLER: RequestHandler.js:154:13 | MS: 1613830565686 | DATE: 2/20/2021, 2:16:05 PM]
------------------------------------
DiscordAPIError: Missing Permissions
EXTRA INFO:
Promise {
  <rejected> DiscordAPIError: Missing Permissions
      at RequestHandler.execute (/home/container/node_modules/discord.js/src/rest/RequestHandler.js:154:13)
      at runMicrotasks (<anonymous>)
      at processTicksAndRejections (internal/process/task_queues.js:97:5)
      at async RequestHandler.push (/home/container/node_modules/discord.js/src/rest/RequestHandler.js:39:14)
      at async GuildChannelManager.create (/home/container/node_modules/discord.js/src/managers/GuildChannelManager.js:112:18) {
    method: 'post',
    path: '/guilds/812523059122274384/channels',
    code: 50013,
    httpStatus: 403
  }
}
------------------------------------
[CALLER: RequestHandler.js:154:13 | MS: 1613830595711 | DATE: 2/20/2021, 2:16:35 PM]
------------------------------------
DiscordAPIError: Missing Permissions
EXTRA INFO:
Promise {
  <rejected> DiscordAPIError: Missing Permissions
      at RequestHandler.execute (/home/container/node_modules/discord.js/src/rest/RequestHandler.js:154:13)
      at runMicrotasks (<anonymous>)
      at processTicksAndRejections (internal/process/task_queues.js:97:5)
      at async RequestHandler.push (/home/container/node_modules/discord.js/src/rest/RequestHandler.js:39:14)
      at async GuildChannelManager.create (/home/container/node_modules/discord.js/src/managers/GuildChannelManager.js:112:18) {
    method: 'post',
    path: '/guilds/812523059122274384/channels',
    code: 50013,
    httpStatus: 403
  }
}
------------------------------------
[CALLER: RequestHandler.js:154:13 | MS: 1613830625701 | DATE: 2/20/2021, 2:17:05 PM]
------------------------------------
DiscordAPIError: Missing Permissions
EXTRA INFO:
Promise {
  <rejected> DiscordAPIError: Missing Permissions
      at RequestHandler.execute (/home/container/node_modules/discord.js/src/rest/RequestHandler.js:154:13)
      at runMicrotasks (<anonymous>)
      at processTicksAndRejections (internal/process/task_queues.js:97:5)
      at async RequestHandler.push (/home/container/node_modules/discord.js/src/rest/RequestHandler.js:39:14)
      at async GuildChannelManager.create (/home/container/node_modules/discord.js/src/managers/GuildChannelManager.js:112:18) {
    method: 'post',
    path: '/guilds/812523059122274384/channels',
    code: 50013,
    httpStatus: 403
  }
}
------------------------------------
[CALLER: RequestHandler.js:154:13 | MS: 1613830655730 | DATE: 2/20/2021, 2:17:35 PM]
------------------------------------
DiscordAPIError: Missing Permissions
EXTRA INFO:
Promise {
  <rejected> DiscordAPIError: Missing Permissions
      at RequestHandler.execute (/home/container/node_modules/discord.js/src/rest/RequestHandler.js:154:13)
      at runMicrotasks (<anonymous>)
      at processTicksAndRejections (internal/process/task_queues.js:97:5)
      at async RequestHandler.push (/home/container/node_modules/discord.js/src/rest/RequestHandler.js:39:14)
      at async GuildChannelManager.create (/home/container/node_modules/discord.js/src/managers/GuildChannelManager.js:112:18) {
    method: 'post',
    path: '/guilds/812523059122274384/channels',
    code: 50013,
    httpStatus: 403
  }
}
------------------------------------
[CALLER: RequestHandler.js:154:13 | MS: 1613830685689 | DATE: 2/20/2021, 2:18:05 PM]
------------------------------------
DiscordAPIError: Missing Permissions
EXTRA INFO:
Promise {
  <rejected> DiscordAPIError: Missing Permissions
      at RequestHandler.execute (/home/container/node_modules/discord.js/src/rest/RequestHandler.js:154:13)
      at runMicrotasks (<anonymous>)
      at processTicksAndRejections (internal/process/task_queues.js:97:5)
      at async RequestHandler.push (/home/container/node_modules/discord.js/src/rest/RequestHandler.js:39:14)
      at async GuildChannelManager.create (/home/container/node_modules/discord.js/src/managers/GuildChannelManager.js:112:18) {
    method: 'post',
    path: '/guilds/812523059122274384/channels',
    code: 50013,
    httpStatus: 403
  }
}
------------------------------------
[CALLER: RequestHandler.js:154:13 | MS: 1613830715693 | DATE: 2/20/2021, 2:18:35 PM]
------------------------------------
DiscordAPIError: Missing Permissions
EXTRA INFO:
Promise {
  <rejected> DiscordAPIError: Missing Permissions
      at RequestHandler.execute (/home/container/node_modules/discord.js/src/rest/RequestHandler.js:154:13)
      at runMicrotasks (<anonymous>)
      at processTicksAndRejections (internal/process/task_queues.js:97:5)
      at async RequestHandler.push (/home/container/node_modules/discord.js/src/rest/RequestHandler.js:39:14)
      at async GuildChannelManager.create (/home/container/node_modules/discord.js/src/managers/GuildChannelManager.js:112:18) {
    method: 'post',
    path: '/guilds/812523059122274384/channels',
    code: 50013,
    httpStatus: 403
  }
}
------------------------------------
[CALLER: RequestHandler.js:154:13 | MS: 1613830745698 | DATE: 2/20/2021, 2:19:05 PM]
------------------------------------
DiscordAPIError: Missing Permissions
EXTRA INFO:
Promise {
  <rejected> DiscordAPIError: Missing Permissions
      at RequestHandler.execute (/home/container/node_modules/discord.js/src/rest/RequestHandler.js:154:13)
      at runMicrotasks (<anonymous>)
      at processTicksAndRejections (internal/process/task_queues.js:97:5)
      at async RequestHandler.push (/home/container/node_modules/discord.js/src/rest/RequestHandler.js:39:14)
      at async GuildChannelManager.create (/home/container/node_modules/discord.js/src/managers/GuildChannelManager.js:112:18) {
    method: 'post',
    path: '/guilds/812523059122274384/channels',
    code: 50013,
    httpStatus: 403
  }
}
------------------------------------
[CALLER: RequestHandler.js:154:13 | MS: 1613830775739 | DATE: 2/20/2021, 2:19:35 PM]
------------------------------------
DiscordAPIError: Missing Permissions
EXTRA INFO:
Promise {
  <rejected> DiscordAPIError: Missing Permissions
      at RequestHandler.execute (/home/container/node_modules/discord.js/src/rest/RequestHandler.js:154:13)
      at runMicrotasks (<anonymous>)
      at processTicksAndRejections (internal/process/task_queues.js:97:5)
      at async RequestHandler.push (/home/container/node_modules/discord.js/src/rest/RequestHandler.js:39:14)
      at async GuildChannelManager.create (/home/container/node_modules/discord.js/src/managers/GuildChannelManager.js:112:18) {
    method: 'post',
    path: '/guilds/812523059122274384/channels',
    code: 50013,
    httpStatus: 403
  }
}
------------------------------------
[CALLER: RequestHandler.js:154:13 | MS: 1613830805706 | DATE: 2/20/2021, 2:20:05 PM]
------------------------------------
DiscordAPIError: Missing Permissions
EXTRA INFO:
Promise {
  <rejected> DiscordAPIError: Missing Permissions
      at RequestHandler.execute (/home/container/node_modules/discord.js/src/rest/RequestHandler.js:154:13)
      at runMicrotasks (<anonymous>)
      at processTicksAndRejections (internal/process/task_queues.js:97:5)
      at async RequestHandler.push (/home/container/node_modules/discord.js/src/rest/RequestHandler.js:39:14)
      at async GuildChannelManager.create (/home/container/node_modules/discord.js/src/managers/GuildChannelManager.js:112:18) {
    method: 'post',
    path: '/guilds/812523059122274384/channels',
    code: 50013,
    httpStatus: 403
  }
}
------------------------------------
[CALLER: RequestHandler.js:154:13 | MS: 1613830829360 | DATE: 2/20/2021, 2:20:29 PM]
------------------------------------
DiscordAPIError: Missing Permissions
EXTRA INFO:
Promise {
  <rejected> DiscordAPIError: Missing Permissions
      at RequestHandler.execute (/home/container/node_modules/discord.js/src/rest/RequestHandler.js:154:13)
      at processTicksAndRejections (internal/process/task_queues.js:97:5)
      at async RequestHandler.push (/home/container/node_modules/discord.js/src/rest/RequestHandler.js:39:14)
      at async GuildChannelManager.create (/home/container/node_modules/discord.js/src/managers/GuildChannelManager.js:112:18) {
    method: 'post',
    path: '/guilds/812523059122274384/channels',
    code: 50013,
    httpStatus: 403
  }
}
------------------------------------
[CALLER: RequestHandler.js:154:13 | MS: 1613830829363 | DATE: 2/20/2021, 2:20:29 PM]
------------------------------------
DiscordAPIError: Missing Permissions
EXTRA INFO:
Promise {
  <rejected> DiscordAPIError: Missing Permissions
      at RequestHandler.execute (/home/container/node_modules/discord.js/src/rest/RequestHandler.js:154:13)
      at processTicksAndRejections (internal/process/task_queues.js:97:5)
      at async RequestHandler.push (/home/container/node_modules/discord.js/src/rest/RequestHandler.js:39:14) {
    method: 'get',
    path: '/guilds/812523059122274384/invites',
    code: 50013,
    httpStatus: 403
  }
}
------------------------------------
[CALLER: raw.js:19:57 | MS: 1613831706384 | DATE: 2/20/2021, 2:35:06 PM]
-------------------------------------------------
TypeError: Cannot read property 'id' of undefined
EXTRA INFO:
Promise {
  <rejected> TypeError: Cannot read property 'id' of undefined
      at module.exports (/home/container/events/raw.js:19:57)
      at processTicksAndRejections (internal/process/task_queues.js:97:5)
}
-------------------------------------------------
[CALLER: raw.js:19:57 | MS: 1613831706714 | DATE: 2/20/2021, 2:35:06 PM]
-------------------------------------------------
TypeError: Cannot read property 'id' of undefined
EXTRA INFO:
Promise {
  <rejected> TypeError: Cannot read property 'id' of undefined
      at module.exports (/home/container/events/raw.js:19:57)
      at processTicksAndRejections (internal/process/task_queues.js:97:5)
}
-------------------------------------------------
[CALLER: raw.js:19:57 | MS: 1613831707453 | DATE: 2/20/2021, 2:35:07 PM]
-------------------------------------------------
TypeError: Cannot read property 'id' of undefined
EXTRA INFO:
Promise {
  <rejected> TypeError: Cannot read property 'id' of undefined
      at module.exports (/home/container/events/raw.js:19:57)
      at processTicksAndRejections (internal/process/task_queues.js:97:5)
}
-------------------------------------------------
[CALLER: raw.js:19:57 | MS: 1613831707677 | DATE: 2/20/2021, 2:35:07 PM]
-------------------------------------------------
TypeError: Cannot read property 'id' of undefined
EXTRA INFO:
Promise {
  <rejected> TypeError: Cannot read property 'id' of undefined
      at module.exports (/home/container/events/raw.js:19:57)
      at processTicksAndRejections (internal/process/task_queues.js:97:5)
}
-------------------------------------------------
[CALLER: raw.js:19:57 | MS: 1613831707809 | DATE: 2/20/2021, 2:35:07 PM]
-------------------------------------------------
TypeError: Cannot read property 'id' of undefined
EXTRA INFO:
Promise {
  <rejected> TypeError: Cannot read property 'id' of undefined
      at module.exports (/home/container/events/raw.js:19:57)
      at processTicksAndRejections (internal/process/task_queues.js:97:5)
}
-------------------------------------------------
[CALLER: RequestHandler.js:154:13 | MS: 1613831722259 | DATE: 2/20/2021, 2:35:22 PM]
-------------------------------
DiscordAPIError: Missing Access
EXTRA INFO:
Promise {
  <rejected> DiscordAPIError: Missing Access
      at RequestHandler.execute (/home/container/node_modules/discord.js/src/rest/RequestHandler.js:154:13)
      at processTicksAndRejections (internal/process/task_queues.js:97:5)
      at async RequestHandler.push (/home/container/node_modules/discord.js/src/rest/RequestHandler.js:39:14) {
    method: 'post',
    path: '/channels/812469281391378464/messages',
    code: 50001,
    httpStatus: 403
  }
}
-------------------------------
[CALLER: RequestHandler.js:154:13 | MS: 1613831722335 | DATE: 2/20/2021, 2:35:22 PM]
-------------------------------
DiscordAPIError: Missing Access
EXTRA INFO:
Promise {
  <rejected> DiscordAPIError: Missing Access
      at RequestHandler.execute (/home/container/node_modules/discord.js/src/rest/RequestHandler.js:154:13)
      at processTicksAndRejections (internal/process/task_queues.js:97:5)
      at async RequestHandler.push (/home/container/node_modules/discord.js/src/rest/RequestHandler.js:39:14) {
    method: 'post',
    path: '/channels/812469281391378464/messages',
    code: 50001,
    httpStatus: 403
  }
}
-------------------------------
[CALLER: RequestHandler.js:154:13 | MS: 1613961784425 | DATE: 2/22/2021, 2:43:04 AM]
--------------------------------
DiscordAPIError: Unknown Message
EXTRA INFO:
Promise {
  <rejected> DiscordAPIError: Unknown Message
      at RequestHandler.execute (/home/container/node_modules/discord.js/src/rest/RequestHandler.js:154:13)
      at runMicrotasks (<anonymous>)
      at processTicksAndRejections (internal/process/task_queues.js:97:5)
      at async RequestHandler.push (/home/container/node_modules/discord.js/src/rest/RequestHandler.js:39:14)
      at async MessageManager.delete (/home/container/node_modules/discord.js/src/managers/MessageManager.js:126:5) {
    method: 'delete',
    path: '/channels/807278844813508628/messages/813239389320642620',
    code: 10008,
    httpStatus: 404
  }
}
--------------------------------
[CALLER: emojiDelete.js:10:14 | MS: 1614002499115 | DATE: 2/22/2021, 2:01:39 PM]
--------------------------------------
TypeError: logs.send is not a function
EXTRA INFO:
Promise {
  <rejected> TypeError: logs.send is not a function
      at module.exports (/home/container/events/emojiDelete.js:10:14)
      at Client.CallEvent (/home/container/modules/handlers/EventHandler.js:13:17)
      at Client.emit (events.js:314:20)
      at GuildEmojiDeleteAction.handle (/home/container/node_modules/discord.js/src/client/actions/GuildEmojiDelete.js:15:17)
      at GuildEmojisUpdateAction.handle (/home/container/node_modules/discord.js/src/client/actions/GuildEmojisUpdate.js:29:44)
      at Object.module.exports [as GUILD_EMOJIS_UPDATE] (/home/container/node_modules/discord.js/src/client/websocket/handlers/GUILD_EMOJIS_UPDATE.js:4:36)
      at WebSocketManager.handlePacket (/home/container/node_modules/discord.js/src/client/websocket/WebSocketManager.js:384:31)
      at WebSocketShard.onPacket (/home/container/node_modules/discord.js/src/client/websocket/WebSocketShard.js:444:22)
      at WebSocketShard.onMessage (/home/container/node_modules/discord.js/src/client/websocket/WebSocketShard.js:301:10)
      at WebSocket.onMessage (/home/container/node_modules/ws/lib/event-target.js:132:16)
      at WebSocket.emit (events.js:314:20)
      at Receiver.receiverOnMessage (/home/container/node_modules/ws/lib/websocket.js:825:20)
      at Receiver.emit (events.js:314:20)
      at Receiver.dataMessage (/home/container/node_modules/ws/lib/receiver.js:437:14)
      at Receiver.getData (/home/container/node_modules/ws/lib/receiver.js:367:17)
      at Receiver.startLoop (/home/container/node_modules/ws/lib/receiver.js:143:22)
      at Receiver._write (/home/container/node_modules/ws/lib/receiver.js:78:10)
      at doWrite (_stream_writable.js:403:12)
      at writeOrBuffer (_stream_writable.js:387:5)
      at Receiver.Writable.write (_stream_writable.js:318:11)
      at TLSSocket.socketOnData (/home/container/node_modules/ws/lib/websocket.js:900:35)
      at TLSSocket.emit (events.js:314:20)
}
--------------------------------------
[CALLER: emojiCreate.js:10:14 | MS: 1614008735615 | DATE: 2/22/2021, 3:45:35 PM]
--------------------------------------
TypeError: logs.send is not a function
EXTRA INFO:
Promise {
  <rejected> TypeError: logs.send is not a function
      at module.exports (/home/container/events/emojiCreate.js:10:14)
      at Client.CallEvent (/home/container/modules/handlers/EventHandler.js:13:17)
      at Client.emit (events.js:314:20)
      at GuildEmojiCreateAction.handle (/home/container/node_modules/discord.js/src/client/actions/GuildEmojiCreate.js:15:31)
      at GuildEmojisUpdateAction.handle (/home/container/node_modules/discord.js/src/client/actions/GuildEmojisUpdate.js:23:46)
      at Object.module.exports [as GUILD_EMOJIS_UPDATE] (/home/container/node_modules/discord.js/src/client/websocket/handlers/GUILD_EMOJIS_UPDATE.js:4:36)
      at WebSocketManager.handlePacket (/home/container/node_modules/discord.js/src/client/websocket/WebSocketManager.js:384:31)
      at WebSocketShard.onPacket (/home/container/node_modules/discord.js/src/client/websocket/WebSocketShard.js:444:22)
      at WebSocketShard.onMessage (/home/container/node_modules/discord.js/src/client/websocket/WebSocketShard.js:301:10)
      at WebSocket.onMessage (/home/container/node_modules/ws/lib/event-target.js:132:16)
      at WebSocket.emit (events.js:314:20)
      at Receiver.receiverOnMessage (/home/container/node_modules/ws/lib/websocket.js:825:20)
      at Receiver.emit (events.js:314:20)
      at Receiver.dataMessage (/home/container/node_modules/ws/lib/receiver.js:437:14)
      at Receiver.getData (/home/container/node_modules/ws/lib/receiver.js:367:17)
      at Receiver.startLoop (/home/container/node_modules/ws/lib/receiver.js:143:22)
      at Receiver._write (/home/container/node_modules/ws/lib/receiver.js:78:10)
      at doWrite (_stream_writable.js:403:12)
      at writeOrBuffer (_stream_writable.js:387:5)
      at Receiver.Writable.write (_stream_writable.js:318:11)
      at TLSSocket.socketOnData (/home/container/node_modules/ws/lib/websocket.js:900:35)
      at TLSSocket.emit (events.js:314:20)
}
--------------------------------------
[CALLER: RequestHandler.js:154:13 | MS: 1614008759356 | DATE: 2/22/2021, 3:45:59 PM]
--------------------------------
DiscordAPIError: Unknown Message
EXTRA INFO:
Promise {
  <rejected> DiscordAPIError: Unknown Message
      at RequestHandler.execute (/home/container/node_modules/discord.js/src/rest/RequestHandler.js:154:13)
      at runMicrotasks (<anonymous>)
      at processTicksAndRejections (internal/process/task_queues.js:97:5)
      at async RequestHandler.push (/home/container/node_modules/discord.js/src/rest/RequestHandler.js:39:14)
      at async MessageManager.delete (/home/container/node_modules/discord.js/src/managers/MessageManager.js:126:5) {
    method: 'delete',
    path: '/channels/787124341917220915/messages/813436414426873887',
    code: 10008,
    httpStatus: 404
  }
}
--------------------------------
